Archive member included because of file (symbol)

c:/altera/13.0sp1/nios2eds/bin/gnu/h-i686-mingw32/bin/../lib/gcc/nios2-elf/4.1.2/../../../../nios2-elf/lib/mno-hw-mul\libsmallc.a(lib_a-printf.o)
                              obj/default/hello_world.o (printf)
c:/altera/13.0sp1/nios2eds/bin/gnu/h-i686-mingw32/bin/../lib/gcc/nios2-elf/4.1.2/../../../../nios2-elf/lib/mno-hw-mul\libsmallc.a(lib_a-vfprintf.o)
                              c:/altera/13.0sp1/nios2eds/bin/gnu/h-i686-mingw32/bin/../lib/gcc/nios2-elf/4.1.2/../../../../nios2-elf/lib/mno-hw-mul\libsmallc.a(lib_a-printf.o) (___vfprintf_internal_r)
c:/altera/13.0sp1/nios2eds/bin/gnu/h-i686-mingw32/bin/../lib/gcc/nios2-elf/4.1.2/../../../../nios2-elf/lib/mno-hw-mul\libsmallc.a(lib_a-fvwrite_small_dev.o)
                              c:/altera/13.0sp1/nios2eds/bin/gnu/h-i686-mingw32/bin/../lib/gcc/nios2-elf/4.1.2/../../../../nios2-elf/lib/mno-hw-mul\libsmallc.a(lib_a-printf.o) (__sfvwrite_small_dev)
c:/altera/13.0sp1/nios2eds/bin/gnu/h-i686-mingw32/bin/../lib/gcc/nios2-elf/4.1.2/../../../../nios2-elf/lib/mno-hw-mul\libsmallc.a(lib_a-impure.o)
                              c:/altera/13.0sp1/nios2eds/bin/gnu/h-i686-mingw32/bin/../lib/gcc/nios2-elf/4.1.2/../../../../nios2-elf/lib/mno-hw-mul\libsmallc.a(lib_a-printf.o) (_impure_ptr)
c:/altera/13.0sp1/nios2eds/bin/gnu/h-i686-mingw32/bin/../lib/gcc/nios2-elf/4.1.2/../../../../nios2-elf/lib/mno-hw-mul\libsmallc.a(lib_a-strlen.o)
                              c:/altera/13.0sp1/nios2eds/bin/gnu/h-i686-mingw32/bin/../lib/gcc/nios2-elf/4.1.2/../../../../nios2-elf/lib/mno-hw-mul\libsmallc.a(lib_a-vfprintf.o) (strlen)
c:/altera/13.0sp1/nios2eds/bin/gnu/h-i686-mingw32/bin/../lib/gcc/nios2-elf/4.1.2/../../../../nios2-elf/lib/mno-hw-mul\libsmallc.a(lib_a-writer.o)
                              c:/altera/13.0sp1/nios2eds/bin/gnu/h-i686-mingw32/bin/../lib/gcc/nios2-elf/4.1.2/../../../../nios2-elf/lib/mno-hw-mul\libsmallc.a(lib_a-fvwrite_small_dev.o) (_write_r)
c:/altera/13.0sp1/nios2eds/bin/gnu/h-i686-mingw32/bin/../lib/gcc/nios2-elf/4.1.2/../../../../nios2-elf/lib/mno-hw-mul\libsmallc.a(lib_a-int_errno.o)
                              c:/altera/13.0sp1/nios2eds/bin/gnu/h-i686-mingw32/bin/../lib/gcc/nios2-elf/4.1.2/../../../../nios2-elf/lib/mno-hw-mul\libsmallc.a(lib_a-writer.o) (errno)
c:/altera/13.0sp1/nios2eds/bin/gnu/h-i686-mingw32/bin/../lib/gcc/nios2-elf/4.1.2/mno-hw-mul\libgcc.a(lib2-divmod.o)
                              c:/altera/13.0sp1/nios2eds/bin/gnu/h-i686-mingw32/bin/../lib/gcc/nios2-elf/4.1.2/../../../../nios2-elf/lib/mno-hw-mul\libsmallc.a(lib_a-vfprintf.o) (__udivsi3)
c:/altera/13.0sp1/nios2eds/bin/gnu/h-i686-mingw32/bin/../lib/gcc/nios2-elf/4.1.2/mno-hw-mul\libgcc.a(lib2-mul.o)
                              c:/altera/13.0sp1/nios2eds/bin/gnu/h-i686-mingw32/bin/../lib/gcc/nios2-elf/4.1.2/../../../../nios2-elf/lib/mno-hw-mul\libsmallc.a(lib_a-vfprintf.o) (__mulsi3)
../multiplicador_bsp/\libhal_bsp.a(alt_load.o)
                              ../multiplicador_bsp//obj/HAL/src/crt0.o (alt_load)
../multiplicador_bsp/\libhal_bsp.a(alt_main.o)
                              ../multiplicador_bsp//obj/HAL/src/crt0.o (alt_main)
../multiplicador_bsp/\libhal_bsp.a(alt_write.o)
                              c:/altera/13.0sp1/nios2eds/bin/gnu/h-i686-mingw32/bin/../lib/gcc/nios2-elf/4.1.2/../../../../nios2-elf/lib/mno-hw-mul\libsmallc.a(lib_a-writer.o) (write)
../multiplicador_bsp/\libhal_bsp.a(alt_sys_init.o)
                              ../multiplicador_bsp/\libhal_bsp.a(alt_main.o) (alt_irq_init)
../multiplicador_bsp/\libhal_bsp.a(altera_avalon_jtag_uart_fd.o)
                              ../multiplicador_bsp/\libhal_bsp.a(alt_sys_init.o) (altera_avalon_jtag_uart_read_fd)
../multiplicador_bsp/\libhal_bsp.a(altera_avalon_jtag_uart_read.o)
                              ../multiplicador_bsp/\libhal_bsp.a(altera_avalon_jtag_uart_fd.o) (altera_avalon_jtag_uart_read)
../multiplicador_bsp/\libhal_bsp.a(altera_avalon_jtag_uart_write.o)
                              ../multiplicador_bsp/\libhal_bsp.a(altera_avalon_jtag_uart_fd.o) (altera_avalon_jtag_uart_write)
../multiplicador_bsp/\libhal_bsp.a(perf_print_formatted_report.o)
                              obj/default/hello_world.o (perf_print_formatted_report)
../multiplicador_bsp/\libhal_bsp.a(alt_close.o)
                              ../multiplicador_bsp/\libhal_bsp.a(alt_main.o) (close)
../multiplicador_bsp/\libhal_bsp.a(alt_dcache_flush_all.o)
                              ../multiplicador_bsp/\libhal_bsp.a(alt_load.o) (alt_dcache_flush_all)
../multiplicador_bsp/\libhal_bsp.a(alt_dev.o)
                              ../multiplicador_bsp/\libhal_bsp.a(alt_sys_init.o) (alt_dev_list)
../multiplicador_bsp/\libhal_bsp.a(alt_dev_llist_insert.o)
                              ../multiplicador_bsp/\libhal_bsp.a(alt_sys_init.o) (alt_dev_llist_insert)
../multiplicador_bsp/\libhal_bsp.a(alt_errno.o)
                              ../multiplicador_bsp/\libhal_bsp.a(alt_write.o) (alt_errno)
../multiplicador_bsp/\libhal_bsp.a(alt_icache_flush_all.o)
                              ../multiplicador_bsp/\libhal_bsp.a(alt_load.o) (alt_icache_flush_all)
../multiplicador_bsp/\libhal_bsp.a(alt_io_redirect.o)
                              ../multiplicador_bsp/\libhal_bsp.a(alt_main.o) (alt_io_redirect)
../multiplicador_bsp/\libhal_bsp.a(alt_open.o)
                              ../multiplicador_bsp/\libhal_bsp.a(alt_io_redirect.o) (open)
../multiplicador_bsp/\libhal_bsp.a(alt_release_fd.o)
                              ../multiplicador_bsp/\libhal_bsp.a(alt_close.o) (alt_release_fd)
../multiplicador_bsp/\libhal_bsp.a(altera_nios2_qsys_irq.o)
                              ../multiplicador_bsp/\libhal_bsp.a(alt_sys_init.o) (altera_nios2_qsys_irq_init)
../multiplicador_bsp/\libhal_bsp.a(altera_avalon_performance_counter.o)
                              ../multiplicador_bsp/\libhal_bsp.a(perf_print_formatted_report.o) (perf_get_section_time)
../multiplicador_bsp/\libhal_bsp.a(alt_find_dev.o)
                              ../multiplicador_bsp/\libhal_bsp.a(alt_open.o) (alt_find_dev)
../multiplicador_bsp/\libhal_bsp.a(alt_find_file.o)
                              ../multiplicador_bsp/\libhal_bsp.a(alt_open.o) (alt_find_file)
../multiplicador_bsp/\libhal_bsp.a(alt_get_fd.o)
                              ../multiplicador_bsp/\libhal_bsp.a(alt_open.o) (alt_get_fd)
c:/altera/13.0sp1/nios2eds/bin/gnu/h-i686-mingw32/bin/../lib/gcc/nios2-elf/4.1.2/../../../../nios2-elf/lib/mno-hw-mul\libsmallc.a(lib_a-exit.o)
                              ../multiplicador_bsp/\libhal_bsp.a(alt_main.o) (exit)
c:/altera/13.0sp1/nios2eds/bin/gnu/h-i686-mingw32/bin/../lib/gcc/nios2-elf/4.1.2/../../../../nios2-elf/lib/mno-hw-mul\libsmallc.a(lib_a-memcmp.o)
                              ../multiplicador_bsp/\libhal_bsp.a(alt_find_dev.o) (memcmp)
c:/altera/13.0sp1/nios2eds/bin/gnu/h-i686-mingw32/bin/../lib/gcc/nios2-elf/4.1.2/../../../../nios2-elf/lib/mno-hw-mul\libsmallc.a(lib_a-puts.o)
                              ../multiplicador_bsp/\libhal_bsp.a(perf_print_formatted_report.o) (puts)
c:/altera/13.0sp1/nios2eds/bin/gnu/h-i686-mingw32/bin/../lib/gcc/nios2-elf/4.1.2/../../../../nios2-elf/lib/mno-hw-mul\libsmallc.a(lib_a-__call_atexit.o)
                              c:/altera/13.0sp1/nios2eds/bin/gnu/h-i686-mingw32/bin/../lib/gcc/nios2-elf/4.1.2/../../../../nios2-elf/lib/mno-hw-mul\libsmallc.a(lib_a-exit.o) (__call_exitprocs)
c:/altera/13.0sp1/nios2eds/bin/gnu/h-i686-mingw32/bin/../lib/gcc/nios2-elf/4.1.2/mno-hw-mul\libgcc.a(_muldi3.o)
                              ../multiplicador_bsp/\libhal_bsp.a(perf_print_formatted_report.o) (__muldi3)
c:/altera/13.0sp1/nios2eds/bin/gnu/h-i686-mingw32/bin/../lib/gcc/nios2-elf/4.1.2/mno-hw-mul\libgcc.a(_udivdi3.o)
                              ../multiplicador_bsp/\libhal_bsp.a(perf_print_formatted_report.o) (__udivdi3)
c:/altera/13.0sp1/nios2eds/bin/gnu/h-i686-mingw32/bin/../lib/gcc/nios2-elf/4.1.2/mno-hw-mul\libgcc.a(_clz.o)
                              c:/altera/13.0sp1/nios2eds/bin/gnu/h-i686-mingw32/bin/../lib/gcc/nios2-elf/4.1.2/mno-hw-mul\libgcc.a(_udivdi3.o) (__clz_tab)
../multiplicador_bsp/\libhal_bsp.a(alt_exit.o)
                              c:/altera/13.0sp1/nios2eds/bin/gnu/h-i686-mingw32/bin/../lib/gcc/nios2-elf/4.1.2/../../../../nios2-elf/lib/mno-hw-mul\libsmallc.a(lib_a-exit.o) (_exit)

Allocating common symbols
Common symbol       size              file

errno               0x4               c:/altera/13.0sp1/nios2eds/bin/gnu/h-i686-mingw32/bin/../lib/gcc/nios2-elf/4.1.2/../../../../nios2-elf/lib/mno-hw-mul\libsmallc.a(lib_a-int_errno.o)

Memory Configuration

Name             Origin             Length             Attributes
reset            0x00010000         0x00000020
ram              0x00010020         0x00009fe0
*default*        0x00000000         0xffffffff

Linker script and memory map

LOAD ../multiplicador_bsp//obj/HAL/src/crt0.o
LOAD obj/default/hello_world.o
LOAD c:/altera/13.0sp1/nios2eds/bin/gnu/h-i686-mingw32/bin/../lib/gcc/nios2-elf/4.1.2/../../../../nios2-elf/lib/mno-hw-mul\libstdc++.a
LOAD c:/altera/13.0sp1/nios2eds/bin/gnu/h-i686-mingw32/bin/../lib/gcc/nios2-elf/4.1.2/../../../../nios2-elf/lib/mno-hw-mul\libm.a
LOAD c:/altera/13.0sp1/nios2eds/bin/gnu/h-i686-mingw32/bin/../lib/gcc/nios2-elf/4.1.2/mno-hw-mul\libgcc.a
START GROUP
LOAD c:/altera/13.0sp1/nios2eds/bin/gnu/h-i686-mingw32/bin/../lib/gcc/nios2-elf/4.1.2/../../../../nios2-elf/lib/mno-hw-mul\libsmallc.a
LOAD c:/altera/13.0sp1/nios2eds/bin/gnu/h-i686-mingw32/bin/../lib/gcc/nios2-elf/4.1.2/mno-hw-mul\libgcc.a
LOAD ../multiplicador_bsp/\libhal_bsp.a
END GROUP
LOAD c:/altera/13.0sp1/nios2eds/bin/gnu/h-i686-mingw32/bin/../lib/gcc/nios2-elf/4.1.2/mno-hw-mul\libgcc.a
                0x00010000                __alt_mem_ram = 0x10000

.entry          0x00010000       0x20
 *(.entry)
 .entry         0x00010000       0x20 ../multiplicador_bsp//obj/HAL/src/crt0.o
                0x00010000                __reset

.exceptions     0x00010020        0x0
                0x00010020                PROVIDE (__ram_exceptions_start, ABSOLUTE (.))
                0x00010020                . = ALIGN (0x20)
 *(.irq)
 *(.exceptions.entry.label)
 *(.exceptions.entry.user)
 *(.exceptions.entry)
 *(.exceptions.irqtest.user)
 *(.exceptions.irqtest)
 *(.exceptions.irqhandler.user)
 *(.exceptions.irqhandler)
 *(.exceptions.irqreturn.user)
 *(.exceptions.irqreturn)
 *(.exceptions.notirq.label)
 *(.exceptions.notirq.user)
 *(.exceptions.notirq)
 *(.exceptions.soft.user)
 *(.exceptions.soft)
 *(.exceptions.unknown.user)
 *(.exceptions.unknown)
 *(.exceptions.exit.label)
 *(.exceptions.exit.user)
 *(.exceptions.exit)
 *(.exceptions)
                0x00010020                PROVIDE (__ram_exceptions_end, ABSOLUTE (.))
                0x00010020                PROVIDE (__flash_exceptions_start, LOADADDR (.exceptions))

.text           0x00010020     0x2ac8
                0x00010020                PROVIDE (stext, ABSOLUTE (.))
 *(.interp)
 *(.hash)
 *(.dynsym)
 *(.dynstr)
 *(.gnu.version)
 *(.gnu.version_d)
 *(.gnu.version_r)
 *(.rel.init)
 *(.rela.init)
 *(.rel.text .rel.text.* .rel.gnu.linkonce.t.*)
 *(.rela.text .rela.text.* .rela.gnu.linkonce.t.*)
 *(.rel.fini)
 *(.rela.fini)
 *(.rel.rodata .rel.rodata.* .rel.gnu.linkonce.r.*)
 *(.rela.rodata .rela.rodata.* .rela.gnu.linkonce.r.*)
 *(.rel.data .rel.data.* .rel.gnu.linkonce.d.*)
 *(.rela.data .rela.data.* .rela.gnu.linkonce.d.*)
 *(.rel.tdata .rel.tdata.* .rel.gnu.linkonce.td.*)
 *(.rela.tdata .rela.tdata.* .rela.gnu.linkonce.td.*)
 *(.rel.tbss .rel.tbss.* .rel.gnu.linkonce.tb.*)
 *(.rela.tbss .rela.tbss.* .rela.gnu.linkonce.tb.*)
 *(.rel.ctors)
 *(.rela.ctors)
 *(.rel.dtors)
 *(.rela.dtors)
 *(.rel.got)
 *(.rela.got)
 *(.rel.sdata .rel.sdata.* .rel.gnu.linkonce.s.*)
 *(.rela.sdata .rela.sdata.* .rela.gnu.linkonce.s.*)
 *(.rel.sbss .rel.sbss.* .rel.gnu.linkonce.sb.*)
 *(.rela.sbss .rela.sbss.* .rela.gnu.linkonce.sb.*)
 *(.rel.sdata2 .rel.sdata2.* .rel.gnu.linkonce.s2.*)
 *(.rela.sdata2 .rela.sdata2.* .rela.gnu.linkonce.s2.*)
 *(.rel.sbss2 .rel.sbss2.* .rel.gnu.linkonce.sb2.*)
 *(.rela.sbss2 .rela.sbss2.* .rela.gnu.linkonce.sb2.*)
 *(.rel.bss .rel.bss.* .rel.gnu.linkonce.b.*)
 *(.rela.bss .rela.bss.* .rela.gnu.linkonce.b.*)
 *(.rel.plt)
 *(.rela.plt)
 *(.rel.dyn)
 *(.init)
 *(.plt)
 *(.text .stub .text.* .gnu.linkonce.t.*)
 .text          0x00010020       0x3c ../multiplicador_bsp//obj/HAL/src/crt0.o
                0x00010020                _start
 .text          0x0001005c       0xd0 obj/default/hello_world.o
                0x0001005c                main
 .text          0x0001012c       0x98 c:/altera/13.0sp1/nios2eds/bin/gnu/h-i686-mingw32/bin/../lib/gcc/nios2-elf/4.1.2/../../../../nios2-elf/lib/mno-hw-mul\libsmallc.a(lib_a-printf.o)
                0x0001012c                printf
                0x00010180                _printf_r
 .text          0x000101c4      0x740 c:/altera/13.0sp1/nios2eds/bin/gnu/h-i686-mingw32/bin/../lib/gcc/nios2-elf/4.1.2/../../../../nios2-elf/lib/mno-hw-mul\libsmallc.a(lib_a-vfprintf.o)
                0x00010244                ___vfprintf_internal_r
                0x000108e0                __vfprintf_internal
 .text          0x00010904       0xbc c:/altera/13.0sp1/nios2eds/bin/gnu/h-i686-mingw32/bin/../lib/gcc/nios2-elf/4.1.2/../../../../nios2-elf/lib/mno-hw-mul\libsmallc.a(lib_a-fvwrite_small_dev.o)
                0x00010904                __sfvwrite_small_dev
 .text          0x000109c0        0x0 c:/altera/13.0sp1/nios2eds/bin/gnu/h-i686-mingw32/bin/../lib/gcc/nios2-elf/4.1.2/../../../../nios2-elf/lib/mno-hw-mul\libsmallc.a(lib_a-impure.o)
 .text          0x000109c0       0x20 c:/altera/13.0sp1/nios2eds/bin/gnu/h-i686-mingw32/bin/../lib/gcc/nios2-elf/4.1.2/../../../../nios2-elf/lib/mno-hw-mul\libsmallc.a(lib_a-strlen.o)
                0x000109c0                strlen
 .text          0x000109e0       0x78 c:/altera/13.0sp1/nios2eds/bin/gnu/h-i686-mingw32/bin/../lib/gcc/nios2-elf/4.1.2/../../../../nios2-elf/lib/mno-hw-mul\libsmallc.a(lib_a-writer.o)
                0x000109e0                _write_r
 .text          0x00010a58        0x0 c:/altera/13.0sp1/nios2eds/bin/gnu/h-i686-mingw32/bin/../lib/gcc/nios2-elf/4.1.2/../../../../nios2-elf/lib/mno-hw-mul\libsmallc.a(lib_a-int_errno.o)
 .text          0x00010a58      0x14c c:/altera/13.0sp1/nios2eds/bin/gnu/h-i686-mingw32/bin/../lib/gcc/nios2-elf/4.1.2/mno-hw-mul\libgcc.a(lib2-divmod.o)
                0x00010ad4                __divsi3
                0x00010b34                __modsi3
                0x00010b94                __udivsi3
                0x00010b9c                __umodsi3
 .text          0x00010ba4       0x38 c:/altera/13.0sp1/nios2eds/bin/gnu/h-i686-mingw32/bin/../lib/gcc/nios2-elf/4.1.2/mno-hw-mul\libgcc.a(lib2-mul.o)
                0x00010ba4                __mulsi3
 .text          0x00010bdc       0xec ../multiplicador_bsp/\libhal_bsp.a(alt_load.o)
                0x00010bdc                alt_load
 .text          0x00010cc8       0x5c ../multiplicador_bsp/\libhal_bsp.a(alt_main.o)
                0x00010cc8                alt_main
 .text          0x00010d24      0x184 ../multiplicador_bsp/\libhal_bsp.a(alt_write.o)
                0x00010d24                write
 .text          0x00010ea8       0xa8 ../multiplicador_bsp/\libhal_bsp.a(alt_sys_init.o)
                0x00010ea8                alt_irq_init
                0x00010edc                alt_sys_init
 .text          0x00010f50       0xb0 ../multiplicador_bsp/\libhal_bsp.a(altera_avalon_jtag_uart_fd.o)
                0x00010f50                altera_avalon_jtag_uart_read_fd
                0x00010fa8                altera_avalon_jtag_uart_write_fd
 .text          0x00011000      0x104 ../multiplicador_bsp/\libhal_bsp.a(altera_avalon_jtag_uart_read.o)
                0x00011000                altera_avalon_jtag_uart_read
 .text          0x00011104       0xa4 ../multiplicador_bsp/\libhal_bsp.a(altera_avalon_jtag_uart_write.o)
                0x00011104                altera_avalon_jtag_uart_write
 .text          0x000111a8      0x2dc ../multiplicador_bsp/\libhal_bsp.a(perf_print_formatted_report.o)
                0x000111a8                perf_print_formatted_report
 .text          0x00011484      0x160 ../multiplicador_bsp/\libhal_bsp.a(alt_close.o)
                0x00011484                close
 .text          0x000115e4       0x1c ../multiplicador_bsp/\libhal_bsp.a(alt_dcache_flush_all.o)
                0x000115e4                alt_dcache_flush_all
 .text          0x00011600       0x2c ../multiplicador_bsp/\libhal_bsp.a(alt_dev.o)
 .text          0x0001162c      0x114 ../multiplicador_bsp/\libhal_bsp.a(alt_dev_llist_insert.o)
                0x0001162c                alt_dev_llist_insert
 .text          0x00011740        0x0 ../multiplicador_bsp/\libhal_bsp.a(alt_errno.o)
 .text          0x00011740       0x1c ../multiplicador_bsp/\libhal_bsp.a(alt_icache_flush_all.o)
                0x00011740                alt_icache_flush_all
 .text          0x0001175c      0x150 ../multiplicador_bsp/\libhal_bsp.a(alt_io_redirect.o)
                0x00011834                alt_io_redirect
 .text          0x000118ac      0x2e4 ../multiplicador_bsp/\libhal_bsp.a(alt_open.o)
                0x000119a4                open
 .text          0x00011b90       0x78 ../multiplicador_bsp/\libhal_bsp.a(alt_release_fd.o)
                0x00011b90                alt_release_fd
 .text          0x00011c08       0x20 ../multiplicador_bsp/\libhal_bsp.a(altera_nios2_qsys_irq.o)
                0x00011c08                altera_nios2_qsys_irq_init
 .text          0x00011c28      0x188 ../multiplicador_bsp/\libhal_bsp.a(altera_avalon_performance_counter.o)
                0x00011c28                perf_get_section_time
                0x00011cd8                perf_get_total_time
                0x00011d2c                perf_get_num_starts
                0x00011d6c                alt_get_performance_counter_base
                0x00011d8c                alt_get_cpu_freq
 .text          0x00011db0       0x94 ../multiplicador_bsp/\libhal_bsp.a(alt_find_dev.o)
                0x00011db0                alt_find_dev
 .text          0x00011e44      0x120 ../multiplicador_bsp/\libhal_bsp.a(alt_find_file.o)
                0x00011e44                alt_find_file
 .text          0x00011f64       0xd0 ../multiplicador_bsp/\libhal_bsp.a(alt_get_fd.o)
                0x00011f64                alt_get_fd
 .text          0x00012034       0x20 c:/altera/13.0sp1/nios2eds/bin/gnu/h-i686-mingw32/bin/../lib/gcc/nios2-elf/4.1.2/../../../../nios2-elf/lib/mno-hw-mul\libsmallc.a(lib_a-exit.o)
                0x00012034                exit
 .text          0x00012054       0x3c c:/altera/13.0sp1/nios2eds/bin/gnu/h-i686-mingw32/bin/../lib/gcc/nios2-elf/4.1.2/../../../../nios2-elf/lib/mno-hw-mul\libsmallc.a(lib_a-memcmp.o)
                0x00012054                memcmp
 .text          0x00012090       0xa4 c:/altera/13.0sp1/nios2eds/bin/gnu/h-i686-mingw32/bin/../lib/gcc/nios2-elf/4.1.2/../../../../nios2-elf/lib/mno-hw-mul\libsmallc.a(lib_a-puts.o)
                0x00012090                _puts_r
                0x00012120                puts
 .text          0x00012134      0x1c0 c:/altera/13.0sp1/nios2eds/bin/gnu/h-i686-mingw32/bin/../lib/gcc/nios2-elf/4.1.2/../../../../nios2-elf/lib/mno-hw-mul\libsmallc.a(lib_a-__call_atexit.o)
                0x00012138                __call_exitprocs
 .text          0x000122f4      0x124 c:/altera/13.0sp1/nios2eds/bin/gnu/h-i686-mingw32/bin/../lib/gcc/nios2-elf/4.1.2/mno-hw-mul\libgcc.a(_muldi3.o)
                0x000122f4                __muldi3
 .text          0x00012418      0x66c c:/altera/13.0sp1/nios2eds/bin/gnu/h-i686-mingw32/bin/../lib/gcc/nios2-elf/4.1.2/mno-hw-mul\libgcc.a(_udivdi3.o)
                0x00012418                __udivdi3
 .text          0x00012a84        0x0 c:/altera/13.0sp1/nios2eds/bin/gnu/h-i686-mingw32/bin/../lib/gcc/nios2-elf/4.1.2/mno-hw-mul\libgcc.a(_clz.o)
 .text          0x00012a84       0x60 ../multiplicador_bsp/\libhal_bsp.a(alt_exit.o)
                0x00012ac4                _exit
 *(.gnu.warning.*)
 *(.fini)
                0x00012ae4                PROVIDE (__etext, ABSOLUTE (.))
                0x00012ae4                PROVIDE (_etext, ABSOLUTE (.))
                0x00012ae4                PROVIDE (etext, ABSOLUTE (.))
 *(.eh_frame_hdr)
                0x00012ae4                . = ALIGN (0x4)
                0x00012ae4                PROVIDE (__preinit_array_start, ABSOLUTE (.))
 *(.preinit_array)
                0x00012ae4                PROVIDE (__preinit_array_end, ABSOLUTE (.))
                0x00012ae4                PROVIDE (__init_array_start, ABSOLUTE (.))
 *(.init_array)
                0x00012ae4                PROVIDE (__init_array_end, ABSOLUTE (.))
                0x00012ae4                PROVIDE (__fini_array_start, ABSOLUTE (.))
 *(.fini_array)
                0x00012ae4                PROVIDE (__fini_array_end, ABSOLUTE (.))
 *(.eh_frame)
 *(.gcc_except_table)
 *(.dynamic)
                0x00012ae4                PROVIDE (__CTOR_LIST__, ABSOLUTE (.))
 *(.ctors)
 *(SORT(.ctors.*))
 .ctors.65535   0x00012ae4        0x4 c:/altera/13.0sp1/nios2eds/bin/gnu/h-i686-mingw32/bin/../lib/gcc/nios2-elf/4.1.2/../../../../nios2-elf/lib/mno-hw-mul\libsmallc.a(lib_a-__call_atexit.o)
                0x00012ae8                PROVIDE (__CTOR_END__, ABSOLUTE (.))
                0x00012ae8                PROVIDE (__DTOR_LIST__, ABSOLUTE (.))
 *(.dtors)
 *(SORT(.dtors.*))
                0x00012ae8                PROVIDE (__DTOR_END__, ABSOLUTE (.))
 *(.jcr)
                0x00012ae8                . = ALIGN (0x4)

.rodata         0x00012ae8      0x268
                0x00012ae8                PROVIDE (__ram_rodata_start, ABSOLUTE (.))
                0x00012ae8                . = ALIGN (0x4)
 *(.rodata .rodata.* .gnu.linkonce.r.*)
 .rodata        0x00012ae8       0x34 obj/default/hello_world.o
 .rodata        0x00012b1c        0xc ../multiplicador_bsp/\libhal_bsp.a(alt_main.o)
 .rodata        0x00012b28        0xc ../multiplicador_bsp/\libhal_bsp.a(alt_sys_init.o)
 .rodata        0x00012b34      0x10c ../multiplicador_bsp/\libhal_bsp.a(perf_print_formatted_report.o)
 .rodata        0x00012c40        0xc ../multiplicador_bsp/\libhal_bsp.a(alt_dev.o)
 .rodata.str1.4
                0x00012c4c        0x4 c:/altera/13.0sp1/nios2eds/bin/gnu/h-i686-mingw32/bin/../lib/gcc/nios2-elf/4.1.2/../../../../nios2-elf/lib/mno-hw-mul\libsmallc.a(lib_a-puts.o)
 .rodata        0x00012c50      0x100 c:/altera/13.0sp1/nios2eds/bin/gnu/h-i686-mingw32/bin/../lib/gcc/nios2-elf/4.1.2/mno-hw-mul\libgcc.a(_clz.o)
                0x00012c50                __clz_tab
 *(.rodata1)
                0x00012d50                . = ALIGN (0x4)
                0x00012d50                PROVIDE (__ram_rodata_end, ABSOLUTE (.))
                0x00012ae8                PROVIDE (__flash_rodata_start, LOADADDR (.rodata))

.rwdata         0x00012d50      0x2d4 load address 0x00013024
                0x00012d50                PROVIDE (__ram_rwdata_start, ABSOLUTE (.))
                0x00012d50                . = ALIGN (0x4)
 *(.got.plt)
 *(.got)
 *(.data1)
 *(.data .data.* .gnu.linkonce.d.*)
 .data          0x00012d50        0x0 ../multiplicador_bsp//obj/HAL/src/crt0.o
 .data          0x00012d50        0x0 obj/default/hello_world.o
 .data          0x00012d50        0x0 c:/altera/13.0sp1/nios2eds/bin/gnu/h-i686-mingw32/bin/../lib/gcc/nios2-elf/4.1.2/../../../../nios2-elf/lib/mno-hw-mul\libsmallc.a(lib_a-printf.o)
 .data          0x00012d50        0x0 c:/altera/13.0sp1/nios2eds/bin/gnu/h-i686-mingw32/bin/../lib/gcc/nios2-elf/4.1.2/../../../../nios2-elf/lib/mno-hw-mul\libsmallc.a(lib_a-vfprintf.o)
 .data          0x00012d50        0x0 c:/altera/13.0sp1/nios2eds/bin/gnu/h-i686-mingw32/bin/../lib/gcc/nios2-elf/4.1.2/../../../../nios2-elf/lib/mno-hw-mul\libsmallc.a(lib_a-fvwrite_small_dev.o)
 .data          0x00012d50       0xe0 c:/altera/13.0sp1/nios2eds/bin/gnu/h-i686-mingw32/bin/../lib/gcc/nios2-elf/4.1.2/../../../../nios2-elf/lib/mno-hw-mul\libsmallc.a(lib_a-impure.o)
 .data          0x00012e30        0x0 c:/altera/13.0sp1/nios2eds/bin/gnu/h-i686-mingw32/bin/../lib/gcc/nios2-elf/4.1.2/../../../../nios2-elf/lib/mno-hw-mul\libsmallc.a(lib_a-strlen.o)
 .data          0x00012e30        0x0 c:/altera/13.0sp1/nios2eds/bin/gnu/h-i686-mingw32/bin/../lib/gcc/nios2-elf/4.1.2/../../../../nios2-elf/lib/mno-hw-mul\libsmallc.a(lib_a-writer.o)
 .data          0x00012e30        0x0 c:/altera/13.0sp1/nios2eds/bin/gnu/h-i686-mingw32/bin/../lib/gcc/nios2-elf/4.1.2/../../../../nios2-elf/lib/mno-hw-mul\libsmallc.a(lib_a-int_errno.o)
 .data          0x00012e30        0x0 c:/altera/13.0sp1/nios2eds/bin/gnu/h-i686-mingw32/bin/../lib/gcc/nios2-elf/4.1.2/mno-hw-mul\libgcc.a(lib2-divmod.o)
 .data          0x00012e30        0x0 c:/altera/13.0sp1/nios2eds/bin/gnu/h-i686-mingw32/bin/../lib/gcc/nios2-elf/4.1.2/mno-hw-mul\libgcc.a(lib2-mul.o)
 .data          0x00012e30        0x0 ../multiplicador_bsp/\libhal_bsp.a(alt_load.o)
 .data          0x00012e30        0x0 ../multiplicador_bsp/\libhal_bsp.a(alt_main.o)
 .data          0x00012e30        0x0 ../multiplicador_bsp/\libhal_bsp.a(alt_write.o)
 .data          0x00012e30       0x2c ../multiplicador_bsp/\libhal_bsp.a(alt_sys_init.o)
 .data          0x00012e5c        0x0 ../multiplicador_bsp/\libhal_bsp.a(altera_avalon_jtag_uart_fd.o)
 .data          0x00012e5c        0x0 ../multiplicador_bsp/\libhal_bsp.a(altera_avalon_jtag_uart_read.o)
 .data          0x00012e5c        0x0 ../multiplicador_bsp/\libhal_bsp.a(altera_avalon_jtag_uart_write.o)
 .data          0x00012e5c        0x0 ../multiplicador_bsp/\libhal_bsp.a(perf_print_formatted_report.o)
 .data          0x00012e5c        0x0 ../multiplicador_bsp/\libhal_bsp.a(alt_close.o)
 .data          0x00012e5c        0x0 ../multiplicador_bsp/\libhal_bsp.a(alt_dcache_flush_all.o)
 .data          0x00012e5c      0x1a8 ../multiplicador_bsp/\libhal_bsp.a(alt_dev.o)
                0x00012e5c                alt_dev_null
                0x00012e84                alt_fd_list
 .data          0x00013004        0x0 ../multiplicador_bsp/\libhal_bsp.a(alt_dev_llist_insert.o)
 .data          0x00013004        0x0 ../multiplicador_bsp/\libhal_bsp.a(alt_errno.o)
 .data          0x00013004        0x0 ../multiplicador_bsp/\libhal_bsp.a(alt_icache_flush_all.o)
 .data          0x00013004        0x0 ../multiplicador_bsp/\libhal_bsp.a(alt_io_redirect.o)
 .data          0x00013004        0x0 ../multiplicador_bsp/\libhal_bsp.a(alt_open.o)
 .data          0x00013004        0x0 ../multiplicador_bsp/\libhal_bsp.a(alt_release_fd.o)
 .data          0x00013004        0x0 ../multiplicador_bsp/\libhal_bsp.a(altera_nios2_qsys_irq.o)
 .data          0x00013004        0x0 ../multiplicador_bsp/\libhal_bsp.a(altera_avalon_performance_counter.o)
 .data          0x00013004        0x0 ../multiplicador_bsp/\libhal_bsp.a(alt_find_dev.o)
 .data          0x00013004        0x0 ../multiplicador_bsp/\libhal_bsp.a(alt_find_file.o)
 .data          0x00013004        0x0 ../multiplicador_bsp/\libhal_bsp.a(alt_get_fd.o)
 .data          0x00013004        0x0 c:/altera/13.0sp1/nios2eds/bin/gnu/h-i686-mingw32/bin/../lib/gcc/nios2-elf/4.1.2/../../../../nios2-elf/lib/mno-hw-mul\libsmallc.a(lib_a-exit.o)
 .data          0x00013004        0x0 c:/altera/13.0sp1/nios2eds/bin/gnu/h-i686-mingw32/bin/../lib/gcc/nios2-elf/4.1.2/../../../../nios2-elf/lib/mno-hw-mul\libsmallc.a(lib_a-memcmp.o)
 .data          0x00013004        0x0 c:/altera/13.0sp1/nios2eds/bin/gnu/h-i686-mingw32/bin/../lib/gcc/nios2-elf/4.1.2/../../../../nios2-elf/lib/mno-hw-mul\libsmallc.a(lib_a-puts.o)
 .data          0x00013004        0x0 c:/altera/13.0sp1/nios2eds/bin/gnu/h-i686-mingw32/bin/../lib/gcc/nios2-elf/4.1.2/../../../../nios2-elf/lib/mno-hw-mul\libsmallc.a(lib_a-__call_atexit.o)
 .data          0x00013004        0x0 c:/altera/13.0sp1/nios2eds/bin/gnu/h-i686-mingw32/bin/../lib/gcc/nios2-elf/4.1.2/mno-hw-mul\libgcc.a(_muldi3.o)
 .data          0x00013004        0x0 c:/altera/13.0sp1/nios2eds/bin/gnu/h-i686-mingw32/bin/../lib/gcc/nios2-elf/4.1.2/mno-hw-mul\libgcc.a(_udivdi3.o)
 .data          0x00013004        0x0 c:/altera/13.0sp1/nios2eds/bin/gnu/h-i686-mingw32/bin/../lib/gcc/nios2-elf/4.1.2/mno-hw-mul\libgcc.a(_clz.o)
 .data          0x00013004        0x0 ../multiplicador_bsp/\libhal_bsp.a(alt_exit.o)
                0x0001b004                _gp = ABSOLUTE ((. + 0x8000))
                0x0001b004                PROVIDE (gp, _gp)
 *(.rwdata .rwdata.*)
 *(.sdata .sdata.* .gnu.linkonce.s.*)
 .sdata         0x00013004        0x8 c:/altera/13.0sp1/nios2eds/bin/gnu/h-i686-mingw32/bin/../lib/gcc/nios2-elf/4.1.2/../../../../nios2-elf/lib/mno-hw-mul\libsmallc.a(lib_a-impure.o)
                0x00013004                _impure_ptr
                0x00013008                _global_impure_ptr
 .sdata         0x0001300c       0x14 ../multiplicador_bsp/\libhal_bsp.a(alt_dev.o)
                0x0001300c                alt_fs_list
                0x00013014                alt_dev_list
                0x0001301c                alt_max_fd
 .sdata         0x00013020        0x4 ../multiplicador_bsp/\libhal_bsp.a(alt_errno.o)
                0x00013020                alt_errno
 *(.sdata2 .sdata2.* .gnu.linkonce.s2.*)
                0x00013024                . = ALIGN (0x4)
                0x00013024                _edata = ABSOLUTE (.)
                0x00013024                PROVIDE (edata, ABSOLUTE (.))
                0x00013024                PROVIDE (__ram_rwdata_end, ABSOLUTE (.))
                0x00013024                PROVIDE (__flash_rwdata_start, LOADADDR (.rwdata))

.bss            0x000132f8       0x10
                0x000132f8                __bss_start = ABSOLUTE (.)
                0x000132f8                PROVIDE (__sbss_start, ABSOLUTE (.))
                0x000132f8                PROVIDE (___sbss_start, ABSOLUTE (.))
 *(.dynsbss)
 *(.sbss .sbss.* .gnu.linkonce.sb.*)
 .sbss          0x000132f8        0x4 c:/altera/13.0sp1/nios2eds/bin/gnu/h-i686-mingw32/bin/../lib/gcc/nios2-elf/4.1.2/../../../../nios2-elf/lib/mno-hw-mul\libsmallc.a(lib_a-int_errno.o)
                0x000132f8                errno
 .sbss          0x000132fc        0xc ../multiplicador_bsp/\libhal_bsp.a(alt_main.o)
                0x000132fc                alt_argc
                0x00013300                alt_argv
                0x00013304                alt_envp
 *(.sbss2 .sbss2.* .gnu.linkonce.sb2.*)
 *(.scommon)
                0x00013308                PROVIDE (__sbss_end, ABSOLUTE (.))
                0x00013308                PROVIDE (___sbss_end, ABSOLUTE (.))
 *(.dynbss)
 *(.bss .bss.* .gnu.linkonce.b.*)
 .bss           0x00013308        0x0 ../multiplicador_bsp//obj/HAL/src/crt0.o
 .bss           0x00013308        0x0 obj/default/hello_world.o
 .bss           0x00013308        0x0 c:/altera/13.0sp1/nios2eds/bin/gnu/h-i686-mingw32/bin/../lib/gcc/nios2-elf/4.1.2/../../../../nios2-elf/lib/mno-hw-mul\libsmallc.a(lib_a-printf.o)
 .bss           0x00013308        0x0 c:/altera/13.0sp1/nios2eds/bin/gnu/h-i686-mingw32/bin/../lib/gcc/nios2-elf/4.1.2/../../../../nios2-elf/lib/mno-hw-mul\libsmallc.a(lib_a-vfprintf.o)
 .bss           0x00013308        0x0 c:/altera/13.0sp1/nios2eds/bin/gnu/h-i686-mingw32/bin/../lib/gcc/nios2-elf/4.1.2/../../../../nios2-elf/lib/mno-hw-mul\libsmallc.a(lib_a-fvwrite_small_dev.o)
 .bss           0x00013308        0x0 c:/altera/13.0sp1/nios2eds/bin/gnu/h-i686-mingw32/bin/../lib/gcc/nios2-elf/4.1.2/../../../../nios2-elf/lib/mno-hw-mul\libsmallc.a(lib_a-impure.o)
 .bss           0x00013308        0x0 c:/altera/13.0sp1/nios2eds/bin/gnu/h-i686-mingw32/bin/../lib/gcc/nios2-elf/4.1.2/../../../../nios2-elf/lib/mno-hw-mul\libsmallc.a(lib_a-strlen.o)
 .bss           0x00013308        0x0 c:/altera/13.0sp1/nios2eds/bin/gnu/h-i686-mingw32/bin/../lib/gcc/nios2-elf/4.1.2/../../../../nios2-elf/lib/mno-hw-mul\libsmallc.a(lib_a-writer.o)
 .bss           0x00013308        0x0 c:/altera/13.0sp1/nios2eds/bin/gnu/h-i686-mingw32/bin/../lib/gcc/nios2-elf/4.1.2/../../../../nios2-elf/lib/mno-hw-mul\libsmallc.a(lib_a-int_errno.o)
 .bss           0x00013308        0x0 c:/altera/13.0sp1/nios2eds/bin/gnu/h-i686-mingw32/bin/../lib/gcc/nios2-elf/4.1.2/mno-hw-mul\libgcc.a(lib2-divmod.o)
 .bss           0x00013308        0x0 c:/altera/13.0sp1/nios2eds/bin/gnu/h-i686-mingw32/bin/../lib/gcc/nios2-elf/4.1.2/mno-hw-mul\libgcc.a(lib2-mul.o)
 .bss           0x00013308        0x0 ../multiplicador_bsp/\libhal_bsp.a(alt_load.o)
 .bss           0x00013308        0x0 ../multiplicador_bsp/\libhal_bsp.a(alt_main.o)
 .bss           0x00013308        0x0 ../multiplicador_bsp/\libhal_bsp.a(alt_write.o)
 .bss           0x00013308        0x0 ../multiplicador_bsp/\libhal_bsp.a(alt_sys_init.o)
 .bss           0x00013308        0x0 ../multiplicador_bsp/\libhal_bsp.a(altera_avalon_jtag_uart_fd.o)
 .bss           0x00013308        0x0 ../multiplicador_bsp/\libhal_bsp.a(altera_avalon_jtag_uart_read.o)
 .bss           0x00013308        0x0 ../multiplicador_bsp/\libhal_bsp.a(altera_avalon_jtag_uart_write.o)
 .bss           0x00013308        0x0 ../multiplicador_bsp/\libhal_bsp.a(perf_print_formatted_report.o)
 .bss           0x00013308        0x0 ../multiplicador_bsp/\libhal_bsp.a(alt_close.o)
 .bss           0x00013308        0x0 ../multiplicador_bsp/\libhal_bsp.a(alt_dcache_flush_all.o)
 .bss           0x00013308        0x0 ../multiplicador_bsp/\libhal_bsp.a(alt_dev.o)
 .bss           0x00013308        0x0 ../multiplicador_bsp/\libhal_bsp.a(alt_dev_llist_insert.o)
 .bss           0x00013308        0x0 ../multiplicador_bsp/\libhal_bsp.a(alt_errno.o)
 .bss           0x00013308        0x0 ../multiplicador_bsp/\libhal_bsp.a(alt_icache_flush_all.o)
 .bss           0x00013308        0x0 ../multiplicador_bsp/\libhal_bsp.a(alt_io_redirect.o)
 .bss           0x00013308        0x0 ../multiplicador_bsp/\libhal_bsp.a(alt_open.o)
 .bss           0x00013308        0x0 ../multiplicador_bsp/\libhal_bsp.a(alt_release_fd.o)
 .bss           0x00013308        0x0 ../multiplicador_bsp/\libhal_bsp.a(altera_nios2_qsys_irq.o)
 .bss           0x00013308        0x0 ../multiplicador_bsp/\libhal_bsp.a(altera_avalon_performance_counter.o)
 .bss           0x00013308        0x0 ../multiplicador_bsp/\libhal_bsp.a(alt_find_dev.o)
 .bss           0x00013308        0x0 ../multiplicador_bsp/\libhal_bsp.a(alt_find_file.o)
 .bss           0x00013308        0x0 ../multiplicador_bsp/\libhal_bsp.a(alt_get_fd.o)
 .bss           0x00013308        0x0 c:/altera/13.0sp1/nios2eds/bin/gnu/h-i686-mingw32/bin/../lib/gcc/nios2-elf/4.1.2/../../../../nios2-elf/lib/mno-hw-mul\libsmallc.a(lib_a-exit.o)
 .bss           0x00013308        0x0 c:/altera/13.0sp1/nios2eds/bin/gnu/h-i686-mingw32/bin/../lib/gcc/nios2-elf/4.1.2/../../../../nios2-elf/lib/mno-hw-mul\libsmallc.a(lib_a-memcmp.o)
 .bss           0x00013308        0x0 c:/altera/13.0sp1/nios2eds/bin/gnu/h-i686-mingw32/bin/../lib/gcc/nios2-elf/4.1.2/../../../../nios2-elf/lib/mno-hw-mul\libsmallc.a(lib_a-puts.o)
 .bss           0x00013308        0x0 c:/altera/13.0sp1/nios2eds/bin/gnu/h-i686-mingw32/bin/../lib/gcc/nios2-elf/4.1.2/../../../../nios2-elf/lib/mno-hw-mul\libsmallc.a(lib_a-__call_atexit.o)
 .bss           0x00013308        0x0 c:/altera/13.0sp1/nios2eds/bin/gnu/h-i686-mingw32/bin/../lib/gcc/nios2-elf/4.1.2/mno-hw-mul\libgcc.a(_muldi3.o)
 .bss           0x00013308        0x0 c:/altera/13.0sp1/nios2eds/bin/gnu/h-i686-mingw32/bin/../lib/gcc/nios2-elf/4.1.2/mno-hw-mul\libgcc.a(_udivdi3.o)
 .bss           0x00013308        0x0 c:/altera/13.0sp1/nios2eds/bin/gnu/h-i686-mingw32/bin/../lib/gcc/nios2-elf/4.1.2/mno-hw-mul\libgcc.a(_clz.o)
 .bss           0x00013308        0x0 ../multiplicador_bsp/\libhal_bsp.a(alt_exit.o)
 *(COMMON)
                0x00013308                . = ALIGN (0x4)
                0x00013308                __bss_end = ABSOLUTE (.)

.ram            0x00013308        0x0
                0x00013308                PROVIDE (_alt_partition_ram_start, ABSOLUTE (.))
 *(.ram. ram.*)
                0x00013308                . = ALIGN (0x4)
                0x00013308                PROVIDE (_alt_partition_ram_end, ABSOLUTE (.))
                0x00013308                _end = ABSOLUTE (.)
                0x00013308                end = ABSOLUTE (.)
                0x00013308                __alt_stack_base = ABSOLUTE (.)
                0x00013308                PROVIDE (_alt_partition_ram_load_addr, LOADADDR (.ram))

.stab
 *(.stab)

.stabstr
 *(.stabstr)

.stab.excl
 *(.stab.excl)

.stab.exclstr
 *(.stab.exclstr)

.stab.index
 *(.stab.index)

.stab.indexstr
 *(.stab.indexstr)

.comment        0x00000000       0x26
 *(.comment)
 .comment       0x00000000       0x26 obj/default/hello_world.o
                                 0x27 (size before relaxing)
 .comment       0x00000000       0x27 c:/altera/13.0sp1/nios2eds/bin/gnu/h-i686-mingw32/bin/../lib/gcc/nios2-elf/4.1.2/../../../../nios2-elf/lib/mno-hw-mul\libsmallc.a(lib_a-printf.o)
 .comment       0x00000000       0x27 c:/altera/13.0sp1/nios2eds/bin/gnu/h-i686-mingw32/bin/../lib/gcc/nios2-elf/4.1.2/../../../../nios2-elf/lib/mno-hw-mul\libsmallc.a(lib_a-vfprintf.o)
 .comment       0x00000000       0x27 c:/altera/13.0sp1/nios2eds/bin/gnu/h-i686-mingw32/bin/../lib/gcc/nios2-elf/4.1.2/../../../../nios2-elf/lib/mno-hw-mul\libsmallc.a(lib_a-fvwrite_small_dev.o)
 .comment       0x00000000       0x27 c:/altera/13.0sp1/nios2eds/bin/gnu/h-i686-mingw32/bin/../lib/gcc/nios2-elf/4.1.2/../../../../nios2-elf/lib/mno-hw-mul\libsmallc.a(lib_a-impure.o)
 .comment       0x00000000       0x27 c:/altera/13.0sp1/nios2eds/bin/gnu/h-i686-mingw32/bin/../lib/gcc/nios2-elf/4.1.2/../../../../nios2-elf/lib/mno-hw-mul\libsmallc.a(lib_a-strlen.o)
 .comment       0x00000000       0x27 c:/altera/13.0sp1/nios2eds/bin/gnu/h-i686-mingw32/bin/../lib/gcc/nios2-elf/4.1.2/../../../../nios2-elf/lib/mno-hw-mul\libsmallc.a(lib_a-writer.o)
 .comment       0x00000000       0x27 c:/altera/13.0sp1/nios2eds/bin/gnu/h-i686-mingw32/bin/../lib/gcc/nios2-elf/4.1.2/../../../../nios2-elf/lib/mno-hw-mul\libsmallc.a(lib_a-int_errno.o)
 .comment       0x00000000       0x27 c:/altera/13.0sp1/nios2eds/bin/gnu/h-i686-mingw32/bin/../lib/gcc/nios2-elf/4.1.2/mno-hw-mul\libgcc.a(lib2-divmod.o)
 .comment       0x00000000       0x27 c:/altera/13.0sp1/nios2eds/bin/gnu/h-i686-mingw32/bin/../lib/gcc/nios2-elf/4.1.2/mno-hw-mul\libgcc.a(lib2-mul.o)
 .comment       0x00000000       0x27 ../multiplicador_bsp/\libhal_bsp.a(alt_load.o)
 .comment       0x00000000       0x27 ../multiplicador_bsp/\libhal_bsp.a(alt_main.o)
 .comment       0x00000000       0x27 ../multiplicador_bsp/\libhal_bsp.a(alt_write.o)
 .comment       0x00000000       0x27 ../multiplicador_bsp/\libhal_bsp.a(alt_sys_init.o)
 .comment       0x00000000       0x27 ../multiplicador_bsp/\libhal_bsp.a(altera_avalon_jtag_uart_fd.o)
 .comment       0x00000000       0x27 ../multiplicador_bsp/\libhal_bsp.a(altera_avalon_jtag_uart_read.o)
 .comment       0x00000000       0x27 ../multiplicador_bsp/\libhal_bsp.a(altera_avalon_jtag_uart_write.o)
 .comment       0x00000000       0x27 ../multiplicador_bsp/\libhal_bsp.a(perf_print_formatted_report.o)
 .comment       0x00000000       0x27 ../multiplicador_bsp/\libhal_bsp.a(alt_close.o)
 .comment       0x00000000       0x27 ../multiplicador_bsp/\libhal_bsp.a(alt_dcache_flush_all.o)
 .comment       0x00000000       0x27 ../multiplicador_bsp/\libhal_bsp.a(alt_dev.o)
 .comment       0x00000000       0x27 ../multiplicador_bsp/\libhal_bsp.a(alt_dev_llist_insert.o)
 .comment       0x00000000       0x27 ../multiplicador_bsp/\libhal_bsp.a(alt_errno.o)
 .comment       0x00000000       0x27 ../multiplicador_bsp/\libhal_bsp.a(alt_icache_flush_all.o)
 .comment       0x00000000       0x27 ../multiplicador_bsp/\libhal_bsp.a(alt_io_redirect.o)
 .comment       0x00000000       0x27 ../multiplicador_bsp/\libhal_bsp.a(alt_open.o)
 .comment       0x00000000       0x27 ../multiplicador_bsp/\libhal_bsp.a(alt_release_fd.o)
 .comment       0x00000000       0x27 ../multiplicador_bsp/\libhal_bsp.a(altera_nios2_qsys_irq.o)
 .comment       0x00000000       0x27 ../multiplicador_bsp/\libhal_bsp.a(altera_avalon_performance_counter.o)
 .comment       0x00000000       0x27 ../multiplicador_bsp/\libhal_bsp.a(alt_find_dev.o)
 .comment       0x00000000       0x27 ../multiplicador_bsp/\libhal_bsp.a(alt_find_file.o)
 .comment       0x00000000       0x27 ../multiplicador_bsp/\libhal_bsp.a(alt_get_fd.o)
 .comment       0x00000000       0x27 c:/altera/13.0sp1/nios2eds/bin/gnu/h-i686-mingw32/bin/../lib/gcc/nios2-elf/4.1.2/../../../../nios2-elf/lib/mno-hw-mul\libsmallc.a(lib_a-exit.o)
 .comment       0x00000000       0x27 c:/altera/13.0sp1/nios2eds/bin/gnu/h-i686-mingw32/bin/../lib/gcc/nios2-elf/4.1.2/../../../../nios2-elf/lib/mno-hw-mul\libsmallc.a(lib_a-memcmp.o)
 .comment       0x00000000       0x27 c:/altera/13.0sp1/nios2eds/bin/gnu/h-i686-mingw32/bin/../lib/gcc/nios2-elf/4.1.2/../../../../nios2-elf/lib/mno-hw-mul\libsmallc.a(lib_a-puts.o)
 .comment       0x00000000       0x27 c:/altera/13.0sp1/nios2eds/bin/gnu/h-i686-mingw32/bin/../lib/gcc/nios2-elf/4.1.2/../../../../nios2-elf/lib/mno-hw-mul\libsmallc.a(lib_a-__call_atexit.o)
 .comment       0x00000000       0x27 c:/altera/13.0sp1/nios2eds/bin/gnu/h-i686-mingw32/bin/../lib/gcc/nios2-elf/4.1.2/mno-hw-mul\libgcc.a(_muldi3.o)
 .comment       0x00000000       0x27 c:/altera/13.0sp1/nios2eds/bin/gnu/h-i686-mingw32/bin/../lib/gcc/nios2-elf/4.1.2/mno-hw-mul\libgcc.a(_udivdi3.o)
 .comment       0x00000000       0x27 c:/altera/13.0sp1/nios2eds/bin/gnu/h-i686-mingw32/bin/../lib/gcc/nios2-elf/4.1.2/mno-hw-mul\libgcc.a(_clz.o)
 .comment       0x00000000       0x27 ../multiplicador_bsp/\libhal_bsp.a(alt_exit.o)

.debug
 *(.debug)

.line
 *(.line)

.debug_srcinfo
 *(.debug_srcinfo)

.debug_sfnames
 *(.debug_sfnames)

.debug_aranges  0x00000000      0x4a8
 *(.debug_aranges)
 .debug_aranges
                0x00000000       0x28 ../multiplicador_bsp//obj/HAL/src/crt0.o
 .debug_aranges
                0x00000028       0x20 obj/default/hello_world.o
 .debug_aranges
                0x00000048       0x20 c:/altera/13.0sp1/nios2eds/bin/gnu/h-i686-mingw32/bin/../lib/gcc/nios2-elf/4.1.2/../../../../nios2-elf/lib/mno-hw-mul\libsmallc.a(lib_a-printf.o)
 .debug_aranges
                0x00000068       0x20 c:/altera/13.0sp1/nios2eds/bin/gnu/h-i686-mingw32/bin/../lib/gcc/nios2-elf/4.1.2/../../../../nios2-elf/lib/mno-hw-mul\libsmallc.a(lib_a-vfprintf.o)
 .debug_aranges
                0x00000088       0x20 c:/altera/13.0sp1/nios2eds/bin/gnu/h-i686-mingw32/bin/../lib/gcc/nios2-elf/4.1.2/../../../../nios2-elf/lib/mno-hw-mul\libsmallc.a(lib_a-fvwrite_small_dev.o)
 .debug_aranges
                0x000000a8       0x20 c:/altera/13.0sp1/nios2eds/bin/gnu/h-i686-mingw32/bin/../lib/gcc/nios2-elf/4.1.2/../../../../nios2-elf/lib/mno-hw-mul\libsmallc.a(lib_a-strlen.o)
 .debug_aranges
                0x000000c8       0x20 c:/altera/13.0sp1/nios2eds/bin/gnu/h-i686-mingw32/bin/../lib/gcc/nios2-elf/4.1.2/../../../../nios2-elf/lib/mno-hw-mul\libsmallc.a(lib_a-writer.o)
 .debug_aranges
                0x000000e8       0x20 c:/altera/13.0sp1/nios2eds/bin/gnu/h-i686-mingw32/bin/../lib/gcc/nios2-elf/4.1.2/mno-hw-mul\libgcc.a(lib2-divmod.o)
 .debug_aranges
                0x00000108       0x20 c:/altera/13.0sp1/nios2eds/bin/gnu/h-i686-mingw32/bin/../lib/gcc/nios2-elf/4.1.2/mno-hw-mul\libgcc.a(lib2-mul.o)
 .debug_aranges
                0x00000128       0x20 ../multiplicador_bsp/\libhal_bsp.a(alt_load.o)
 .debug_aranges
                0x00000148       0x20 ../multiplicador_bsp/\libhal_bsp.a(alt_main.o)
 .debug_aranges
                0x00000168       0x20 ../multiplicador_bsp/\libhal_bsp.a(alt_write.o)
 .debug_aranges
                0x00000188       0x20 ../multiplicador_bsp/\libhal_bsp.a(alt_sys_init.o)
 .debug_aranges
                0x000001a8       0x20 ../multiplicador_bsp/\libhal_bsp.a(altera_avalon_jtag_uart_fd.o)
 .debug_aranges
                0x000001c8       0x20 ../multiplicador_bsp/\libhal_bsp.a(altera_avalon_jtag_uart_read.o)
 .debug_aranges
                0x000001e8       0x20 ../multiplicador_bsp/\libhal_bsp.a(altera_avalon_jtag_uart_write.o)
 .debug_aranges
                0x00000208       0x20 ../multiplicador_bsp/\libhal_bsp.a(perf_print_formatted_report.o)
 .debug_aranges
                0x00000228       0x20 ../multiplicador_bsp/\libhal_bsp.a(alt_close.o)
 .debug_aranges
                0x00000248       0x20 ../multiplicador_bsp/\libhal_bsp.a(alt_dcache_flush_all.o)
 .debug_aranges
                0x00000268       0x20 ../multiplicador_bsp/\libhal_bsp.a(alt_dev.o)
 .debug_aranges
                0x00000288       0x20 ../multiplicador_bsp/\libhal_bsp.a(alt_dev_llist_insert.o)
 .debug_aranges
                0x000002a8       0x20 ../multiplicador_bsp/\libhal_bsp.a(alt_icache_flush_all.o)
 .debug_aranges
                0x000002c8       0x20 ../multiplicador_bsp/\libhal_bsp.a(alt_io_redirect.o)
 .debug_aranges
                0x000002e8       0x20 ../multiplicador_bsp/\libhal_bsp.a(alt_open.o)
 .debug_aranges
                0x00000308       0x20 ../multiplicador_bsp/\libhal_bsp.a(alt_release_fd.o)
 .debug_aranges
                0x00000328       0x20 ../multiplicador_bsp/\libhal_bsp.a(altera_nios2_qsys_irq.o)
 .debug_aranges
                0x00000348       0x20 ../multiplicador_bsp/\libhal_bsp.a(altera_avalon_performance_counter.o)
 .debug_aranges
                0x00000368       0x20 ../multiplicador_bsp/\libhal_bsp.a(alt_find_dev.o)
 .debug_aranges
                0x00000388       0x20 ../multiplicador_bsp/\libhal_bsp.a(alt_find_file.o)
 .debug_aranges
                0x000003a8       0x20 ../multiplicador_bsp/\libhal_bsp.a(alt_get_fd.o)
 .debug_aranges
                0x000003c8       0x20 c:/altera/13.0sp1/nios2eds/bin/gnu/h-i686-mingw32/bin/../lib/gcc/nios2-elf/4.1.2/../../../../nios2-elf/lib/mno-hw-mul\libsmallc.a(lib_a-exit.o)
 .debug_aranges
                0x000003e8       0x20 c:/altera/13.0sp1/nios2eds/bin/gnu/h-i686-mingw32/bin/../lib/gcc/nios2-elf/4.1.2/../../../../nios2-elf/lib/mno-hw-mul\libsmallc.a(lib_a-memcmp.o)
 .debug_aranges
                0x00000408       0x20 c:/altera/13.0sp1/nios2eds/bin/gnu/h-i686-mingw32/bin/../lib/gcc/nios2-elf/4.1.2/../../../../nios2-elf/lib/mno-hw-mul\libsmallc.a(lib_a-puts.o)
 .debug_aranges
                0x00000428       0x20 c:/altera/13.0sp1/nios2eds/bin/gnu/h-i686-mingw32/bin/../lib/gcc/nios2-elf/4.1.2/../../../../nios2-elf/lib/mno-hw-mul\libsmallc.a(lib_a-__call_atexit.o)
 .debug_aranges
                0x00000448       0x20 c:/altera/13.0sp1/nios2eds/bin/gnu/h-i686-mingw32/bin/../lib/gcc/nios2-elf/4.1.2/mno-hw-mul\libgcc.a(_muldi3.o)
 .debug_aranges
                0x00000468       0x20 c:/altera/13.0sp1/nios2eds/bin/gnu/h-i686-mingw32/bin/../lib/gcc/nios2-elf/4.1.2/mno-hw-mul\libgcc.a(_udivdi3.o)
 .debug_aranges
                0x00000488       0x20 ../multiplicador_bsp/\libhal_bsp.a(alt_exit.o)

.debug_pubnames
                0x00000000      0x70d
 *(.debug_pubnames)
 .debug_pubnames
                0x00000000       0x1b obj/default/hello_world.o
 .debug_pubnames
                0x0000001b       0x2b c:/altera/13.0sp1/nios2eds/bin/gnu/h-i686-mingw32/bin/../lib/gcc/nios2-elf/4.1.2/../../../../nios2-elf/lib/mno-hw-mul\libsmallc.a(lib_a-printf.o)
 .debug_pubnames
                0x00000046       0x45 c:/altera/13.0sp1/nios2eds/bin/gnu/h-i686-mingw32/bin/../lib/gcc/nios2-elf/4.1.2/../../../../nios2-elf/lib/mno-hw-mul\libsmallc.a(lib_a-vfprintf.o)
 .debug_pubnames
                0x0000008b       0x2b c:/altera/13.0sp1/nios2eds/bin/gnu/h-i686-mingw32/bin/../lib/gcc/nios2-elf/4.1.2/../../../../nios2-elf/lib/mno-hw-mul\libsmallc.a(lib_a-fvwrite_small_dev.o)
 .debug_pubnames
                0x000000b6       0x39 c:/altera/13.0sp1/nios2eds/bin/gnu/h-i686-mingw32/bin/../lib/gcc/nios2-elf/4.1.2/../../../../nios2-elf/lib/mno-hw-mul\libsmallc.a(lib_a-impure.o)
 .debug_pubnames
                0x000000ef       0x1d c:/altera/13.0sp1/nios2eds/bin/gnu/h-i686-mingw32/bin/../lib/gcc/nios2-elf/4.1.2/../../../../nios2-elf/lib/mno-hw-mul\libsmallc.a(lib_a-strlen.o)
 .debug_pubnames
                0x0000010c       0x1f c:/altera/13.0sp1/nios2eds/bin/gnu/h-i686-mingw32/bin/../lib/gcc/nios2-elf/4.1.2/../../../../nios2-elf/lib/mno-hw-mul\libsmallc.a(lib_a-writer.o)
 .debug_pubnames
                0x0000012b       0x1c c:/altera/13.0sp1/nios2eds/bin/gnu/h-i686-mingw32/bin/../lib/gcc/nios2-elf/4.1.2/../../../../nios2-elf/lib/mno-hw-mul\libsmallc.a(lib_a-int_errno.o)
 .debug_pubnames
                0x00000147       0x48 c:/altera/13.0sp1/nios2eds/bin/gnu/h-i686-mingw32/bin/../lib/gcc/nios2-elf/4.1.2/mno-hw-mul\libgcc.a(lib2-divmod.o)
 .debug_pubnames
                0x0000018f       0x1f c:/altera/13.0sp1/nios2eds/bin/gnu/h-i686-mingw32/bin/../lib/gcc/nios2-elf/4.1.2/mno-hw-mul\libgcc.a(lib2-mul.o)
 .debug_pubnames
                0x000001ae       0x1f ../multiplicador_bsp/\libhal_bsp.a(alt_load.o)
 .debug_pubnames
                0x000001cd       0x46 ../multiplicador_bsp/\libhal_bsp.a(alt_main.o)
 .debug_pubnames
                0x00000213       0x1c ../multiplicador_bsp/\libhal_bsp.a(alt_write.o)
 .debug_pubnames
                0x0000022f       0x34 ../multiplicador_bsp/\libhal_bsp.a(alt_sys_init.o)
 .debug_pubnames
                0x00000263       0x5b ../multiplicador_bsp/\libhal_bsp.a(altera_avalon_jtag_uart_fd.o)
 .debug_pubnames
                0x000002be       0x33 ../multiplicador_bsp/\libhal_bsp.a(altera_avalon_jtag_uart_read.o)
 .debug_pubnames
                0x000002f1       0x34 ../multiplicador_bsp/\libhal_bsp.a(altera_avalon_jtag_uart_write.o)
 .debug_pubnames
                0x00000325       0x32 ../multiplicador_bsp/\libhal_bsp.a(perf_print_formatted_report.o)
 .debug_pubnames
                0x00000357       0x1c ../multiplicador_bsp/\libhal_bsp.a(alt_close.o)
 .debug_pubnames
                0x00000373       0x2b ../multiplicador_bsp/\libhal_bsp.a(alt_dcache_flush_all.o)
 .debug_pubnames
                0x0000039e       0x63 ../multiplicador_bsp/\libhal_bsp.a(alt_dev.o)
 .debug_pubnames
                0x00000401       0x2b ../multiplicador_bsp/\libhal_bsp.a(alt_dev_llist_insert.o)
 .debug_pubnames
                0x0000042c       0x20 ../multiplicador_bsp/\libhal_bsp.a(alt_errno.o)
 .debug_pubnames
                0x0000044c       0x2b ../multiplicador_bsp/\libhal_bsp.a(alt_icache_flush_all.o)
 .debug_pubnames
                0x00000477       0x26 ../multiplicador_bsp/\libhal_bsp.a(alt_io_redirect.o)
 .debug_pubnames
                0x0000049d       0x1b ../multiplicador_bsp/\libhal_bsp.a(alt_open.o)
 .debug_pubnames
                0x000004b8       0x25 ../multiplicador_bsp/\libhal_bsp.a(alt_release_fd.o)
 .debug_pubnames
                0x000004dd       0x31 ../multiplicador_bsp/\libhal_bsp.a(altera_nios2_qsys_irq.o)
 .debug_pubnames
                0x0000050e       0x96 ../multiplicador_bsp/\libhal_bsp.a(altera_avalon_performance_counter.o)
 .debug_pubnames
                0x000005a4       0x23 ../multiplicador_bsp/\libhal_bsp.a(alt_find_dev.o)
 .debug_pubnames
                0x000005c7       0x24 ../multiplicador_bsp/\libhal_bsp.a(alt_find_file.o)
 .debug_pubnames
                0x000005eb       0x21 ../multiplicador_bsp/\libhal_bsp.a(alt_get_fd.o)
 .debug_pubnames
                0x0000060c       0x1b c:/altera/13.0sp1/nios2eds/bin/gnu/h-i686-mingw32/bin/../lib/gcc/nios2-elf/4.1.2/../../../../nios2-elf/lib/mno-hw-mul\libsmallc.a(lib_a-exit.o)
 .debug_pubnames
                0x00000627       0x1d c:/altera/13.0sp1/nios2eds/bin/gnu/h-i686-mingw32/bin/../lib/gcc/nios2-elf/4.1.2/../../../../nios2-elf/lib/mno-hw-mul\libsmallc.a(lib_a-memcmp.o)
 .debug_pubnames
                0x00000644       0x27 c:/altera/13.0sp1/nios2eds/bin/gnu/h-i686-mingw32/bin/../lib/gcc/nios2-elf/4.1.2/../../../../nios2-elf/lib/mno-hw-mul\libsmallc.a(lib_a-puts.o)
 .debug_pubnames
                0x0000066b       0x27 c:/altera/13.0sp1/nios2eds/bin/gnu/h-i686-mingw32/bin/../lib/gcc/nios2-elf/4.1.2/../../../../nios2-elf/lib/mno-hw-mul\libsmallc.a(lib_a-__call_atexit.o)
 .debug_pubnames
                0x00000692       0x1f c:/altera/13.0sp1/nios2eds/bin/gnu/h-i686-mingw32/bin/../lib/gcc/nios2-elf/4.1.2/mno-hw-mul\libgcc.a(_muldi3.o)
 .debug_pubnames
                0x000006b1       0x20 c:/altera/13.0sp1/nios2eds/bin/gnu/h-i686-mingw32/bin/../lib/gcc/nios2-elf/4.1.2/mno-hw-mul\libgcc.a(_udivdi3.o)
 .debug_pubnames
                0x000006d1       0x20 c:/altera/13.0sp1/nios2eds/bin/gnu/h-i686-mingw32/bin/../lib/gcc/nios2-elf/4.1.2/mno-hw-mul\libgcc.a(_clz.o)
 .debug_pubnames
                0x000006f1       0x1c ../multiplicador_bsp/\libhal_bsp.a(alt_exit.o)

.debug_info     0x00000000     0x9998
 *(.debug_info .gnu.linkonce.wi.*)
 .debug_info    0x00000000       0xa3 ../multiplicador_bsp//obj/HAL/src/crt0.o
 .debug_info    0x000000a3      0x196 obj/default/hello_world.o
 .debug_info    0x00000239      0x6c8 c:/altera/13.0sp1/nios2eds/bin/gnu/h-i686-mingw32/bin/../lib/gcc/nios2-elf/4.1.2/../../../../nios2-elf/lib/mno-hw-mul\libsmallc.a(lib_a-printf.o)
 .debug_info    0x00000901      0x9b6 c:/altera/13.0sp1/nios2eds/bin/gnu/h-i686-mingw32/bin/../lib/gcc/nios2-elf/4.1.2/../../../../nios2-elf/lib/mno-hw-mul\libsmallc.a(lib_a-vfprintf.o)
 .debug_info    0x000012b7      0x68e c:/altera/13.0sp1/nios2eds/bin/gnu/h-i686-mingw32/bin/../lib/gcc/nios2-elf/4.1.2/../../../../nios2-elf/lib/mno-hw-mul\libsmallc.a(lib_a-fvwrite_small_dev.o)
 .debug_info    0x00001945      0x636 c:/altera/13.0sp1/nios2eds/bin/gnu/h-i686-mingw32/bin/../lib/gcc/nios2-elf/4.1.2/../../../../nios2-elf/lib/mno-hw-mul\libsmallc.a(lib_a-impure.o)
 .debug_info    0x00001f7b       0xc2 c:/altera/13.0sp1/nios2eds/bin/gnu/h-i686-mingw32/bin/../lib/gcc/nios2-elf/4.1.2/../../../../nios2-elf/lib/mno-hw-mul\libsmallc.a(lib_a-strlen.o)
 .debug_info    0x0000203d      0x68c c:/altera/13.0sp1/nios2eds/bin/gnu/h-i686-mingw32/bin/../lib/gcc/nios2-elf/4.1.2/../../../../nios2-elf/lib/mno-hw-mul\libsmallc.a(lib_a-writer.o)
 .debug_info    0x000026c9       0x8c c:/altera/13.0sp1/nios2eds/bin/gnu/h-i686-mingw32/bin/../lib/gcc/nios2-elf/4.1.2/../../../../nios2-elf/lib/mno-hw-mul\libsmallc.a(lib_a-int_errno.o)
 .debug_info    0x00002755      0x21c c:/altera/13.0sp1/nios2eds/bin/gnu/h-i686-mingw32/bin/../lib/gcc/nios2-elf/4.1.2/mno-hw-mul\libgcc.a(lib2-divmod.o)
 .debug_info    0x00002971       0xf3 c:/altera/13.0sp1/nios2eds/bin/gnu/h-i686-mingw32/bin/../lib/gcc/nios2-elf/4.1.2/mno-hw-mul\libgcc.a(lib2-mul.o)
 .debug_info    0x00002a64      0x2b5 ../multiplicador_bsp/\libhal_bsp.a(alt_load.o)
 .debug_info    0x00002d19      0x24d ../multiplicador_bsp/\libhal_bsp.a(alt_main.o)
 .debug_info    0x00002f66      0x6bb ../multiplicador_bsp/\libhal_bsp.a(alt_write.o)
 .debug_info    0x00003621      0x59a ../multiplicador_bsp/\libhal_bsp.a(alt_sys_init.o)
 .debug_info    0x00003bbb      0x5e1 ../multiplicador_bsp/\libhal_bsp.a(altera_avalon_jtag_uart_fd.o)
 .debug_info    0x0000419c      0x331 ../multiplicador_bsp/\libhal_bsp.a(altera_avalon_jtag_uart_read.o)
 .debug_info    0x000044cd      0x30e ../multiplicador_bsp/\libhal_bsp.a(altera_avalon_jtag_uart_write.o)
 .debug_info    0x000047db      0x2ed ../multiplicador_bsp/\libhal_bsp.a(perf_print_formatted_report.o)
 .debug_info    0x00004ac8      0x48f ../multiplicador_bsp/\libhal_bsp.a(alt_close.o)
 .debug_info    0x00004f57      0x184 ../multiplicador_bsp/\libhal_bsp.a(alt_dcache_flush_all.o)
 .debug_info    0x000050db      0x6a7 ../multiplicador_bsp/\libhal_bsp.a(alt_dev.o)
 .debug_info    0x00005782      0x2df ../multiplicador_bsp/\libhal_bsp.a(alt_dev_llist_insert.o)
 .debug_info    0x00005a61      0x18c ../multiplicador_bsp/\libhal_bsp.a(alt_errno.o)
 .debug_info    0x00005bed      0x184 ../multiplicador_bsp/\libhal_bsp.a(alt_icache_flush_all.o)
 .debug_info    0x00005d71      0x6bd ../multiplicador_bsp/\libhal_bsp.a(alt_io_redirect.o)
 .debug_info    0x0000642e      0x54d ../multiplicador_bsp/\libhal_bsp.a(alt_open.o)
 .debug_info    0x0000697b      0x41a ../multiplicador_bsp/\libhal_bsp.a(alt_release_fd.o)
 .debug_info    0x00006d95      0x18b ../multiplicador_bsp/\libhal_bsp.a(altera_nios2_qsys_irq.o)
 .debug_info    0x00006f20      0x2d7 ../multiplicador_bsp/\libhal_bsp.a(altera_avalon_performance_counter.o)
 .debug_info    0x000071f7      0x440 ../multiplicador_bsp/\libhal_bsp.a(alt_find_dev.o)
 .debug_info    0x00007637      0x447 ../multiplicador_bsp/\libhal_bsp.a(alt_find_file.o)
 .debug_info    0x00007a7e      0x488 ../multiplicador_bsp/\libhal_bsp.a(alt_get_fd.o)
 .debug_info    0x00007f06       0x9f c:/altera/13.0sp1/nios2eds/bin/gnu/h-i686-mingw32/bin/../lib/gcc/nios2-elf/4.1.2/../../../../nios2-elf/lib/mno-hw-mul\libsmallc.a(lib_a-exit.o)
 .debug_info    0x00007fa5       0xef c:/altera/13.0sp1/nios2eds/bin/gnu/h-i686-mingw32/bin/../lib/gcc/nios2-elf/4.1.2/../../../../nios2-elf/lib/mno-hw-mul\libsmallc.a(lib_a-memcmp.o)
 .debug_info    0x00008094      0x685 c:/altera/13.0sp1/nios2eds/bin/gnu/h-i686-mingw32/bin/../lib/gcc/nios2-elf/4.1.2/../../../../nios2-elf/lib/mno-hw-mul\libsmallc.a(lib_a-puts.o)
 .debug_info    0x00008719      0x6d5 c:/altera/13.0sp1/nios2eds/bin/gnu/h-i686-mingw32/bin/../lib/gcc/nios2-elf/4.1.2/../../../../nios2-elf/lib/mno-hw-mul\libsmallc.a(lib_a-__call_atexit.o)
 .debug_info    0x00008dee      0x210 c:/altera/13.0sp1/nios2eds/bin/gnu/h-i686-mingw32/bin/../lib/gcc/nios2-elf/4.1.2/mno-hw-mul\libgcc.a(_muldi3.o)
 .debug_info    0x00008ffe      0x71c c:/altera/13.0sp1/nios2eds/bin/gnu/h-i686-mingw32/bin/../lib/gcc/nios2-elf/4.1.2/mno-hw-mul\libgcc.a(_udivdi3.o)
 .debug_info    0x0000971a       0xc9 c:/altera/13.0sp1/nios2eds/bin/gnu/h-i686-mingw32/bin/../lib/gcc/nios2-elf/4.1.2/mno-hw-mul\libgcc.a(_clz.o)
 .debug_info    0x000097e3      0x1b5 ../multiplicador_bsp/\libhal_bsp.a(alt_exit.o)

.debug_abbrev   0x00000000     0x2186
 *(.debug_abbrev)
 .debug_abbrev  0x00000000       0x12 ../multiplicador_bsp//obj/HAL/src/crt0.o
 .debug_abbrev  0x00000012       0x4e obj/default/hello_world.o
 .debug_abbrev  0x00000060      0x179 c:/altera/13.0sp1/nios2eds/bin/gnu/h-i686-mingw32/bin/../lib/gcc/nios2-elf/4.1.2/../../../../nios2-elf/lib/mno-hw-mul\libsmallc.a(lib_a-printf.o)
 .debug_abbrev  0x000001d9      0x263 c:/altera/13.0sp1/nios2eds/bin/gnu/h-i686-mingw32/bin/../lib/gcc/nios2-elf/4.1.2/../../../../nios2-elf/lib/mno-hw-mul\libsmallc.a(lib_a-vfprintf.o)
 .debug_abbrev  0x0000043c      0x179 c:/altera/13.0sp1/nios2eds/bin/gnu/h-i686-mingw32/bin/../lib/gcc/nios2-elf/4.1.2/../../../../nios2-elf/lib/mno-hw-mul\libsmallc.a(lib_a-fvwrite_small_dev.o)
 .debug_abbrev  0x000005b5      0x13f c:/altera/13.0sp1/nios2eds/bin/gnu/h-i686-mingw32/bin/../lib/gcc/nios2-elf/4.1.2/../../../../nios2-elf/lib/mno-hw-mul\libsmallc.a(lib_a-impure.o)
 .debug_abbrev  0x000006f4       0x7a c:/altera/13.0sp1/nios2eds/bin/gnu/h-i686-mingw32/bin/../lib/gcc/nios2-elf/4.1.2/../../../../nios2-elf/lib/mno-hw-mul\libsmallc.a(lib_a-strlen.o)
 .debug_abbrev  0x0000076e      0x16c c:/altera/13.0sp1/nios2eds/bin/gnu/h-i686-mingw32/bin/../lib/gcc/nios2-elf/4.1.2/../../../../nios2-elf/lib/mno-hw-mul\libsmallc.a(lib_a-writer.o)
 .debug_abbrev  0x000008da       0x3b c:/altera/13.0sp1/nios2eds/bin/gnu/h-i686-mingw32/bin/../lib/gcc/nios2-elf/4.1.2/../../../../nios2-elf/lib/mno-hw-mul\libsmallc.a(lib_a-int_errno.o)
 .debug_abbrev  0x00000915       0xe0 c:/altera/13.0sp1/nios2eds/bin/gnu/h-i686-mingw32/bin/../lib/gcc/nios2-elf/4.1.2/mno-hw-mul\libgcc.a(lib2-divmod.o)
 .debug_abbrev  0x000009f5       0x7b c:/altera/13.0sp1/nios2eds/bin/gnu/h-i686-mingw32/bin/../lib/gcc/nios2-elf/4.1.2/mno-hw-mul\libgcc.a(lib2-mul.o)
 .debug_abbrev  0x00000a70       0x88 ../multiplicador_bsp/\libhal_bsp.a(alt_load.o)
 .debug_abbrev  0x00000af8       0xb7 ../multiplicador_bsp/\libhal_bsp.a(alt_main.o)
 .debug_abbrev  0x00000baf      0x100 ../multiplicador_bsp/\libhal_bsp.a(alt_write.o)
 .debug_abbrev  0x00000caf      0x121 ../multiplicador_bsp/\libhal_bsp.a(alt_sys_init.o)
 .debug_abbrev  0x00000dd0       0xcb ../multiplicador_bsp/\libhal_bsp.a(altera_avalon_jtag_uart_fd.o)
 .debug_abbrev  0x00000e9b       0xb6 ../multiplicador_bsp/\libhal_bsp.a(altera_avalon_jtag_uart_read.o)
 .debug_abbrev  0x00000f51       0xb4 ../multiplicador_bsp/\libhal_bsp.a(altera_avalon_jtag_uart_write.o)
 .debug_abbrev  0x00001005       0x88 ../multiplicador_bsp/\libhal_bsp.a(perf_print_formatted_report.o)
 .debug_abbrev  0x0000108d       0xfb ../multiplicador_bsp/\libhal_bsp.a(alt_close.o)
 .debug_abbrev  0x00001188       0x3f ../multiplicador_bsp/\libhal_bsp.a(alt_dcache_flush_all.o)
 .debug_abbrev  0x000011c7       0xc7 ../multiplicador_bsp/\libhal_bsp.a(alt_dev.o)
 .debug_abbrev  0x0000128e       0xf6 ../multiplicador_bsp/\libhal_bsp.a(alt_dev_llist_insert.o)
 .debug_abbrev  0x00001384       0x5e ../multiplicador_bsp/\libhal_bsp.a(alt_errno.o)
 .debug_abbrev  0x000013e2       0x3f ../multiplicador_bsp/\libhal_bsp.a(alt_icache_flush_all.o)
 .debug_abbrev  0x00001421       0xf0 ../multiplicador_bsp/\libhal_bsp.a(alt_io_redirect.o)
 .debug_abbrev  0x00001511      0x112 ../multiplicador_bsp/\libhal_bsp.a(alt_open.o)
 .debug_abbrev  0x00001623       0xc1 ../multiplicador_bsp/\libhal_bsp.a(alt_release_fd.o)
 .debug_abbrev  0x000016e4       0x3f ../multiplicador_bsp/\libhal_bsp.a(altera_nios2_qsys_irq.o)
 .debug_abbrev  0x00001723       0x81 ../multiplicador_bsp/\libhal_bsp.a(altera_avalon_performance_counter.o)
 .debug_abbrev  0x000017a4       0xcf ../multiplicador_bsp/\libhal_bsp.a(alt_find_dev.o)
 .debug_abbrev  0x00001873       0xcf ../multiplicador_bsp/\libhal_bsp.a(alt_find_file.o)
 .debug_abbrev  0x00001942       0xfb ../multiplicador_bsp/\libhal_bsp.a(alt_get_fd.o)
 .debug_abbrev  0x00001a3d       0x4e c:/altera/13.0sp1/nios2eds/bin/gnu/h-i686-mingw32/bin/../lib/gcc/nios2-elf/4.1.2/../../../../nios2-elf/lib/mno-hw-mul\libsmallc.a(lib_a-exit.o)
 .debug_abbrev  0x00001a8b       0x7c c:/altera/13.0sp1/nios2eds/bin/gnu/h-i686-mingw32/bin/../lib/gcc/nios2-elf/4.1.2/../../../../nios2-elf/lib/mno-hw-mul\libsmallc.a(lib_a-memcmp.o)
 .debug_abbrev  0x00001b07      0x180 c:/altera/13.0sp1/nios2eds/bin/gnu/h-i686-mingw32/bin/../lib/gcc/nios2-elf/4.1.2/../../../../nios2-elf/lib/mno-hw-mul\libsmallc.a(lib_a-puts.o)
 .debug_abbrev  0x00001c87      0x1c6 c:/altera/13.0sp1/nios2eds/bin/gnu/h-i686-mingw32/bin/../lib/gcc/nios2-elf/4.1.2/../../../../nios2-elf/lib/mno-hw-mul\libsmallc.a(lib_a-__call_atexit.o)
 .debug_abbrev  0x00001e4d       0xfb c:/altera/13.0sp1/nios2eds/bin/gnu/h-i686-mingw32/bin/../lib/gcc/nios2-elf/4.1.2/mno-hw-mul\libgcc.a(_muldi3.o)
 .debug_abbrev  0x00001f48      0x16b c:/altera/13.0sp1/nios2eds/bin/gnu/h-i686-mingw32/bin/../lib/gcc/nios2-elf/4.1.2/mno-hw-mul\libgcc.a(_udivdi3.o)
 .debug_abbrev  0x000020b3       0x61 c:/altera/13.0sp1/nios2eds/bin/gnu/h-i686-mingw32/bin/../lib/gcc/nios2-elf/4.1.2/mno-hw-mul\libgcc.a(_clz.o)
 .debug_abbrev  0x00002114       0x72 ../multiplicador_bsp/\libhal_bsp.a(alt_exit.o)

.debug_line     0x00000000     0x5f29
 *(.debug_line)
 .debug_line    0x00000000       0x66 ../multiplicador_bsp//obj/HAL/src/crt0.o
 .debug_line    0x00000066      0x257 obj/default/hello_world.o
 .debug_line    0x000002bd      0x2be c:/altera/13.0sp1/nios2eds/bin/gnu/h-i686-mingw32/bin/../lib/gcc/nios2-elf/4.1.2/../../../../nios2-elf/lib/mno-hw-mul\libsmallc.a(lib_a-printf.o)
 .debug_line    0x0000057b      0x666 c:/altera/13.0sp1/nios2eds/bin/gnu/h-i686-mingw32/bin/../lib/gcc/nios2-elf/4.1.2/../../../../nios2-elf/lib/mno-hw-mul\libsmallc.a(lib_a-vfprintf.o)
 .debug_line    0x00000be1      0x2a9 c:/altera/13.0sp1/nios2eds/bin/gnu/h-i686-mingw32/bin/../lib/gcc/nios2-elf/4.1.2/../../../../nios2-elf/lib/mno-hw-mul\libsmallc.a(lib_a-fvwrite_small_dev.o)
 .debug_line    0x00000e8a      0x230 c:/altera/13.0sp1/nios2eds/bin/gnu/h-i686-mingw32/bin/../lib/gcc/nios2-elf/4.1.2/../../../../nios2-elf/lib/mno-hw-mul\libsmallc.a(lib_a-impure.o)
 .debug_line    0x000010ba      0x250 c:/altera/13.0sp1/nios2eds/bin/gnu/h-i686-mingw32/bin/../lib/gcc/nios2-elf/4.1.2/../../../../nios2-elf/lib/mno-hw-mul\libsmallc.a(lib_a-strlen.o)
 .debug_line    0x0000130a      0x29d c:/altera/13.0sp1/nios2eds/bin/gnu/h-i686-mingw32/bin/../lib/gcc/nios2-elf/4.1.2/../../../../nios2-elf/lib/mno-hw-mul\libsmallc.a(lib_a-writer.o)
 .debug_line    0x000015a7      0x1e2 c:/altera/13.0sp1/nios2eds/bin/gnu/h-i686-mingw32/bin/../lib/gcc/nios2-elf/4.1.2/../../../../nios2-elf/lib/mno-hw-mul\libsmallc.a(lib_a-int_errno.o)
 .debug_line    0x00001789      0x24f c:/altera/13.0sp1/nios2eds/bin/gnu/h-i686-mingw32/bin/../lib/gcc/nios2-elf/4.1.2/mno-hw-mul\libgcc.a(lib2-divmod.o)
 .debug_line    0x000019d8      0x11a c:/altera/13.0sp1/nios2eds/bin/gnu/h-i686-mingw32/bin/../lib/gcc/nios2-elf/4.1.2/mno-hw-mul\libgcc.a(lib2-mul.o)
 .debug_line    0x00001af2      0x217 ../multiplicador_bsp/\libhal_bsp.a(alt_load.o)
 .debug_line    0x00001d09      0x2ba ../multiplicador_bsp/\libhal_bsp.a(alt_main.o)
 .debug_line    0x00001fc3      0x2c9 ../multiplicador_bsp/\libhal_bsp.a(alt_write.o)
 .debug_line    0x0000228c      0x2ae ../multiplicador_bsp/\libhal_bsp.a(alt_sys_init.o)
 .debug_line    0x0000253a      0x1d7 ../multiplicador_bsp/\libhal_bsp.a(altera_avalon_jtag_uart_fd.o)
 .debug_line    0x00002711      0x343 ../multiplicador_bsp/\libhal_bsp.a(altera_avalon_jtag_uart_read.o)
 .debug_line    0x00002a54      0x304 ../multiplicador_bsp/\libhal_bsp.a(altera_avalon_jtag_uart_write.o)
 .debug_line    0x00002d58      0x2c7 ../multiplicador_bsp/\libhal_bsp.a(perf_print_formatted_report.o)
 .debug_line    0x0000301f      0x299 ../multiplicador_bsp/\libhal_bsp.a(alt_close.o)
 .debug_line    0x000032b8      0x1b5 ../multiplicador_bsp/\libhal_bsp.a(alt_dcache_flush_all.o)
 .debug_line    0x0000346d      0x254 ../multiplicador_bsp/\libhal_bsp.a(alt_dev.o)
 .debug_line    0x000036c1      0x25a ../multiplicador_bsp/\libhal_bsp.a(alt_dev_llist_insert.o)
 .debug_line    0x0000391b      0x1aa ../multiplicador_bsp/\libhal_bsp.a(alt_errno.o)
 .debug_line    0x00003ac5      0x1b5 ../multiplicador_bsp/\libhal_bsp.a(alt_icache_flush_all.o)
 .debug_line    0x00003c7a      0x2b4 ../multiplicador_bsp/\libhal_bsp.a(alt_io_redirect.o)
 .debug_line    0x00003f2e      0x2ff ../multiplicador_bsp/\libhal_bsp.a(alt_open.o)
 .debug_line    0x0000422d       0xed ../multiplicador_bsp/\libhal_bsp.a(alt_release_fd.o)
 .debug_line    0x0000431a      0x1ce ../multiplicador_bsp/\libhal_bsp.a(altera_nios2_qsys_irq.o)
 .debug_line    0x000044e8      0x12d ../multiplicador_bsp/\libhal_bsp.a(altera_avalon_performance_counter.o)
 .debug_line    0x00004615      0x26b ../multiplicador_bsp/\libhal_bsp.a(alt_find_dev.o)
 .debug_line    0x00004880      0x27c ../multiplicador_bsp/\libhal_bsp.a(alt_find_file.o)
 .debug_line    0x00004afc      0x297 ../multiplicador_bsp/\libhal_bsp.a(alt_get_fd.o)
 .debug_line    0x00004d93      0x223 c:/altera/13.0sp1/nios2eds/bin/gnu/h-i686-mingw32/bin/../lib/gcc/nios2-elf/4.1.2/../../../../nios2-elf/lib/mno-hw-mul\libsmallc.a(lib_a-exit.o)
 .debug_line    0x00004fb6      0x270 c:/altera/13.0sp1/nios2eds/bin/gnu/h-i686-mingw32/bin/../lib/gcc/nios2-elf/4.1.2/../../../../nios2-elf/lib/mno-hw-mul\libsmallc.a(lib_a-memcmp.o)
 .debug_line    0x00005226      0x2b2 c:/altera/13.0sp1/nios2eds/bin/gnu/h-i686-mingw32/bin/../lib/gcc/nios2-elf/4.1.2/../../../../nios2-elf/lib/mno-hw-mul\libsmallc.a(lib_a-puts.o)
 .debug_line    0x000054d8      0x360 c:/altera/13.0sp1/nios2eds/bin/gnu/h-i686-mingw32/bin/../lib/gcc/nios2-elf/4.1.2/../../../../nios2-elf/lib/mno-hw-mul\libsmallc.a(lib_a-__call_atexit.o)
 .debug_line    0x00005838      0x14f c:/altera/13.0sp1/nios2eds/bin/gnu/h-i686-mingw32/bin/../lib/gcc/nios2-elf/4.1.2/mno-hw-mul\libgcc.a(_muldi3.o)
 .debug_line    0x00005987      0x2f2 c:/altera/13.0sp1/nios2eds/bin/gnu/h-i686-mingw32/bin/../lib/gcc/nios2-elf/4.1.2/mno-hw-mul\libgcc.a(_udivdi3.o)
 .debug_line    0x00005c79       0xaa c:/altera/13.0sp1/nios2eds/bin/gnu/h-i686-mingw32/bin/../lib/gcc/nios2-elf/4.1.2/mno-hw-mul\libgcc.a(_clz.o)
 .debug_line    0x00005d23      0x206 ../multiplicador_bsp/\libhal_bsp.a(alt_exit.o)

.debug_frame    0x00000000      0x8a4
 *(.debug_frame)
 .debug_frame   0x00000000       0x2c obj/default/hello_world.o
 .debug_frame   0x0000002c       0x40 c:/altera/13.0sp1/nios2eds/bin/gnu/h-i686-mingw32/bin/../lib/gcc/nios2-elf/4.1.2/../../../../nios2-elf/lib/mno-hw-mul\libsmallc.a(lib_a-printf.o)
 .debug_frame   0x0000006c       0x64 c:/altera/13.0sp1/nios2eds/bin/gnu/h-i686-mingw32/bin/../lib/gcc/nios2-elf/4.1.2/../../../../nios2-elf/lib/mno-hw-mul\libsmallc.a(lib_a-vfprintf.o)
 .debug_frame   0x000000d0       0x30 c:/altera/13.0sp1/nios2eds/bin/gnu/h-i686-mingw32/bin/../lib/gcc/nios2-elf/4.1.2/../../../../nios2-elf/lib/mno-hw-mul\libsmallc.a(lib_a-fvwrite_small_dev.o)
 .debug_frame   0x00000100       0x20 c:/altera/13.0sp1/nios2eds/bin/gnu/h-i686-mingw32/bin/../lib/gcc/nios2-elf/4.1.2/../../../../nios2-elf/lib/mno-hw-mul\libsmallc.a(lib_a-strlen.o)
 .debug_frame   0x00000120       0x2c c:/altera/13.0sp1/nios2eds/bin/gnu/h-i686-mingw32/bin/../lib/gcc/nios2-elf/4.1.2/../../../../nios2-elf/lib/mno-hw-mul\libsmallc.a(lib_a-writer.o)
 .debug_frame   0x0000014c       0x70 c:/altera/13.0sp1/nios2eds/bin/gnu/h-i686-mingw32/bin/../lib/gcc/nios2-elf/4.1.2/mno-hw-mul\libgcc.a(lib2-divmod.o)
 .debug_frame   0x000001bc       0x20 c:/altera/13.0sp1/nios2eds/bin/gnu/h-i686-mingw32/bin/../lib/gcc/nios2-elf/4.1.2/mno-hw-mul\libgcc.a(lib2-mul.o)
 .debug_frame   0x000001dc       0x48 ../multiplicador_bsp/\libhal_bsp.a(alt_load.o)
 .debug_frame   0x00000224       0x2c ../multiplicador_bsp/\libhal_bsp.a(alt_main.o)
 .debug_frame   0x00000250       0x48 ../multiplicador_bsp/\libhal_bsp.a(alt_write.o)
 .debug_frame   0x00000298       0x64 ../multiplicador_bsp/\libhal_bsp.a(alt_sys_init.o)
 .debug_frame   0x000002fc       0x48 ../multiplicador_bsp/\libhal_bsp.a(altera_avalon_jtag_uart_fd.o)
 .debug_frame   0x00000344       0x2c ../multiplicador_bsp/\libhal_bsp.a(altera_avalon_jtag_uart_read.o)
 .debug_frame   0x00000370       0x2c ../multiplicador_bsp/\libhal_bsp.a(altera_avalon_jtag_uart_write.o)
 .debug_frame   0x0000039c       0x2c ../multiplicador_bsp/\libhal_bsp.a(perf_print_formatted_report.o)
 .debug_frame   0x000003c8       0x48 ../multiplicador_bsp/\libhal_bsp.a(alt_close.o)
 .debug_frame   0x00000410       0x2c ../multiplicador_bsp/\libhal_bsp.a(alt_dcache_flush_all.o)
 .debug_frame   0x0000043c       0x2c ../multiplicador_bsp/\libhal_bsp.a(alt_dev.o)
 .debug_frame   0x00000468       0x48 ../multiplicador_bsp/\libhal_bsp.a(alt_dev_llist_insert.o)
 .debug_frame   0x000004b0       0x2c ../multiplicador_bsp/\libhal_bsp.a(alt_icache_flush_all.o)
 .debug_frame   0x000004dc       0x4c ../multiplicador_bsp/\libhal_bsp.a(alt_io_redirect.o)
 .debug_frame   0x00000528       0x68 ../multiplicador_bsp/\libhal_bsp.a(alt_open.o)
 .debug_frame   0x00000590       0x30 ../multiplicador_bsp/\libhal_bsp.a(alt_release_fd.o)
 .debug_frame   0x000005c0       0x2c ../multiplicador_bsp/\libhal_bsp.a(altera_nios2_qsys_irq.o)
 .debug_frame   0x000005ec       0x9c ../multiplicador_bsp/\libhal_bsp.a(altera_avalon_performance_counter.o)
 .debug_frame   0x00000688       0x2c ../multiplicador_bsp/\libhal_bsp.a(alt_find_dev.o)
 .debug_frame   0x000006b4       0x2c ../multiplicador_bsp/\libhal_bsp.a(alt_find_file.o)
 .debug_frame   0x000006e0       0x30 ../multiplicador_bsp/\libhal_bsp.a(alt_get_fd.o)
 .debug_frame   0x00000710       0x2c c:/altera/13.0sp1/nios2eds/bin/gnu/h-i686-mingw32/bin/../lib/gcc/nios2-elf/4.1.2/../../../../nios2-elf/lib/mno-hw-mul\libsmallc.a(lib_a-exit.o)
 .debug_frame   0x0000073c       0x20 c:/altera/13.0sp1/nios2eds/bin/gnu/h-i686-mingw32/bin/../lib/gcc/nios2-elf/4.1.2/../../../../nios2-elf/lib/mno-hw-mul\libsmallc.a(lib_a-memcmp.o)
 .debug_frame   0x0000075c       0x3c c:/altera/13.0sp1/nios2eds/bin/gnu/h-i686-mingw32/bin/../lib/gcc/nios2-elf/4.1.2/../../../../nios2-elf/lib/mno-hw-mul\libsmallc.a(lib_a-puts.o)
 .debug_frame   0x00000798       0x4c c:/altera/13.0sp1/nios2eds/bin/gnu/h-i686-mingw32/bin/../lib/gcc/nios2-elf/4.1.2/../../../../nios2-elf/lib/mno-hw-mul\libsmallc.a(lib_a-__call_atexit.o)
 .debug_frame   0x000007e4       0x40 c:/altera/13.0sp1/nios2eds/bin/gnu/h-i686-mingw32/bin/../lib/gcc/nios2-elf/4.1.2/mno-hw-mul\libgcc.a(_muldi3.o)
 .debug_frame   0x00000824       0x38 c:/altera/13.0sp1/nios2eds/bin/gnu/h-i686-mingw32/bin/../lib/gcc/nios2-elf/4.1.2/mno-hw-mul\libgcc.a(_udivdi3.o)
 .debug_frame   0x0000085c       0x48 ../multiplicador_bsp/\libhal_bsp.a(alt_exit.o)

.debug_str      0x00000000      0xdcf
 *(.debug_str)
 .debug_str     0x00000000       0x12 obj/default/hello_world.o
 .debug_str     0x00000012      0x406 c:/altera/13.0sp1/nios2eds/bin/gnu/h-i686-mingw32/bin/../lib/gcc/nios2-elf/4.1.2/../../../../nios2-elf/lib/mno-hw-mul\libsmallc.a(lib_a-printf.o)
                                0x466 (size before relaxing)
 .debug_str     0x00000418      0x168 c:/altera/13.0sp1/nios2eds/bin/gnu/h-i686-mingw32/bin/../lib/gcc/nios2-elf/4.1.2/../../../../nios2-elf/lib/mno-hw-mul\libsmallc.a(lib_a-vfprintf.o)
                                0x5af (size before relaxing)
 .debug_str     0x00000580       0x70 c:/altera/13.0sp1/nios2eds/bin/gnu/h-i686-mingw32/bin/../lib/gcc/nios2-elf/4.1.2/../../../../nios2-elf/lib/mno-hw-mul\libsmallc.a(lib_a-fvwrite_small_dev.o)
                                0x46a (size before relaxing)
 .debug_str     0x000005f0       0xf8 c:/altera/13.0sp1/nios2eds/bin/gnu/h-i686-mingw32/bin/../lib/gcc/nios2-elf/4.1.2/../../../../nios2-elf/lib/mno-hw-mul\libsmallc.a(lib_a-impure.o)
                                0x45d (size before relaxing)
 .debug_str     0x000006e8       0xe2 c:/altera/13.0sp1/nios2eds/bin/gnu/h-i686-mingw32/bin/../lib/gcc/nios2-elf/4.1.2/../../../../nios2-elf/lib/mno-hw-mul\libsmallc.a(lib_a-strlen.o)
                                0x184 (size before relaxing)
 .debug_str     0x000007ca       0x4f c:/altera/13.0sp1/nios2eds/bin/gnu/h-i686-mingw32/bin/../lib/gcc/nios2-elf/4.1.2/../../../../nios2-elf/lib/mno-hw-mul\libsmallc.a(lib_a-writer.o)
                                0x451 (size before relaxing)
 .debug_str     0x00000819       0x40 c:/altera/13.0sp1/nios2eds/bin/gnu/h-i686-mingw32/bin/../lib/gcc/nios2-elf/4.1.2/../../../../nios2-elf/lib/mno-hw-mul\libsmallc.a(lib_a-int_errno.o)
                                0x177 (size before relaxing)
 .debug_str     0x00000859      0x10b c:/altera/13.0sp1/nios2eds/bin/gnu/h-i686-mingw32/bin/../lib/gcc/nios2-elf/4.1.2/mno-hw-mul\libgcc.a(lib2-divmod.o)
                                0x1b4 (size before relaxing)
 .debug_str     0x00000964       0x37 c:/altera/13.0sp1/nios2eds/bin/gnu/h-i686-mingw32/bin/../lib/gcc/nios2-elf/4.1.2/mno-hw-mul\libgcc.a(lib2-mul.o)
                                0x175 (size before relaxing)
 .debug_str     0x0000099b       0x12 ../multiplicador_bsp/\libhal_bsp.a(alt_load.o)
 .debug_str     0x000009ad       0x12 ../multiplicador_bsp/\libhal_bsp.a(alt_main.o)
 .debug_str     0x000009bf       0x12 ../multiplicador_bsp/\libhal_bsp.a(alt_write.o)
 .debug_str     0x000009d1       0x12 ../multiplicador_bsp/\libhal_bsp.a(alt_sys_init.o)
 .debug_str     0x000009e3       0x12 ../multiplicador_bsp/\libhal_bsp.a(altera_avalon_jtag_uart_read.o)
 .debug_str     0x000009f5       0x12 ../multiplicador_bsp/\libhal_bsp.a(altera_avalon_jtag_uart_write.o)
 .debug_str     0x00000a07       0x12 ../multiplicador_bsp/\libhal_bsp.a(perf_print_formatted_report.o)
 .debug_str     0x00000a19       0x12 ../multiplicador_bsp/\libhal_bsp.a(alt_close.o)
 .debug_str     0x00000a2b       0x12 ../multiplicador_bsp/\libhal_bsp.a(alt_dcache_flush_all.o)
 .debug_str     0x00000a3d       0x12 ../multiplicador_bsp/\libhal_bsp.a(alt_dev.o)
 .debug_str     0x00000a4f       0x12 ../multiplicador_bsp/\libhal_bsp.a(alt_dev_llist_insert.o)
 .debug_str     0x00000a61       0x12 ../multiplicador_bsp/\libhal_bsp.a(alt_errno.o)
 .debug_str     0x00000a73       0x12 ../multiplicador_bsp/\libhal_bsp.a(alt_icache_flush_all.o)
 .debug_str     0x00000a85       0x12 ../multiplicador_bsp/\libhal_bsp.a(alt_io_redirect.o)
 .debug_str     0x00000a97       0x12 ../multiplicador_bsp/\libhal_bsp.a(alt_open.o)
 .debug_str     0x00000aa9       0x12 ../multiplicador_bsp/\libhal_bsp.a(altera_nios2_qsys_irq.o)
 .debug_str     0x00000abb       0x1e ../multiplicador_bsp/\libhal_bsp.a(altera_avalon_performance_counter.o)
 .debug_str     0x00000ad9       0x12 ../multiplicador_bsp/\libhal_bsp.a(alt_find_dev.o)
 .debug_str     0x00000aeb       0x12 ../multiplicador_bsp/\libhal_bsp.a(alt_find_file.o)
 .debug_str     0x00000afd       0x12 ../multiplicador_bsp/\libhal_bsp.a(alt_get_fd.o)
 .debug_str     0x00000b0f       0xde c:/altera/13.0sp1/nios2eds/bin/gnu/h-i686-mingw32/bin/../lib/gcc/nios2-elf/4.1.2/../../../../nios2-elf/lib/mno-hw-mul\libsmallc.a(lib_a-exit.o)
                                0x178 (size before relaxing)
 .debug_str     0x00000bed       0x45 c:/altera/13.0sp1/nios2eds/bin/gnu/h-i686-mingw32/bin/../lib/gcc/nios2-elf/4.1.2/../../../../nios2-elf/lib/mno-hw-mul\libsmallc.a(lib_a-memcmp.o)
                                0x17e (size before relaxing)
 .debug_str     0x00000c32       0x48 c:/altera/13.0sp1/nios2eds/bin/gnu/h-i686-mingw32/bin/../lib/gcc/nios2-elf/4.1.2/../../../../nios2-elf/lib/mno-hw-mul\libsmallc.a(lib_a-puts.o)
                                0x450 (size before relaxing)
 .debug_str     0x00000c7a       0x7e c:/altera/13.0sp1/nios2eds/bin/gnu/h-i686-mingw32/bin/../lib/gcc/nios2-elf/4.1.2/../../../../nios2-elf/lib/mno-hw-mul\libsmallc.a(lib_a-__call_atexit.o)
                                0x491 (size before relaxing)
 .debug_str     0x00000cf8       0x67 c:/altera/13.0sp1/nios2eds/bin/gnu/h-i686-mingw32/bin/../lib/gcc/nios2-elf/4.1.2/mno-hw-mul\libgcc.a(_muldi3.o)
                                0x1ac (size before relaxing)
 .debug_str     0x00000d5f       0x54 c:/altera/13.0sp1/nios2eds/bin/gnu/h-i686-mingw32/bin/../lib/gcc/nios2-elf/4.1.2/mno-hw-mul\libgcc.a(_udivdi3.o)
                                0x1f7 (size before relaxing)
 .debug_str     0x00000000      0x161 c:/altera/13.0sp1/nios2eds/bin/gnu/h-i686-mingw32/bin/../lib/gcc/nios2-elf/4.1.2/mno-hw-mul\libgcc.a(_clz.o)
 .debug_str     0x00000db3       0x1c ../multiplicador_bsp/\libhal_bsp.a(alt_exit.o)

.debug_loc      0x00000000     0x23c5
 *(.debug_loc)
 .debug_loc     0x00000000       0x2b obj/default/hello_world.o
 .debug_loc     0x0000002b       0x8d c:/altera/13.0sp1/nios2eds/bin/gnu/h-i686-mingw32/bin/../lib/gcc/nios2-elf/4.1.2/../../../../nios2-elf/lib/mno-hw-mul\libsmallc.a(lib_a-printf.o)
 .debug_loc     0x000000b8      0x878 c:/altera/13.0sp1/nios2eds/bin/gnu/h-i686-mingw32/bin/../lib/gcc/nios2-elf/4.1.2/../../../../nios2-elf/lib/mno-hw-mul\libsmallc.a(lib_a-vfprintf.o)
 .debug_loc     0x00000930      0x162 c:/altera/13.0sp1/nios2eds/bin/gnu/h-i686-mingw32/bin/../lib/gcc/nios2-elf/4.1.2/../../../../nios2-elf/lib/mno-hw-mul\libsmallc.a(lib_a-fvwrite_small_dev.o)
 .debug_loc     0x00000a92       0x1e c:/altera/13.0sp1/nios2eds/bin/gnu/h-i686-mingw32/bin/../lib/gcc/nios2-elf/4.1.2/../../../../nios2-elf/lib/mno-hw-mul\libsmallc.a(lib_a-strlen.o)
 .debug_loc     0x00000ab0       0x97 c:/altera/13.0sp1/nios2eds/bin/gnu/h-i686-mingw32/bin/../lib/gcc/nios2-elf/4.1.2/../../../../nios2-elf/lib/mno-hw-mul\libsmallc.a(lib_a-writer.o)
 .debug_loc     0x00000b47      0x1d2 c:/altera/13.0sp1/nios2eds/bin/gnu/h-i686-mingw32/bin/../lib/gcc/nios2-elf/4.1.2/mno-hw-mul\libgcc.a(lib2-divmod.o)
 .debug_loc     0x00000d19       0x4f c:/altera/13.0sp1/nios2eds/bin/gnu/h-i686-mingw32/bin/../lib/gcc/nios2-elf/4.1.2/mno-hw-mul\libgcc.a(lib2-mul.o)
 .debug_loc     0x00000d68       0x56 ../multiplicador_bsp/\libhal_bsp.a(alt_load.o)
 .debug_loc     0x00000dbe       0x2b ../multiplicador_bsp/\libhal_bsp.a(alt_main.o)
 .debug_loc     0x00000de9       0x56 ../multiplicador_bsp/\libhal_bsp.a(alt_write.o)
 .debug_loc     0x00000e3f       0x81 ../multiplicador_bsp/\libhal_bsp.a(alt_sys_init.o)
 .debug_loc     0x00000ec0       0x56 ../multiplicador_bsp/\libhal_bsp.a(altera_avalon_jtag_uart_fd.o)
 .debug_loc     0x00000f16       0x2b ../multiplicador_bsp/\libhal_bsp.a(altera_avalon_jtag_uart_read.o)
 .debug_loc     0x00000f41       0x2b ../multiplicador_bsp/\libhal_bsp.a(altera_avalon_jtag_uart_write.o)
 .debug_loc     0x00000f6c       0x2c ../multiplicador_bsp/\libhal_bsp.a(perf_print_formatted_report.o)
 .debug_loc     0x00000f98       0x56 ../multiplicador_bsp/\libhal_bsp.a(alt_close.o)
 .debug_loc     0x00000fee       0x2b ../multiplicador_bsp/\libhal_bsp.a(alt_dcache_flush_all.o)
 .debug_loc     0x00001019       0x2b ../multiplicador_bsp/\libhal_bsp.a(alt_dev.o)
 .debug_loc     0x00001044       0x56 ../multiplicador_bsp/\libhal_bsp.a(alt_dev_llist_insert.o)
 .debug_loc     0x0000109a       0x2b ../multiplicador_bsp/\libhal_bsp.a(alt_icache_flush_all.o)
 .debug_loc     0x000010c5       0x56 ../multiplicador_bsp/\libhal_bsp.a(alt_io_redirect.o)
 .debug_loc     0x0000111b       0x81 ../multiplicador_bsp/\libhal_bsp.a(alt_open.o)
 .debug_loc     0x0000119c       0x2b ../multiplicador_bsp/\libhal_bsp.a(alt_release_fd.o)
 .debug_loc     0x000011c7       0x2b ../multiplicador_bsp/\libhal_bsp.a(altera_nios2_qsys_irq.o)
 .debug_loc     0x000011f2       0xd7 ../multiplicador_bsp/\libhal_bsp.a(altera_avalon_performance_counter.o)
 .debug_loc     0x000012c9       0x2b ../multiplicador_bsp/\libhal_bsp.a(alt_find_dev.o)
 .debug_loc     0x000012f4       0x2b ../multiplicador_bsp/\libhal_bsp.a(alt_find_file.o)
 .debug_loc     0x0000131f       0x2b ../multiplicador_bsp/\libhal_bsp.a(alt_get_fd.o)
 .debug_loc     0x0000134a       0x3d c:/altera/13.0sp1/nios2eds/bin/gnu/h-i686-mingw32/bin/../lib/gcc/nios2-elf/4.1.2/../../../../nios2-elf/lib/mno-hw-mul\libsmallc.a(lib_a-exit.o)
 .debug_loc     0x00001387       0x70 c:/altera/13.0sp1/nios2eds/bin/gnu/h-i686-mingw32/bin/../lib/gcc/nios2-elf/4.1.2/../../../../nios2-elf/lib/mno-hw-mul\libsmallc.a(lib_a-memcmp.o)
 .debug_loc     0x000013f7       0xa2 c:/altera/13.0sp1/nios2eds/bin/gnu/h-i686-mingw32/bin/../lib/gcc/nios2-elf/4.1.2/../../../../nios2-elf/lib/mno-hw-mul\libsmallc.a(lib_a-puts.o)
 .debug_loc     0x00001499      0x1c1 c:/altera/13.0sp1/nios2eds/bin/gnu/h-i686-mingw32/bin/../lib/gcc/nios2-elf/4.1.2/../../../../nios2-elf/lib/mno-hw-mul\libsmallc.a(lib_a-__call_atexit.o)
 .debug_loc     0x0000165a      0x103 c:/altera/13.0sp1/nios2eds/bin/gnu/h-i686-mingw32/bin/../lib/gcc/nios2-elf/4.1.2/mno-hw-mul\libgcc.a(_muldi3.o)
 .debug_loc     0x0000175d      0xc12 c:/altera/13.0sp1/nios2eds/bin/gnu/h-i686-mingw32/bin/../lib/gcc/nios2-elf/4.1.2/mno-hw-mul\libgcc.a(_udivdi3.o)
 .debug_loc     0x0000236f       0x56 ../multiplicador_bsp/\libhal_bsp.a(alt_exit.o)

.debug_macinfo
 *(.debug_macinfo)

.debug_weaknames
 *(.debug_weaknames)

.debug_funcnames
 *(.debug_funcnames)

.debug_typenames
 *(.debug_typenames)

.debug_varnames
 *(.debug_varnames)

.debug_alt_sim_info
                0x00000000       0x10
 *(.debug_alt_sim_info)
 .debug_alt_sim_info
                0x00000000       0x10 ../multiplicador_bsp//obj/HAL/src/crt0.o
                0x0001a000                __alt_data_end = 0x1a000
                0x0001a000                PROVIDE (__alt_stack_pointer, __alt_data_end)
                0x00013308                PROVIDE (__alt_stack_limit, __alt_stack_base)
                0x00013308                PROVIDE (__alt_heap_start, end)
                0x0001a000                PROVIDE (__alt_heap_limit, 0x1a000)
OUTPUT(multiplicador.elf elf32-littlenios2)

.debug_ranges   0x00000000      0x390
 .debug_ranges  0x00000000       0x20 ../multiplicador_bsp//obj/HAL/src/crt0.o
 .debug_ranges  0x00000020      0x140 c:/altera/13.0sp1/nios2eds/bin/gnu/h-i686-mingw32/bin/../lib/gcc/nios2-elf/4.1.2/../../../../nios2-elf/lib/mno-hw-mul\libsmallc.a(lib_a-vfprintf.o)
 .debug_ranges  0x00000160       0x18 c:/altera/13.0sp1/nios2eds/bin/gnu/h-i686-mingw32/bin/../lib/gcc/nios2-elf/4.1.2/../../../../nios2-elf/lib/mno-hw-mul\libsmallc.a(lib_a-__call_atexit.o)
 .debug_ranges  0x00000178       0x88 c:/altera/13.0sp1/nios2eds/bin/gnu/h-i686-mingw32/bin/../lib/gcc/nios2-elf/4.1.2/mno-hw-mul\libgcc.a(_muldi3.o)
 .debug_ranges  0x00000200      0x190 c:/altera/13.0sp1/nios2eds/bin/gnu/h-i686-mingw32/bin/../lib/gcc/nios2-elf/4.1.2/mno-hw-mul\libgcc.a(_udivdi3.o)
