Archive member included because of file (symbol)

c:/altera/13.0sp1/nios2eds/bin/gnu/h-i686-mingw32/bin/../lib/gcc/nios2-elf/4.1.2/../../../../nios2-elf/lib/mno-hw-mul\libsmallc.a(lib_a-printf.o)
                              obj/default/hello_world.o (printf)
c:/altera/13.0sp1/nios2eds/bin/gnu/h-i686-mingw32/bin/../lib/gcc/nios2-elf/4.1.2/../../../../nios2-elf/lib/mno-hw-mul\libsmallc.a(lib_a-vfprintf.o)
                              c:/altera/13.0sp1/nios2eds/bin/gnu/h-i686-mingw32/bin/../lib/gcc/nios2-elf/4.1.2/../../../../nios2-elf/lib/mno-hw-mul\libsmallc.a(lib_a-printf.o) (___vfprintf_internal_r)
c:/altera/13.0sp1/nios2eds/bin/gnu/h-i686-mingw32/bin/../lib/gcc/nios2-elf/4.1.2/../../../../nios2-elf/lib/mno-hw-mul\libsmallc.a(lib_a-fvwrite_small_dev.o)
                              c:/altera/13.0sp1/nios2eds/bin/gnu/h-i686-mingw32/bin/../lib/gcc/nios2-elf/4.1.2/../../../../nios2-elf/lib/mno-hw-mul\libsmallc.a(lib_a-printf.o) (__sfvwrite_small_dev)
c:/altera/13.0sp1/nios2eds/bin/gnu/h-i686-mingw32/bin/../lib/gcc/nios2-elf/4.1.2/../../../../nios2-elf/lib/mno-hw-mul\libsmallc.a(lib_a-impure.o)
                              c:/altera/13.0sp1/nios2eds/bin/gnu/h-i686-mingw32/bin/../lib/gcc/nios2-elf/4.1.2/../../../../nios2-elf/lib/mno-hw-mul\libsmallc.a(lib_a-printf.o) (_impure_ptr)
c:/altera/13.0sp1/nios2eds/bin/gnu/h-i686-mingw32/bin/../lib/gcc/nios2-elf/4.1.2/../../../../nios2-elf/lib/mno-hw-mul\libsmallc.a(lib_a-strlen.o)
                              c:/altera/13.0sp1/nios2eds/bin/gnu/h-i686-mingw32/bin/../lib/gcc/nios2-elf/4.1.2/../../../../nios2-elf/lib/mno-hw-mul\libsmallc.a(lib_a-vfprintf.o) (strlen)
c:/altera/13.0sp1/nios2eds/bin/gnu/h-i686-mingw32/bin/../lib/gcc/nios2-elf/4.1.2/../../../../nios2-elf/lib/mno-hw-mul\libsmallc.a(lib_a-writer.o)
                              c:/altera/13.0sp1/nios2eds/bin/gnu/h-i686-mingw32/bin/../lib/gcc/nios2-elf/4.1.2/../../../../nios2-elf/lib/mno-hw-mul\libsmallc.a(lib_a-fvwrite_small_dev.o) (_write_r)
c:/altera/13.0sp1/nios2eds/bin/gnu/h-i686-mingw32/bin/../lib/gcc/nios2-elf/4.1.2/../../../../nios2-elf/lib/mno-hw-mul\libsmallc.a(lib_a-int_errno.o)
                              c:/altera/13.0sp1/nios2eds/bin/gnu/h-i686-mingw32/bin/../lib/gcc/nios2-elf/4.1.2/../../../../nios2-elf/lib/mno-hw-mul\libsmallc.a(lib_a-writer.o) (errno)
c:/altera/13.0sp1/nios2eds/bin/gnu/h-i686-mingw32/bin/../lib/gcc/nios2-elf/4.1.2/mno-hw-mul\libgcc.a(lib2-divmod.o)
                              c:/altera/13.0sp1/nios2eds/bin/gnu/h-i686-mingw32/bin/../lib/gcc/nios2-elf/4.1.2/../../../../nios2-elf/lib/mno-hw-mul\libsmallc.a(lib_a-vfprintf.o) (__udivsi3)
c:/altera/13.0sp1/nios2eds/bin/gnu/h-i686-mingw32/bin/../lib/gcc/nios2-elf/4.1.2/mno-hw-mul\libgcc.a(lib2-mul.o)
                              c:/altera/13.0sp1/nios2eds/bin/gnu/h-i686-mingw32/bin/../lib/gcc/nios2-elf/4.1.2/../../../../nios2-elf/lib/mno-hw-mul\libsmallc.a(lib_a-vfprintf.o) (__mulsi3)
../multiplicacao_bsp/\libhal_bsp.a(alt_load.o)
                              ../multiplicacao_bsp//obj/HAL/src/crt0.o (alt_load)
../multiplicacao_bsp/\libhal_bsp.a(alt_main.o)
                              ../multiplicacao_bsp//obj/HAL/src/crt0.o (alt_main)
../multiplicacao_bsp/\libhal_bsp.a(alt_write.o)
                              c:/altera/13.0sp1/nios2eds/bin/gnu/h-i686-mingw32/bin/../lib/gcc/nios2-elf/4.1.2/../../../../nios2-elf/lib/mno-hw-mul\libsmallc.a(lib_a-writer.o) (write)
../multiplicacao_bsp/\libhal_bsp.a(alt_sys_init.o)
                              ../multiplicacao_bsp/\libhal_bsp.a(alt_main.o) (alt_irq_init)
../multiplicacao_bsp/\libhal_bsp.a(altera_avalon_jtag_uart_fd.o)
                              ../multiplicacao_bsp/\libhal_bsp.a(alt_sys_init.o) (altera_avalon_jtag_uart_read_fd)
../multiplicacao_bsp/\libhal_bsp.a(altera_avalon_jtag_uart_read.o)
                              ../multiplicacao_bsp/\libhal_bsp.a(altera_avalon_jtag_uart_fd.o) (altera_avalon_jtag_uart_read)
../multiplicacao_bsp/\libhal_bsp.a(altera_avalon_jtag_uart_write.o)
                              ../multiplicacao_bsp/\libhal_bsp.a(altera_avalon_jtag_uart_fd.o) (altera_avalon_jtag_uart_write)
../multiplicacao_bsp/\libhal_bsp.a(alt_close.o)
                              ../multiplicacao_bsp/\libhal_bsp.a(alt_main.o) (close)
../multiplicacao_bsp/\libhal_bsp.a(alt_dcache_flush_all.o)
                              ../multiplicacao_bsp/\libhal_bsp.a(alt_load.o) (alt_dcache_flush_all)
../multiplicacao_bsp/\libhal_bsp.a(alt_dev.o)
                              ../multiplicacao_bsp/\libhal_bsp.a(alt_sys_init.o) (alt_dev_list)
../multiplicacao_bsp/\libhal_bsp.a(alt_dev_llist_insert.o)
                              ../multiplicacao_bsp/\libhal_bsp.a(alt_sys_init.o) (alt_dev_llist_insert)
../multiplicacao_bsp/\libhal_bsp.a(alt_errno.o)
                              ../multiplicacao_bsp/\libhal_bsp.a(alt_write.o) (alt_errno)
../multiplicacao_bsp/\libhal_bsp.a(alt_icache_flush_all.o)
                              ../multiplicacao_bsp/\libhal_bsp.a(alt_load.o) (alt_icache_flush_all)
../multiplicacao_bsp/\libhal_bsp.a(alt_io_redirect.o)
                              ../multiplicacao_bsp/\libhal_bsp.a(alt_main.o) (alt_io_redirect)
../multiplicacao_bsp/\libhal_bsp.a(alt_open.o)
                              ../multiplicacao_bsp/\libhal_bsp.a(alt_io_redirect.o) (open)
../multiplicacao_bsp/\libhal_bsp.a(alt_release_fd.o)
                              ../multiplicacao_bsp/\libhal_bsp.a(alt_close.o) (alt_release_fd)
../multiplicacao_bsp/\libhal_bsp.a(altera_nios2_qsys_irq.o)
                              ../multiplicacao_bsp/\libhal_bsp.a(alt_sys_init.o) (altera_nios2_qsys_irq_init)
../multiplicacao_bsp/\libhal_bsp.a(alt_find_dev.o)
                              ../multiplicacao_bsp/\libhal_bsp.a(alt_open.o) (alt_find_dev)
../multiplicacao_bsp/\libhal_bsp.a(alt_find_file.o)
                              ../multiplicacao_bsp/\libhal_bsp.a(alt_open.o) (alt_find_file)
../multiplicacao_bsp/\libhal_bsp.a(alt_get_fd.o)
                              ../multiplicacao_bsp/\libhal_bsp.a(alt_open.o) (alt_get_fd)
c:/altera/13.0sp1/nios2eds/bin/gnu/h-i686-mingw32/bin/../lib/gcc/nios2-elf/4.1.2/../../../../nios2-elf/lib/mno-hw-mul\libsmallc.a(lib_a-exit.o)
                              ../multiplicacao_bsp/\libhal_bsp.a(alt_main.o) (exit)
c:/altera/13.0sp1/nios2eds/bin/gnu/h-i686-mingw32/bin/../lib/gcc/nios2-elf/4.1.2/../../../../nios2-elf/lib/mno-hw-mul\libsmallc.a(lib_a-memcmp.o)
                              ../multiplicacao_bsp/\libhal_bsp.a(alt_find_dev.o) (memcmp)
c:/altera/13.0sp1/nios2eds/bin/gnu/h-i686-mingw32/bin/../lib/gcc/nios2-elf/4.1.2/../../../../nios2-elf/lib/mno-hw-mul\libsmallc.a(lib_a-__call_atexit.o)
                              c:/altera/13.0sp1/nios2eds/bin/gnu/h-i686-mingw32/bin/../lib/gcc/nios2-elf/4.1.2/../../../../nios2-elf/lib/mno-hw-mul\libsmallc.a(lib_a-exit.o) (__call_exitprocs)
../multiplicacao_bsp/\libhal_bsp.a(alt_exit.o)
                              c:/altera/13.0sp1/nios2eds/bin/gnu/h-i686-mingw32/bin/../lib/gcc/nios2-elf/4.1.2/../../../../nios2-elf/lib/mno-hw-mul\libsmallc.a(lib_a-exit.o) (_exit)

Allocating common symbols
Common symbol       size              file

errno               0x4               c:/altera/13.0sp1/nios2eds/bin/gnu/h-i686-mingw32/bin/../lib/gcc/nios2-elf/4.1.2/../../../../nios2-elf/lib/mno-hw-mul\libsmallc.a(lib_a-int_errno.o)

Memory Configuration

Name             Origin             Length             Attributes
reset            0x00010000         0x00000020
ram              0x00010020         0x00009fe0
*default*        0x00000000         0xffffffff

Linker script and memory map

LOAD ../multiplicacao_bsp//obj/HAL/src/crt0.o
LOAD obj/default/hello_world.o
LOAD c:/altera/13.0sp1/nios2eds/bin/gnu/h-i686-mingw32/bin/../lib/gcc/nios2-elf/4.1.2/../../../../nios2-elf/lib/mno-hw-mul\libstdc++.a
LOAD c:/altera/13.0sp1/nios2eds/bin/gnu/h-i686-mingw32/bin/../lib/gcc/nios2-elf/4.1.2/../../../../nios2-elf/lib/mno-hw-mul\libm.a
LOAD c:/altera/13.0sp1/nios2eds/bin/gnu/h-i686-mingw32/bin/../lib/gcc/nios2-elf/4.1.2/mno-hw-mul\libgcc.a
START GROUP
LOAD c:/altera/13.0sp1/nios2eds/bin/gnu/h-i686-mingw32/bin/../lib/gcc/nios2-elf/4.1.2/../../../../nios2-elf/lib/mno-hw-mul\libsmallc.a
LOAD c:/altera/13.0sp1/nios2eds/bin/gnu/h-i686-mingw32/bin/../lib/gcc/nios2-elf/4.1.2/mno-hw-mul\libgcc.a
LOAD ../multiplicacao_bsp/\libhal_bsp.a
END GROUP
LOAD c:/altera/13.0sp1/nios2eds/bin/gnu/h-i686-mingw32/bin/../lib/gcc/nios2-elf/4.1.2/mno-hw-mul\libgcc.a
                0x00010000                __alt_mem_ram = 0x10000

.entry          0x00010000       0x20
 *(.entry)
 .entry         0x00010000       0x20 ../multiplicacao_bsp//obj/HAL/src/crt0.o
                0x00010000                __reset

.exceptions     0x00010020        0x0
                0x00010020                PROVIDE (__ram_exceptions_start, ABSOLUTE (.))
                0x00010020                . = ALIGN (0x20)
 *(.irq)
 *(.exceptions.entry.label)
 *(.exceptions.entry.user)
 *(.exceptions.entry)
 *(.exceptions.irqtest.user)
 *(.exceptions.irqtest)
 *(.exceptions.irqhandler.user)
 *(.exceptions.irqhandler)
 *(.exceptions.irqreturn.user)
 *(.exceptions.irqreturn)
 *(.exceptions.notirq.label)
 *(.exceptions.notirq.user)
 *(.exceptions.notirq)
 *(.exceptions.soft.user)
 *(.exceptions.soft)
 *(.exceptions.unknown.user)
 *(.exceptions.unknown)
 *(.exceptions.exit.label)
 *(.exceptions.exit.user)
 *(.exceptions.exit)
 *(.exceptions)
                0x00010020                PROVIDE (__ram_exceptions_end, ABSOLUTE (.))
                0x00010020                PROVIDE (__flash_exceptions_start, LOADADDR (.exceptions))

.text           0x00010020     0x1ddc
                0x00010020                PROVIDE (stext, ABSOLUTE (.))
 *(.interp)
 *(.hash)
 *(.dynsym)
 *(.dynstr)
 *(.gnu.version)
 *(.gnu.version_d)
 *(.gnu.version_r)
 *(.rel.init)
 *(.rela.init)
 *(.rel.text .rel.text.* .rel.gnu.linkonce.t.*)
 *(.rela.text .rela.text.* .rela.gnu.linkonce.t.*)
 *(.rel.fini)
 *(.rela.fini)
 *(.rel.rodata .rel.rodata.* .rel.gnu.linkonce.r.*)
 *(.rela.rodata .rela.rodata.* .rela.gnu.linkonce.r.*)
 *(.rel.data .rel.data.* .rel.gnu.linkonce.d.*)
 *(.rela.data .rela.data.* .rela.gnu.linkonce.d.*)
 *(.rel.tdata .rel.tdata.* .rel.gnu.linkonce.td.*)
 *(.rela.tdata .rela.tdata.* .rela.gnu.linkonce.td.*)
 *(.rel.tbss .rel.tbss.* .rel.gnu.linkonce.tb.*)
 *(.rela.tbss .rela.tbss.* .rela.gnu.linkonce.tb.*)
 *(.rel.ctors)
 *(.rela.ctors)
 *(.rel.dtors)
 *(.rela.dtors)
 *(.rel.got)
 *(.rela.got)
 *(.rel.sdata .rel.sdata.* .rel.gnu.linkonce.s.*)
 *(.rela.sdata .rela.sdata.* .rela.gnu.linkonce.s.*)
 *(.rel.sbss .rel.sbss.* .rel.gnu.linkonce.sb.*)
 *(.rela.sbss .rela.sbss.* .rela.gnu.linkonce.sb.*)
 *(.rel.sdata2 .rel.sdata2.* .rel.gnu.linkonce.s2.*)
 *(.rela.sdata2 .rela.sdata2.* .rela.gnu.linkonce.s2.*)
 *(.rel.sbss2 .rel.sbss2.* .rel.gnu.linkonce.sb2.*)
 *(.rela.sbss2 .rela.sbss2.* .rela.gnu.linkonce.sb2.*)
 *(.rel.bss .rel.bss.* .rel.gnu.linkonce.b.*)
 *(.rela.bss .rela.bss.* .rela.gnu.linkonce.b.*)
 *(.rel.plt)
 *(.rela.plt)
 *(.rel.dyn)
 *(.init)
 *(.plt)
 *(.text .stub .text.* .gnu.linkonce.t.*)
 .text          0x00010020       0x3c ../multiplicacao_bsp//obj/HAL/src/crt0.o
                0x00010020                _start
 .text          0x0001005c       0x88 obj/default/hello_world.o
                0x0001005c                main
 .text          0x000100e4       0x98 c:/altera/13.0sp1/nios2eds/bin/gnu/h-i686-mingw32/bin/../lib/gcc/nios2-elf/4.1.2/../../../../nios2-elf/lib/mno-hw-mul\libsmallc.a(lib_a-printf.o)
                0x000100e4                printf
                0x00010138                _printf_r
 .text          0x0001017c      0x740 c:/altera/13.0sp1/nios2eds/bin/gnu/h-i686-mingw32/bin/../lib/gcc/nios2-elf/4.1.2/../../../../nios2-elf/lib/mno-hw-mul\libsmallc.a(lib_a-vfprintf.o)
                0x000101fc                ___vfprintf_internal_r
                0x00010898                __vfprintf_internal
 .text          0x000108bc       0xbc c:/altera/13.0sp1/nios2eds/bin/gnu/h-i686-mingw32/bin/../lib/gcc/nios2-elf/4.1.2/../../../../nios2-elf/lib/mno-hw-mul\libsmallc.a(lib_a-fvwrite_small_dev.o)
                0x000108bc                __sfvwrite_small_dev
 .text          0x00010978        0x0 c:/altera/13.0sp1/nios2eds/bin/gnu/h-i686-mingw32/bin/../lib/gcc/nios2-elf/4.1.2/../../../../nios2-elf/lib/mno-hw-mul\libsmallc.a(lib_a-impure.o)
 .text          0x00010978       0x20 c:/altera/13.0sp1/nios2eds/bin/gnu/h-i686-mingw32/bin/../lib/gcc/nios2-elf/4.1.2/../../../../nios2-elf/lib/mno-hw-mul\libsmallc.a(lib_a-strlen.o)
                0x00010978                strlen
 .text          0x00010998       0x78 c:/altera/13.0sp1/nios2eds/bin/gnu/h-i686-mingw32/bin/../lib/gcc/nios2-elf/4.1.2/../../../../nios2-elf/lib/mno-hw-mul\libsmallc.a(lib_a-writer.o)
                0x00010998                _write_r
 .text          0x00010a10        0x0 c:/altera/13.0sp1/nios2eds/bin/gnu/h-i686-mingw32/bin/../lib/gcc/nios2-elf/4.1.2/../../../../nios2-elf/lib/mno-hw-mul\libsmallc.a(lib_a-int_errno.o)
 .text          0x00010a10      0x14c c:/altera/13.0sp1/nios2eds/bin/gnu/h-i686-mingw32/bin/../lib/gcc/nios2-elf/4.1.2/mno-hw-mul\libgcc.a(lib2-divmod.o)
                0x00010a8c                __divsi3
                0x00010aec                __modsi3
                0x00010b4c                __udivsi3
                0x00010b54                __umodsi3
 .text          0x00010b5c       0x38 c:/altera/13.0sp1/nios2eds/bin/gnu/h-i686-mingw32/bin/../lib/gcc/nios2-elf/4.1.2/mno-hw-mul\libgcc.a(lib2-mul.o)
                0x00010b5c                __mulsi3
 .text          0x00010b94       0xec ../multiplicacao_bsp/\libhal_bsp.a(alt_load.o)
                0x00010b94                alt_load
 .text          0x00010c80       0x5c ../multiplicacao_bsp/\libhal_bsp.a(alt_main.o)
                0x00010c80                alt_main
 .text          0x00010cdc      0x184 ../multiplicacao_bsp/\libhal_bsp.a(alt_write.o)
                0x00010cdc                write
 .text          0x00010e60       0x9c ../multiplicacao_bsp/\libhal_bsp.a(alt_sys_init.o)
                0x00010e60                alt_irq_init
                0x00010e94                alt_sys_init
 .text          0x00010efc       0xb0 ../multiplicacao_bsp/\libhal_bsp.a(altera_avalon_jtag_uart_fd.o)
                0x00010efc                altera_avalon_jtag_uart_read_fd
                0x00010f54                altera_avalon_jtag_uart_write_fd
 .text          0x00010fac      0x104 ../multiplicacao_bsp/\libhal_bsp.a(altera_avalon_jtag_uart_read.o)
                0x00010fac                altera_avalon_jtag_uart_read
 .text          0x000110b0       0xa4 ../multiplicacao_bsp/\libhal_bsp.a(altera_avalon_jtag_uart_write.o)
                0x000110b0                altera_avalon_jtag_uart_write
 .text          0x00011154      0x160 ../multiplicacao_bsp/\libhal_bsp.a(alt_close.o)
                0x00011154                close
 .text          0x000112b4       0x1c ../multiplicacao_bsp/\libhal_bsp.a(alt_dcache_flush_all.o)
                0x000112b4                alt_dcache_flush_all
 .text          0x000112d0       0x2c ../multiplicacao_bsp/\libhal_bsp.a(alt_dev.o)
 .text          0x000112fc      0x114 ../multiplicacao_bsp/\libhal_bsp.a(alt_dev_llist_insert.o)
                0x000112fc                alt_dev_llist_insert
 .text          0x00011410        0x0 ../multiplicacao_bsp/\libhal_bsp.a(alt_errno.o)
 .text          0x00011410       0x1c ../multiplicacao_bsp/\libhal_bsp.a(alt_icache_flush_all.o)
                0x00011410                alt_icache_flush_all
 .text          0x0001142c      0x150 ../multiplicacao_bsp/\libhal_bsp.a(alt_io_redirect.o)
                0x00011504                alt_io_redirect
 .text          0x0001157c      0x2e4 ../multiplicacao_bsp/\libhal_bsp.a(alt_open.o)
                0x00011674                open
 .text          0x00011860       0x78 ../multiplicacao_bsp/\libhal_bsp.a(alt_release_fd.o)
                0x00011860                alt_release_fd
 .text          0x000118d8       0x20 ../multiplicacao_bsp/\libhal_bsp.a(altera_nios2_qsys_irq.o)
                0x000118d8                altera_nios2_qsys_irq_init
 .text          0x000118f8       0x94 ../multiplicacao_bsp/\libhal_bsp.a(alt_find_dev.o)
                0x000118f8                alt_find_dev
 .text          0x0001198c      0x120 ../multiplicacao_bsp/\libhal_bsp.a(alt_find_file.o)
                0x0001198c                alt_find_file
 .text          0x00011aac       0xd0 ../multiplicacao_bsp/\libhal_bsp.a(alt_get_fd.o)
                0x00011aac                alt_get_fd
 .text          0x00011b7c       0x20 c:/altera/13.0sp1/nios2eds/bin/gnu/h-i686-mingw32/bin/../lib/gcc/nios2-elf/4.1.2/../../../../nios2-elf/lib/mno-hw-mul\libsmallc.a(lib_a-exit.o)
                0x00011b7c                exit
 .text          0x00011b9c       0x3c c:/altera/13.0sp1/nios2eds/bin/gnu/h-i686-mingw32/bin/../lib/gcc/nios2-elf/4.1.2/../../../../nios2-elf/lib/mno-hw-mul\libsmallc.a(lib_a-memcmp.o)
                0x00011b9c                memcmp
 .text          0x00011bd8      0x1c0 c:/altera/13.0sp1/nios2eds/bin/gnu/h-i686-mingw32/bin/../lib/gcc/nios2-elf/4.1.2/../../../../nios2-elf/lib/mno-hw-mul\libsmallc.a(lib_a-__call_atexit.o)
                0x00011bdc                __call_exitprocs
 .text          0x00011d98       0x60 ../multiplicacao_bsp/\libhal_bsp.a(alt_exit.o)
                0x00011dd8                _exit
 *(.gnu.warning.*)
 *(.fini)
                0x00011df8                PROVIDE (__etext, ABSOLUTE (.))
                0x00011df8                PROVIDE (_etext, ABSOLUTE (.))
                0x00011df8                PROVIDE (etext, ABSOLUTE (.))
 *(.eh_frame_hdr)
                0x00011df8                . = ALIGN (0x4)
                0x00011df8                PROVIDE (__preinit_array_start, ABSOLUTE (.))
 *(.preinit_array)
                0x00011df8                PROVIDE (__preinit_array_end, ABSOLUTE (.))
                0x00011df8                PROVIDE (__init_array_start, ABSOLUTE (.))
 *(.init_array)
                0x00011df8                PROVIDE (__init_array_end, ABSOLUTE (.))
                0x00011df8                PROVIDE (__fini_array_start, ABSOLUTE (.))
 *(.fini_array)
                0x00011df8                PROVIDE (__fini_array_end, ABSOLUTE (.))
 *(.eh_frame)
 *(.gcc_except_table)
 *(.dynamic)
                0x00011df8                PROVIDE (__CTOR_LIST__, ABSOLUTE (.))
 *(.ctors)
 *(SORT(.ctors.*))
 .ctors.65535   0x00011df8        0x4 c:/altera/13.0sp1/nios2eds/bin/gnu/h-i686-mingw32/bin/../lib/gcc/nios2-elf/4.1.2/../../../../nios2-elf/lib/mno-hw-mul\libsmallc.a(lib_a-__call_atexit.o)
                0x00011dfc                PROVIDE (__CTOR_END__, ABSOLUTE (.))
                0x00011dfc                PROVIDE (__DTOR_LIST__, ABSOLUTE (.))
 *(.dtors)
 *(SORT(.dtors.*))
                0x00011dfc                PROVIDE (__DTOR_END__, ABSOLUTE (.))
 *(.jcr)
                0x00011dfc                . = ALIGN (0x4)

.rodata         0x00011dfc       0x50
                0x00011dfc                PROVIDE (__ram_rodata_start, ABSOLUTE (.))
                0x00011dfc                . = ALIGN (0x4)
 *(.rodata .rodata.* .gnu.linkonce.r.*)
 .rodata        0x00011dfc       0x2c obj/default/hello_world.o
 .rodata        0x00011e28        0xc ../multiplicacao_bsp/\libhal_bsp.a(alt_main.o)
 .rodata        0x00011e34        0xc ../multiplicacao_bsp/\libhal_bsp.a(alt_sys_init.o)
 .rodata        0x00011e40        0xc ../multiplicacao_bsp/\libhal_bsp.a(alt_dev.o)
 *(.rodata1)
                0x00011e4c                . = ALIGN (0x4)
                0x00011e4c                PROVIDE (__ram_rodata_end, ABSOLUTE (.))
                0x00011dfc                PROVIDE (__flash_rodata_start, LOADADDR (.rodata))

.rwdata         0x00011e4c      0x2d4 load address 0x00012120
                0x00011e4c                PROVIDE (__ram_rwdata_start, ABSOLUTE (.))
                0x00011e4c                . = ALIGN (0x4)
 *(.got.plt)
 *(.got)
 *(.data1)
 *(.data .data.* .gnu.linkonce.d.*)
 .data          0x00011e4c        0x0 ../multiplicacao_bsp//obj/HAL/src/crt0.o
 .data          0x00011e4c        0x0 obj/default/hello_world.o
 .data          0x00011e4c        0x0 c:/altera/13.0sp1/nios2eds/bin/gnu/h-i686-mingw32/bin/../lib/gcc/nios2-elf/4.1.2/../../../../nios2-elf/lib/mno-hw-mul\libsmallc.a(lib_a-printf.o)
 .data          0x00011e4c        0x0 c:/altera/13.0sp1/nios2eds/bin/gnu/h-i686-mingw32/bin/../lib/gcc/nios2-elf/4.1.2/../../../../nios2-elf/lib/mno-hw-mul\libsmallc.a(lib_a-vfprintf.o)
 .data          0x00011e4c        0x0 c:/altera/13.0sp1/nios2eds/bin/gnu/h-i686-mingw32/bin/../lib/gcc/nios2-elf/4.1.2/../../../../nios2-elf/lib/mno-hw-mul\libsmallc.a(lib_a-fvwrite_small_dev.o)
 .data          0x00011e4c       0xe0 c:/altera/13.0sp1/nios2eds/bin/gnu/h-i686-mingw32/bin/../lib/gcc/nios2-elf/4.1.2/../../../../nios2-elf/lib/mno-hw-mul\libsmallc.a(lib_a-impure.o)
 .data          0x00011f2c        0x0 c:/altera/13.0sp1/nios2eds/bin/gnu/h-i686-mingw32/bin/../lib/gcc/nios2-elf/4.1.2/../../../../nios2-elf/lib/mno-hw-mul\libsmallc.a(lib_a-strlen.o)
 .data          0x00011f2c        0x0 c:/altera/13.0sp1/nios2eds/bin/gnu/h-i686-mingw32/bin/../lib/gcc/nios2-elf/4.1.2/../../../../nios2-elf/lib/mno-hw-mul\libsmallc.a(lib_a-writer.o)
 .data          0x00011f2c        0x0 c:/altera/13.0sp1/nios2eds/bin/gnu/h-i686-mingw32/bin/../lib/gcc/nios2-elf/4.1.2/../../../../nios2-elf/lib/mno-hw-mul\libsmallc.a(lib_a-int_errno.o)
 .data          0x00011f2c        0x0 c:/altera/13.0sp1/nios2eds/bin/gnu/h-i686-mingw32/bin/../lib/gcc/nios2-elf/4.1.2/mno-hw-mul\libgcc.a(lib2-divmod.o)
 .data          0x00011f2c        0x0 c:/altera/13.0sp1/nios2eds/bin/gnu/h-i686-mingw32/bin/../lib/gcc/nios2-elf/4.1.2/mno-hw-mul\libgcc.a(lib2-mul.o)
 .data          0x00011f2c        0x0 ../multiplicacao_bsp/\libhal_bsp.a(alt_load.o)
 .data          0x00011f2c        0x0 ../multiplicacao_bsp/\libhal_bsp.a(alt_main.o)
 .data          0x00011f2c        0x0 ../multiplicacao_bsp/\libhal_bsp.a(alt_write.o)
 .data          0x00011f2c       0x2c ../multiplicacao_bsp/\libhal_bsp.a(alt_sys_init.o)
 .data          0x00011f58        0x0 ../multiplicacao_bsp/\libhal_bsp.a(altera_avalon_jtag_uart_fd.o)
 .data          0x00011f58        0x0 ../multiplicacao_bsp/\libhal_bsp.a(altera_avalon_jtag_uart_read.o)
 .data          0x00011f58        0x0 ../multiplicacao_bsp/\libhal_bsp.a(altera_avalon_jtag_uart_write.o)
 .data          0x00011f58        0x0 ../multiplicacao_bsp/\libhal_bsp.a(alt_close.o)
 .data          0x00011f58        0x0 ../multiplicacao_bsp/\libhal_bsp.a(alt_dcache_flush_all.o)
 .data          0x00011f58      0x1a8 ../multiplicacao_bsp/\libhal_bsp.a(alt_dev.o)
                0x00011f58                alt_dev_null
                0x00011f80                alt_fd_list
 .data          0x00012100        0x0 ../multiplicacao_bsp/\libhal_bsp.a(alt_dev_llist_insert.o)
 .data          0x00012100        0x0 ../multiplicacao_bsp/\libhal_bsp.a(alt_errno.o)
 .data          0x00012100        0x0 ../multiplicacao_bsp/\libhal_bsp.a(alt_icache_flush_all.o)
 .data          0x00012100        0x0 ../multiplicacao_bsp/\libhal_bsp.a(alt_io_redirect.o)
 .data          0x00012100        0x0 ../multiplicacao_bsp/\libhal_bsp.a(alt_open.o)
 .data          0x00012100        0x0 ../multiplicacao_bsp/\libhal_bsp.a(alt_release_fd.o)
 .data          0x00012100        0x0 ../multiplicacao_bsp/\libhal_bsp.a(altera_nios2_qsys_irq.o)
 .data          0x00012100        0x0 ../multiplicacao_bsp/\libhal_bsp.a(alt_find_dev.o)
 .data          0x00012100        0x0 ../multiplicacao_bsp/\libhal_bsp.a(alt_find_file.o)
 .data          0x00012100        0x0 ../multiplicacao_bsp/\libhal_bsp.a(alt_get_fd.o)
 .data          0x00012100        0x0 c:/altera/13.0sp1/nios2eds/bin/gnu/h-i686-mingw32/bin/../lib/gcc/nios2-elf/4.1.2/../../../../nios2-elf/lib/mno-hw-mul\libsmallc.a(lib_a-exit.o)
 .data          0x00012100        0x0 c:/altera/13.0sp1/nios2eds/bin/gnu/h-i686-mingw32/bin/../lib/gcc/nios2-elf/4.1.2/../../../../nios2-elf/lib/mno-hw-mul\libsmallc.a(lib_a-memcmp.o)
 .data          0x00012100        0x0 c:/altera/13.0sp1/nios2eds/bin/gnu/h-i686-mingw32/bin/../lib/gcc/nios2-elf/4.1.2/../../../../nios2-elf/lib/mno-hw-mul\libsmallc.a(lib_a-__call_atexit.o)
 .data          0x00012100        0x0 ../multiplicacao_bsp/\libhal_bsp.a(alt_exit.o)
                0x0001a100                _gp = ABSOLUTE ((. + 0x8000))
                0x0001a100                PROVIDE (gp, _gp)
 *(.rwdata .rwdata.*)
 *(.sdata .sdata.* .gnu.linkonce.s.*)
 .sdata         0x00012100        0x8 c:/altera/13.0sp1/nios2eds/bin/gnu/h-i686-mingw32/bin/../lib/gcc/nios2-elf/4.1.2/../../../../nios2-elf/lib/mno-hw-mul\libsmallc.a(lib_a-impure.o)
                0x00012100                _impure_ptr
                0x00012104                _global_impure_ptr
 .sdata         0x00012108       0x14 ../multiplicacao_bsp/\libhal_bsp.a(alt_dev.o)
                0x00012108                alt_fs_list
                0x00012110                alt_dev_list
                0x00012118                alt_max_fd
 .sdata         0x0001211c        0x4 ../multiplicacao_bsp/\libhal_bsp.a(alt_errno.o)
                0x0001211c                alt_errno
 *(.sdata2 .sdata2.* .gnu.linkonce.s2.*)
                0x00012120                . = ALIGN (0x4)
                0x00012120                _edata = ABSOLUTE (.)
                0x00012120                PROVIDE (edata, ABSOLUTE (.))
                0x00012120                PROVIDE (__ram_rwdata_end, ABSOLUTE (.))
                0x00012120                PROVIDE (__flash_rwdata_start, LOADADDR (.rwdata))

.bss            0x000123f4       0x10
                0x000123f4                __bss_start = ABSOLUTE (.)
                0x000123f4                PROVIDE (__sbss_start, ABSOLUTE (.))
                0x000123f4                PROVIDE (___sbss_start, ABSOLUTE (.))
 *(.dynsbss)
 *(.sbss .sbss.* .gnu.linkonce.sb.*)
 .sbss          0x000123f4        0x4 c:/altera/13.0sp1/nios2eds/bin/gnu/h-i686-mingw32/bin/../lib/gcc/nios2-elf/4.1.2/../../../../nios2-elf/lib/mno-hw-mul\libsmallc.a(lib_a-int_errno.o)
                0x000123f4                errno
 .sbss          0x000123f8        0xc ../multiplicacao_bsp/\libhal_bsp.a(alt_main.o)
                0x000123f8                alt_argc
                0x000123fc                alt_argv
                0x00012400                alt_envp
 *(.sbss2 .sbss2.* .gnu.linkonce.sb2.*)
 *(.scommon)
                0x00012404                PROVIDE (__sbss_end, ABSOLUTE (.))
                0x00012404                PROVIDE (___sbss_end, ABSOLUTE (.))
 *(.dynbss)
 *(.bss .bss.* .gnu.linkonce.b.*)
 .bss           0x00012404        0x0 ../multiplicacao_bsp//obj/HAL/src/crt0.o
 .bss           0x00012404        0x0 obj/default/hello_world.o
 .bss           0x00012404        0x0 c:/altera/13.0sp1/nios2eds/bin/gnu/h-i686-mingw32/bin/../lib/gcc/nios2-elf/4.1.2/../../../../nios2-elf/lib/mno-hw-mul\libsmallc.a(lib_a-printf.o)
 .bss           0x00012404        0x0 c:/altera/13.0sp1/nios2eds/bin/gnu/h-i686-mingw32/bin/../lib/gcc/nios2-elf/4.1.2/../../../../nios2-elf/lib/mno-hw-mul\libsmallc.a(lib_a-vfprintf.o)
 .bss           0x00012404        0x0 c:/altera/13.0sp1/nios2eds/bin/gnu/h-i686-mingw32/bin/../lib/gcc/nios2-elf/4.1.2/../../../../nios2-elf/lib/mno-hw-mul\libsmallc.a(lib_a-fvwrite_small_dev.o)
 .bss           0x00012404        0x0 c:/altera/13.0sp1/nios2eds/bin/gnu/h-i686-mingw32/bin/../lib/gcc/nios2-elf/4.1.2/../../../../nios2-elf/lib/mno-hw-mul\libsmallc.a(lib_a-impure.o)
 .bss           0x00012404        0x0 c:/altera/13.0sp1/nios2eds/bin/gnu/h-i686-mingw32/bin/../lib/gcc/nios2-elf/4.1.2/../../../../nios2-elf/lib/mno-hw-mul\libsmallc.a(lib_a-strlen.o)
 .bss           0x00012404        0x0 c:/altera/13.0sp1/nios2eds/bin/gnu/h-i686-mingw32/bin/../lib/gcc/nios2-elf/4.1.2/../../../../nios2-elf/lib/mno-hw-mul\libsmallc.a(lib_a-writer.o)
 .bss           0x00012404        0x0 c:/altera/13.0sp1/nios2eds/bin/gnu/h-i686-mingw32/bin/../lib/gcc/nios2-elf/4.1.2/../../../../nios2-elf/lib/mno-hw-mul\libsmallc.a(lib_a-int_errno.o)
 .bss           0x00012404        0x0 c:/altera/13.0sp1/nios2eds/bin/gnu/h-i686-mingw32/bin/../lib/gcc/nios2-elf/4.1.2/mno-hw-mul\libgcc.a(lib2-divmod.o)
 .bss           0x00012404        0x0 c:/altera/13.0sp1/nios2eds/bin/gnu/h-i686-mingw32/bin/../lib/gcc/nios2-elf/4.1.2/mno-hw-mul\libgcc.a(lib2-mul.o)
 .bss           0x00012404        0x0 ../multiplicacao_bsp/\libhal_bsp.a(alt_load.o)
 .bss           0x00012404        0x0 ../multiplicacao_bsp/\libhal_bsp.a(alt_main.o)
 .bss           0x00012404        0x0 ../multiplicacao_bsp/\libhal_bsp.a(alt_write.o)
 .bss           0x00012404        0x0 ../multiplicacao_bsp/\libhal_bsp.a(alt_sys_init.o)
 .bss           0x00012404        0x0 ../multiplicacao_bsp/\libhal_bsp.a(altera_avalon_jtag_uart_fd.o)
 .bss           0x00012404        0x0 ../multiplicacao_bsp/\libhal_bsp.a(altera_avalon_jtag_uart_read.o)
 .bss           0x00012404        0x0 ../multiplicacao_bsp/\libhal_bsp.a(altera_avalon_jtag_uart_write.o)
 .bss           0x00012404        0x0 ../multiplicacao_bsp/\libhal_bsp.a(alt_close.o)
 .bss           0x00012404        0x0 ../multiplicacao_bsp/\libhal_bsp.a(alt_dcache_flush_all.o)
 .bss           0x00012404        0x0 ../multiplicacao_bsp/\libhal_bsp.a(alt_dev.o)
 .bss           0x00012404        0x0 ../multiplicacao_bsp/\libhal_bsp.a(alt_dev_llist_insert.o)
 .bss           0x00012404        0x0 ../multiplicacao_bsp/\libhal_bsp.a(alt_errno.o)
 .bss           0x00012404        0x0 ../multiplicacao_bsp/\libhal_bsp.a(alt_icache_flush_all.o)
 .bss           0x00012404        0x0 ../multiplicacao_bsp/\libhal_bsp.a(alt_io_redirect.o)
 .bss           0x00012404        0x0 ../multiplicacao_bsp/\libhal_bsp.a(alt_open.o)
 .bss           0x00012404        0x0 ../multiplicacao_bsp/\libhal_bsp.a(alt_release_fd.o)
 .bss           0x00012404        0x0 ../multiplicacao_bsp/\libhal_bsp.a(altera_nios2_qsys_irq.o)
 .bss           0x00012404        0x0 ../multiplicacao_bsp/\libhal_bsp.a(alt_find_dev.o)
 .bss           0x00012404        0x0 ../multiplicacao_bsp/\libhal_bsp.a(alt_find_file.o)
 .bss           0x00012404        0x0 ../multiplicacao_bsp/\libhal_bsp.a(alt_get_fd.o)
 .bss           0x00012404        0x0 c:/altera/13.0sp1/nios2eds/bin/gnu/h-i686-mingw32/bin/../lib/gcc/nios2-elf/4.1.2/../../../../nios2-elf/lib/mno-hw-mul\libsmallc.a(lib_a-exit.o)
 .bss           0x00012404        0x0 c:/altera/13.0sp1/nios2eds/bin/gnu/h-i686-mingw32/bin/../lib/gcc/nios2-elf/4.1.2/../../../../nios2-elf/lib/mno-hw-mul\libsmallc.a(lib_a-memcmp.o)
 .bss           0x00012404        0x0 c:/altera/13.0sp1/nios2eds/bin/gnu/h-i686-mingw32/bin/../lib/gcc/nios2-elf/4.1.2/../../../../nios2-elf/lib/mno-hw-mul\libsmallc.a(lib_a-__call_atexit.o)
 .bss           0x00012404        0x0 ../multiplicacao_bsp/\libhal_bsp.a(alt_exit.o)
 *(COMMON)
                0x00012404                . = ALIGN (0x4)
                0x00012404                __bss_end = ABSOLUTE (.)

.ram            0x00012404        0x0
                0x00012404                PROVIDE (_alt_partition_ram_start, ABSOLUTE (.))
 *(.ram. ram.*)
                0x00012404                . = ALIGN (0x4)
                0x00012404                PROVIDE (_alt_partition_ram_end, ABSOLUTE (.))
                0x00012404                _end = ABSOLUTE (.)
                0x00012404                end = ABSOLUTE (.)
                0x00012404                __alt_stack_base = ABSOLUTE (.)
                0x00012404                PROVIDE (_alt_partition_ram_load_addr, LOADADDR (.ram))

.stab
 *(.stab)

.stabstr
 *(.stabstr)

.stab.excl
 *(.stab.excl)

.stab.exclstr
 *(.stab.exclstr)

.stab.index
 *(.stab.index)

.stab.indexstr
 *(.stab.indexstr)

.comment        0x00000000       0x26
 *(.comment)
 .comment       0x00000000       0x26 obj/default/hello_world.o
                                 0x27 (size before relaxing)
 .comment       0x00000000       0x27 c:/altera/13.0sp1/nios2eds/bin/gnu/h-i686-mingw32/bin/../lib/gcc/nios2-elf/4.1.2/../../../../nios2-elf/lib/mno-hw-mul\libsmallc.a(lib_a-printf.o)
 .comment       0x00000000       0x27 c:/altera/13.0sp1/nios2eds/bin/gnu/h-i686-mingw32/bin/../lib/gcc/nios2-elf/4.1.2/../../../../nios2-elf/lib/mno-hw-mul\libsmallc.a(lib_a-vfprintf.o)
 .comment       0x00000000       0x27 c:/altera/13.0sp1/nios2eds/bin/gnu/h-i686-mingw32/bin/../lib/gcc/nios2-elf/4.1.2/../../../../nios2-elf/lib/mno-hw-mul\libsmallc.a(lib_a-fvwrite_small_dev.o)
 .comment       0x00000000       0x27 c:/altera/13.0sp1/nios2eds/bin/gnu/h-i686-mingw32/bin/../lib/gcc/nios2-elf/4.1.2/../../../../nios2-elf/lib/mno-hw-mul\libsmallc.a(lib_a-impure.o)
 .comment       0x00000000       0x27 c:/altera/13.0sp1/nios2eds/bin/gnu/h-i686-mingw32/bin/../lib/gcc/nios2-elf/4.1.2/../../../../nios2-elf/lib/mno-hw-mul\libsmallc.a(lib_a-strlen.o)
 .comment       0x00000000       0x27 c:/altera/13.0sp1/nios2eds/bin/gnu/h-i686-mingw32/bin/../lib/gcc/nios2-elf/4.1.2/../../../../nios2-elf/lib/mno-hw-mul\libsmallc.a(lib_a-writer.o)
 .comment       0x00000000       0x27 c:/altera/13.0sp1/nios2eds/bin/gnu/h-i686-mingw32/bin/../lib/gcc/nios2-elf/4.1.2/../../../../nios2-elf/lib/mno-hw-mul\libsmallc.a(lib_a-int_errno.o)
 .comment       0x00000000       0x27 c:/altera/13.0sp1/nios2eds/bin/gnu/h-i686-mingw32/bin/../lib/gcc/nios2-elf/4.1.2/mno-hw-mul\libgcc.a(lib2-divmod.o)
 .comment       0x00000000       0x27 c:/altera/13.0sp1/nios2eds/bin/gnu/h-i686-mingw32/bin/../lib/gcc/nios2-elf/4.1.2/mno-hw-mul\libgcc.a(lib2-mul.o)
 .comment       0x00000000       0x27 ../multiplicacao_bsp/\libhal_bsp.a(alt_load.o)
 .comment       0x00000000       0x27 ../multiplicacao_bsp/\libhal_bsp.a(alt_main.o)
 .comment       0x00000000       0x27 ../multiplicacao_bsp/\libhal_bsp.a(alt_write.o)
 .comment       0x00000000       0x27 ../multiplicacao_bsp/\libhal_bsp.a(alt_sys_init.o)
 .comment       0x00000000       0x27 ../multiplicacao_bsp/\libhal_bsp.a(altera_avalon_jtag_uart_fd.o)
 .comment       0x00000000       0x27 ../multiplicacao_bsp/\libhal_bsp.a(altera_avalon_jtag_uart_read.o)
 .comment       0x00000000       0x27 ../multiplicacao_bsp/\libhal_bsp.a(altera_avalon_jtag_uart_write.o)
 .comment       0x00000000       0x27 ../multiplicacao_bsp/\libhal_bsp.a(alt_close.o)
 .comment       0x00000000       0x27 ../multiplicacao_bsp/\libhal_bsp.a(alt_dcache_flush_all.o)
 .comment       0x00000000       0x27 ../multiplicacao_bsp/\libhal_bsp.a(alt_dev.o)
 .comment       0x00000000       0x27 ../multiplicacao_bsp/\libhal_bsp.a(alt_dev_llist_insert.o)
 .comment       0x00000000       0x27 ../multiplicacao_bsp/\libhal_bsp.a(alt_errno.o)
 .comment       0x00000000       0x27 ../multiplicacao_bsp/\libhal_bsp.a(alt_icache_flush_all.o)
 .comment       0x00000000       0x27 ../multiplicacao_bsp/\libhal_bsp.a(alt_io_redirect.o)
 .comment       0x00000000       0x27 ../multiplicacao_bsp/\libhal_bsp.a(alt_open.o)
 .comment       0x00000000       0x27 ../multiplicacao_bsp/\libhal_bsp.a(alt_release_fd.o)
 .comment       0x00000000       0x27 ../multiplicacao_bsp/\libhal_bsp.a(altera_nios2_qsys_irq.o)
 .comment       0x00000000       0x27 ../multiplicacao_bsp/\libhal_bsp.a(alt_find_dev.o)
 .comment       0x00000000       0x27 ../multiplicacao_bsp/\libhal_bsp.a(alt_find_file.o)
 .comment       0x00000000       0x27 ../multiplicacao_bsp/\libhal_bsp.a(alt_get_fd.o)
 .comment       0x00000000       0x27 c:/altera/13.0sp1/nios2eds/bin/gnu/h-i686-mingw32/bin/../lib/gcc/nios2-elf/4.1.2/../../../../nios2-elf/lib/mno-hw-mul\libsmallc.a(lib_a-exit.o)
 .comment       0x00000000       0x27 c:/altera/13.0sp1/nios2eds/bin/gnu/h-i686-mingw32/bin/../lib/gcc/nios2-elf/4.1.2/../../../../nios2-elf/lib/mno-hw-mul\libsmallc.a(lib_a-memcmp.o)
 .comment       0x00000000       0x27 c:/altera/13.0sp1/nios2eds/bin/gnu/h-i686-mingw32/bin/../lib/gcc/nios2-elf/4.1.2/../../../../nios2-elf/lib/mno-hw-mul\libsmallc.a(lib_a-__call_atexit.o)
 .comment       0x00000000       0x27 ../multiplicacao_bsp/\libhal_bsp.a(alt_exit.o)

.debug
 *(.debug)

.line
 *(.line)

.debug_srcinfo
 *(.debug_srcinfo)

.debug_sfnames
 *(.debug_sfnames)

.debug_aranges  0x00000000      0x408
 *(.debug_aranges)
 .debug_aranges
                0x00000000       0x28 ../multiplicacao_bsp//obj/HAL/src/crt0.o
 .debug_aranges
                0x00000028       0x20 obj/default/hello_world.o
 .debug_aranges
                0x00000048       0x20 c:/altera/13.0sp1/nios2eds/bin/gnu/h-i686-mingw32/bin/../lib/gcc/nios2-elf/4.1.2/../../../../nios2-elf/lib/mno-hw-mul\libsmallc.a(lib_a-printf.o)
 .debug_aranges
                0x00000068       0x20 c:/altera/13.0sp1/nios2eds/bin/gnu/h-i686-mingw32/bin/../lib/gcc/nios2-elf/4.1.2/../../../../nios2-elf/lib/mno-hw-mul\libsmallc.a(lib_a-vfprintf.o)
 .debug_aranges
                0x00000088       0x20 c:/altera/13.0sp1/nios2eds/bin/gnu/h-i686-mingw32/bin/../lib/gcc/nios2-elf/4.1.2/../../../../nios2-elf/lib/mno-hw-mul\libsmallc.a(lib_a-fvwrite_small_dev.o)
 .debug_aranges
                0x000000a8       0x20 c:/altera/13.0sp1/nios2eds/bin/gnu/h-i686-mingw32/bin/../lib/gcc/nios2-elf/4.1.2/../../../../nios2-elf/lib/mno-hw-mul\libsmallc.a(lib_a-strlen.o)
 .debug_aranges
                0x000000c8       0x20 c:/altera/13.0sp1/nios2eds/bin/gnu/h-i686-mingw32/bin/../lib/gcc/nios2-elf/4.1.2/../../../../nios2-elf/lib/mno-hw-mul\libsmallc.a(lib_a-writer.o)
 .debug_aranges
                0x000000e8       0x20 c:/altera/13.0sp1/nios2eds/bin/gnu/h-i686-mingw32/bin/../lib/gcc/nios2-elf/4.1.2/mno-hw-mul\libgcc.a(lib2-divmod.o)
 .debug_aranges
                0x00000108       0x20 c:/altera/13.0sp1/nios2eds/bin/gnu/h-i686-mingw32/bin/../lib/gcc/nios2-elf/4.1.2/mno-hw-mul\libgcc.a(lib2-mul.o)
 .debug_aranges
                0x00000128       0x20 ../multiplicacao_bsp/\libhal_bsp.a(alt_load.o)
 .debug_aranges
                0x00000148       0x20 ../multiplicacao_bsp/\libhal_bsp.a(alt_main.o)
 .debug_aranges
                0x00000168       0x20 ../multiplicacao_bsp/\libhal_bsp.a(alt_write.o)
 .debug_aranges
                0x00000188       0x20 ../multiplicacao_bsp/\libhal_bsp.a(alt_sys_init.o)
 .debug_aranges
                0x000001a8       0x20 ../multiplicacao_bsp/\libhal_bsp.a(altera_avalon_jtag_uart_fd.o)
 .debug_aranges
                0x000001c8       0x20 ../multiplicacao_bsp/\libhal_bsp.a(altera_avalon_jtag_uart_read.o)
 .debug_aranges
                0x000001e8       0x20 ../multiplicacao_bsp/\libhal_bsp.a(altera_avalon_jtag_uart_write.o)
 .debug_aranges
                0x00000208       0x20 ../multiplicacao_bsp/\libhal_bsp.a(alt_close.o)
 .debug_aranges
                0x00000228       0x20 ../multiplicacao_bsp/\libhal_bsp.a(alt_dcache_flush_all.o)
 .debug_aranges
                0x00000248       0x20 ../multiplicacao_bsp/\libhal_bsp.a(alt_dev.o)
 .debug_aranges
                0x00000268       0x20 ../multiplicacao_bsp/\libhal_bsp.a(alt_dev_llist_insert.o)
 .debug_aranges
                0x00000288       0x20 ../multiplicacao_bsp/\libhal_bsp.a(alt_icache_flush_all.o)
 .debug_aranges
                0x000002a8       0x20 ../multiplicacao_bsp/\libhal_bsp.a(alt_io_redirect.o)
 .debug_aranges
                0x000002c8       0x20 ../multiplicacao_bsp/\libhal_bsp.a(alt_open.o)
 .debug_aranges
                0x000002e8       0x20 ../multiplicacao_bsp/\libhal_bsp.a(alt_release_fd.o)
 .debug_aranges
                0x00000308       0x20 ../multiplicacao_bsp/\libhal_bsp.a(altera_nios2_qsys_irq.o)
 .debug_aranges
                0x00000328       0x20 ../multiplicacao_bsp/\libhal_bsp.a(alt_find_dev.o)
 .debug_aranges
                0x00000348       0x20 ../multiplicacao_bsp/\libhal_bsp.a(alt_find_file.o)
 .debug_aranges
                0x00000368       0x20 ../multiplicacao_bsp/\libhal_bsp.a(alt_get_fd.o)
 .debug_aranges
                0x00000388       0x20 c:/altera/13.0sp1/nios2eds/bin/gnu/h-i686-mingw32/bin/../lib/gcc/nios2-elf/4.1.2/../../../../nios2-elf/lib/mno-hw-mul\libsmallc.a(lib_a-exit.o)
 .debug_aranges
                0x000003a8       0x20 c:/altera/13.0sp1/nios2eds/bin/gnu/h-i686-mingw32/bin/../lib/gcc/nios2-elf/4.1.2/../../../../nios2-elf/lib/mno-hw-mul\libsmallc.a(lib_a-memcmp.o)
 .debug_aranges
                0x000003c8       0x20 c:/altera/13.0sp1/nios2eds/bin/gnu/h-i686-mingw32/bin/../lib/gcc/nios2-elf/4.1.2/../../../../nios2-elf/lib/mno-hw-mul\libsmallc.a(lib_a-__call_atexit.o)
 .debug_aranges
                0x000003e8       0x20 ../multiplicacao_bsp/\libhal_bsp.a(alt_exit.o)

.debug_pubnames
                0x00000000      0x5bf
 *(.debug_pubnames)
 .debug_pubnames
                0x00000000       0x1b obj/default/hello_world.o
 .debug_pubnames
                0x0000001b       0x2b c:/altera/13.0sp1/nios2eds/bin/gnu/h-i686-mingw32/bin/../lib/gcc/nios2-elf/4.1.2/../../../../nios2-elf/lib/mno-hw-mul\libsmallc.a(lib_a-printf.o)
 .debug_pubnames
                0x00000046       0x45 c:/altera/13.0sp1/nios2eds/bin/gnu/h-i686-mingw32/bin/../lib/gcc/nios2-elf/4.1.2/../../../../nios2-elf/lib/mno-hw-mul\libsmallc.a(lib_a-vfprintf.o)
 .debug_pubnames
                0x0000008b       0x2b c:/altera/13.0sp1/nios2eds/bin/gnu/h-i686-mingw32/bin/../lib/gcc/nios2-elf/4.1.2/../../../../nios2-elf/lib/mno-hw-mul\libsmallc.a(lib_a-fvwrite_small_dev.o)
 .debug_pubnames
                0x000000b6       0x39 c:/altera/13.0sp1/nios2eds/bin/gnu/h-i686-mingw32/bin/../lib/gcc/nios2-elf/4.1.2/../../../../nios2-elf/lib/mno-hw-mul\libsmallc.a(lib_a-impure.o)
 .debug_pubnames
                0x000000ef       0x1d c:/altera/13.0sp1/nios2eds/bin/gnu/h-i686-mingw32/bin/../lib/gcc/nios2-elf/4.1.2/../../../../nios2-elf/lib/mno-hw-mul\libsmallc.a(lib_a-strlen.o)
 .debug_pubnames
                0x0000010c       0x1f c:/altera/13.0sp1/nios2eds/bin/gnu/h-i686-mingw32/bin/../lib/gcc/nios2-elf/4.1.2/../../../../nios2-elf/lib/mno-hw-mul\libsmallc.a(lib_a-writer.o)
 .debug_pubnames
                0x0000012b       0x1c c:/altera/13.0sp1/nios2eds/bin/gnu/h-i686-mingw32/bin/../lib/gcc/nios2-elf/4.1.2/../../../../nios2-elf/lib/mno-hw-mul\libsmallc.a(lib_a-int_errno.o)
 .debug_pubnames
                0x00000147       0x48 c:/altera/13.0sp1/nios2eds/bin/gnu/h-i686-mingw32/bin/../lib/gcc/nios2-elf/4.1.2/mno-hw-mul\libgcc.a(lib2-divmod.o)
 .debug_pubnames
                0x0000018f       0x1f c:/altera/13.0sp1/nios2eds/bin/gnu/h-i686-mingw32/bin/../lib/gcc/nios2-elf/4.1.2/mno-hw-mul\libgcc.a(lib2-mul.o)
 .debug_pubnames
                0x000001ae       0x1f ../multiplicacao_bsp/\libhal_bsp.a(alt_load.o)
 .debug_pubnames
                0x000001cd       0x46 ../multiplicacao_bsp/\libhal_bsp.a(alt_main.o)
 .debug_pubnames
                0x00000213       0x1c ../multiplicacao_bsp/\libhal_bsp.a(alt_write.o)
 .debug_pubnames
                0x0000022f       0x34 ../multiplicacao_bsp/\libhal_bsp.a(alt_sys_init.o)
 .debug_pubnames
                0x00000263       0x5b ../multiplicacao_bsp/\libhal_bsp.a(altera_avalon_jtag_uart_fd.o)
 .debug_pubnames
                0x000002be       0x33 ../multiplicacao_bsp/\libhal_bsp.a(altera_avalon_jtag_uart_read.o)
 .debug_pubnames
                0x000002f1       0x34 ../multiplicacao_bsp/\libhal_bsp.a(altera_avalon_jtag_uart_write.o)
 .debug_pubnames
                0x00000325       0x1c ../multiplicacao_bsp/\libhal_bsp.a(alt_close.o)
 .debug_pubnames
                0x00000341       0x2b ../multiplicacao_bsp/\libhal_bsp.a(alt_dcache_flush_all.o)
 .debug_pubnames
                0x0000036c       0x63 ../multiplicacao_bsp/\libhal_bsp.a(alt_dev.o)
 .debug_pubnames
                0x000003cf       0x2b ../multiplicacao_bsp/\libhal_bsp.a(alt_dev_llist_insert.o)
 .debug_pubnames
                0x000003fa       0x20 ../multiplicacao_bsp/\libhal_bsp.a(alt_errno.o)
 .debug_pubnames
                0x0000041a       0x2b ../multiplicacao_bsp/\libhal_bsp.a(alt_icache_flush_all.o)
 .debug_pubnames
                0x00000445       0x26 ../multiplicacao_bsp/\libhal_bsp.a(alt_io_redirect.o)
 .debug_pubnames
                0x0000046b       0x1b ../multiplicacao_bsp/\libhal_bsp.a(alt_open.o)
 .debug_pubnames
                0x00000486       0x25 ../multiplicacao_bsp/\libhal_bsp.a(alt_release_fd.o)
 .debug_pubnames
                0x000004ab       0x31 ../multiplicacao_bsp/\libhal_bsp.a(altera_nios2_qsys_irq.o)
 .debug_pubnames
                0x000004dc       0x23 ../multiplicacao_bsp/\libhal_bsp.a(alt_find_dev.o)
 .debug_pubnames
                0x000004ff       0x24 ../multiplicacao_bsp/\libhal_bsp.a(alt_find_file.o)
 .debug_pubnames
                0x00000523       0x21 ../multiplicacao_bsp/\libhal_bsp.a(alt_get_fd.o)
 .debug_pubnames
                0x00000544       0x1b c:/altera/13.0sp1/nios2eds/bin/gnu/h-i686-mingw32/bin/../lib/gcc/nios2-elf/4.1.2/../../../../nios2-elf/lib/mno-hw-mul\libsmallc.a(lib_a-exit.o)
 .debug_pubnames
                0x0000055f       0x1d c:/altera/13.0sp1/nios2eds/bin/gnu/h-i686-mingw32/bin/../lib/gcc/nios2-elf/4.1.2/../../../../nios2-elf/lib/mno-hw-mul\libsmallc.a(lib_a-memcmp.o)
 .debug_pubnames
                0x0000057c       0x27 c:/altera/13.0sp1/nios2eds/bin/gnu/h-i686-mingw32/bin/../lib/gcc/nios2-elf/4.1.2/../../../../nios2-elf/lib/mno-hw-mul\libsmallc.a(lib_a-__call_atexit.o)
 .debug_pubnames
                0x000005a3       0x1c ../multiplicacao_bsp/\libhal_bsp.a(alt_exit.o)

.debug_info     0x00000000     0x8246
 *(.debug_info .gnu.linkonce.wi.*)
 .debug_info    0x00000000       0x97 ../multiplicacao_bsp//obj/HAL/src/crt0.o
 .debug_info    0x00000097      0x18a obj/default/hello_world.o
 .debug_info    0x00000221      0x6c8 c:/altera/13.0sp1/nios2eds/bin/gnu/h-i686-mingw32/bin/../lib/gcc/nios2-elf/4.1.2/../../../../nios2-elf/lib/mno-hw-mul\libsmallc.a(lib_a-printf.o)
 .debug_info    0x000008e9      0x9b6 c:/altera/13.0sp1/nios2eds/bin/gnu/h-i686-mingw32/bin/../lib/gcc/nios2-elf/4.1.2/../../../../nios2-elf/lib/mno-hw-mul\libsmallc.a(lib_a-vfprintf.o)
 .debug_info    0x0000129f      0x68e c:/altera/13.0sp1/nios2eds/bin/gnu/h-i686-mingw32/bin/../lib/gcc/nios2-elf/4.1.2/../../../../nios2-elf/lib/mno-hw-mul\libsmallc.a(lib_a-fvwrite_small_dev.o)
 .debug_info    0x0000192d      0x636 c:/altera/13.0sp1/nios2eds/bin/gnu/h-i686-mingw32/bin/../lib/gcc/nios2-elf/4.1.2/../../../../nios2-elf/lib/mno-hw-mul\libsmallc.a(lib_a-impure.o)
 .debug_info    0x00001f63       0xc2 c:/altera/13.0sp1/nios2eds/bin/gnu/h-i686-mingw32/bin/../lib/gcc/nios2-elf/4.1.2/../../../../nios2-elf/lib/mno-hw-mul\libsmallc.a(lib_a-strlen.o)
 .debug_info    0x00002025      0x68c c:/altera/13.0sp1/nios2eds/bin/gnu/h-i686-mingw32/bin/../lib/gcc/nios2-elf/4.1.2/../../../../nios2-elf/lib/mno-hw-mul\libsmallc.a(lib_a-writer.o)
 .debug_info    0x000026b1       0x8c c:/altera/13.0sp1/nios2eds/bin/gnu/h-i686-mingw32/bin/../lib/gcc/nios2-elf/4.1.2/../../../../nios2-elf/lib/mno-hw-mul\libsmallc.a(lib_a-int_errno.o)
 .debug_info    0x0000273d      0x21c c:/altera/13.0sp1/nios2eds/bin/gnu/h-i686-mingw32/bin/../lib/gcc/nios2-elf/4.1.2/mno-hw-mul\libgcc.a(lib2-divmod.o)
 .debug_info    0x00002959       0xf3 c:/altera/13.0sp1/nios2eds/bin/gnu/h-i686-mingw32/bin/../lib/gcc/nios2-elf/4.1.2/mno-hw-mul\libgcc.a(lib2-mul.o)
 .debug_info    0x00002a4c      0x2a9 ../multiplicacao_bsp/\libhal_bsp.a(alt_load.o)
 .debug_info    0x00002cf5      0x241 ../multiplicacao_bsp/\libhal_bsp.a(alt_main.o)
 .debug_info    0x00002f36      0x6af ../multiplicacao_bsp/\libhal_bsp.a(alt_write.o)
 .debug_info    0x000035e5      0x58e ../multiplicacao_bsp/\libhal_bsp.a(alt_sys_init.o)
 .debug_info    0x00003b73      0x5d5 ../multiplicacao_bsp/\libhal_bsp.a(altera_avalon_jtag_uart_fd.o)
 .debug_info    0x00004148      0x325 ../multiplicacao_bsp/\libhal_bsp.a(altera_avalon_jtag_uart_read.o)
 .debug_info    0x0000446d      0x302 ../multiplicacao_bsp/\libhal_bsp.a(altera_avalon_jtag_uart_write.o)
 .debug_info    0x0000476f      0x483 ../multiplicacao_bsp/\libhal_bsp.a(alt_close.o)
 .debug_info    0x00004bf2      0x178 ../multiplicacao_bsp/\libhal_bsp.a(alt_dcache_flush_all.o)
 .debug_info    0x00004d6a      0x69b ../multiplicacao_bsp/\libhal_bsp.a(alt_dev.o)
 .debug_info    0x00005405      0x2d3 ../multiplicacao_bsp/\libhal_bsp.a(alt_dev_llist_insert.o)
 .debug_info    0x000056d8      0x180 ../multiplicacao_bsp/\libhal_bsp.a(alt_errno.o)
 .debug_info    0x00005858      0x178 ../multiplicacao_bsp/\libhal_bsp.a(alt_icache_flush_all.o)
 .debug_info    0x000059d0      0x6b1 ../multiplicacao_bsp/\libhal_bsp.a(alt_io_redirect.o)
 .debug_info    0x00006081      0x541 ../multiplicacao_bsp/\libhal_bsp.a(alt_open.o)
 .debug_info    0x000065c2      0x40e ../multiplicacao_bsp/\libhal_bsp.a(alt_release_fd.o)
 .debug_info    0x000069d0      0x17f ../multiplicacao_bsp/\libhal_bsp.a(altera_nios2_qsys_irq.o)
 .debug_info    0x00006b4f      0x434 ../multiplicacao_bsp/\libhal_bsp.a(alt_find_dev.o)
 .debug_info    0x00006f83      0x43b ../multiplicacao_bsp/\libhal_bsp.a(alt_find_file.o)
 .debug_info    0x000073be      0x47c ../multiplicacao_bsp/\libhal_bsp.a(alt_get_fd.o)
 .debug_info    0x0000783a       0x9f c:/altera/13.0sp1/nios2eds/bin/gnu/h-i686-mingw32/bin/../lib/gcc/nios2-elf/4.1.2/../../../../nios2-elf/lib/mno-hw-mul\libsmallc.a(lib_a-exit.o)
 .debug_info    0x000078d9       0xef c:/altera/13.0sp1/nios2eds/bin/gnu/h-i686-mingw32/bin/../lib/gcc/nios2-elf/4.1.2/../../../../nios2-elf/lib/mno-hw-mul\libsmallc.a(lib_a-memcmp.o)
 .debug_info    0x000079c8      0x6d5 c:/altera/13.0sp1/nios2eds/bin/gnu/h-i686-mingw32/bin/../lib/gcc/nios2-elf/4.1.2/../../../../nios2-elf/lib/mno-hw-mul\libsmallc.a(lib_a-__call_atexit.o)
 .debug_info    0x0000809d      0x1a9 ../multiplicacao_bsp/\libhal_bsp.a(alt_exit.o)

.debug_abbrev   0x00000000     0x1c36
 *(.debug_abbrev)
 .debug_abbrev  0x00000000       0x12 ../multiplicacao_bsp//obj/HAL/src/crt0.o
 .debug_abbrev  0x00000012       0x4e obj/default/hello_world.o
 .debug_abbrev  0x00000060      0x179 c:/altera/13.0sp1/nios2eds/bin/gnu/h-i686-mingw32/bin/../lib/gcc/nios2-elf/4.1.2/../../../../nios2-elf/lib/mno-hw-mul\libsmallc.a(lib_a-printf.o)
 .debug_abbrev  0x000001d9      0x263 c:/altera/13.0sp1/nios2eds/bin/gnu/h-i686-mingw32/bin/../lib/gcc/nios2-elf/4.1.2/../../../../nios2-elf/lib/mno-hw-mul\libsmallc.a(lib_a-vfprintf.o)
 .debug_abbrev  0x0000043c      0x179 c:/altera/13.0sp1/nios2eds/bin/gnu/h-i686-mingw32/bin/../lib/gcc/nios2-elf/4.1.2/../../../../nios2-elf/lib/mno-hw-mul\libsmallc.a(lib_a-fvwrite_small_dev.o)
 .debug_abbrev  0x000005b5      0x13f c:/altera/13.0sp1/nios2eds/bin/gnu/h-i686-mingw32/bin/../lib/gcc/nios2-elf/4.1.2/../../../../nios2-elf/lib/mno-hw-mul\libsmallc.a(lib_a-impure.o)
 .debug_abbrev  0x000006f4       0x7a c:/altera/13.0sp1/nios2eds/bin/gnu/h-i686-mingw32/bin/../lib/gcc/nios2-elf/4.1.2/../../../../nios2-elf/lib/mno-hw-mul\libsmallc.a(lib_a-strlen.o)
 .debug_abbrev  0x0000076e      0x16c c:/altera/13.0sp1/nios2eds/bin/gnu/h-i686-mingw32/bin/../lib/gcc/nios2-elf/4.1.2/../../../../nios2-elf/lib/mno-hw-mul\libsmallc.a(lib_a-writer.o)
 .debug_abbrev  0x000008da       0x3b c:/altera/13.0sp1/nios2eds/bin/gnu/h-i686-mingw32/bin/../lib/gcc/nios2-elf/4.1.2/../../../../nios2-elf/lib/mno-hw-mul\libsmallc.a(lib_a-int_errno.o)
 .debug_abbrev  0x00000915       0xe0 c:/altera/13.0sp1/nios2eds/bin/gnu/h-i686-mingw32/bin/../lib/gcc/nios2-elf/4.1.2/mno-hw-mul\libgcc.a(lib2-divmod.o)
 .debug_abbrev  0x000009f5       0x7b c:/altera/13.0sp1/nios2eds/bin/gnu/h-i686-mingw32/bin/../lib/gcc/nios2-elf/4.1.2/mno-hw-mul\libgcc.a(lib2-mul.o)
 .debug_abbrev  0x00000a70       0x88 ../multiplicacao_bsp/\libhal_bsp.a(alt_load.o)
 .debug_abbrev  0x00000af8       0xb7 ../multiplicacao_bsp/\libhal_bsp.a(alt_main.o)
 .debug_abbrev  0x00000baf      0x100 ../multiplicacao_bsp/\libhal_bsp.a(alt_write.o)
 .debug_abbrev  0x00000caf      0x121 ../multiplicacao_bsp/\libhal_bsp.a(alt_sys_init.o)
 .debug_abbrev  0x00000dd0       0xcb ../multiplicacao_bsp/\libhal_bsp.a(altera_avalon_jtag_uart_fd.o)
 .debug_abbrev  0x00000e9b       0xb6 ../multiplicacao_bsp/\libhal_bsp.a(altera_avalon_jtag_uart_read.o)
 .debug_abbrev  0x00000f51       0xb4 ../multiplicacao_bsp/\libhal_bsp.a(altera_avalon_jtag_uart_write.o)
 .debug_abbrev  0x00001005       0xfb ../multiplicacao_bsp/\libhal_bsp.a(alt_close.o)
 .debug_abbrev  0x00001100       0x3f ../multiplicacao_bsp/\libhal_bsp.a(alt_dcache_flush_all.o)
 .debug_abbrev  0x0000113f       0xc7 ../multiplicacao_bsp/\libhal_bsp.a(alt_dev.o)
 .debug_abbrev  0x00001206       0xf6 ../multiplicacao_bsp/\libhal_bsp.a(alt_dev_llist_insert.o)
 .debug_abbrev  0x000012fc       0x5e ../multiplicacao_bsp/\libhal_bsp.a(alt_errno.o)
 .debug_abbrev  0x0000135a       0x3f ../multiplicacao_bsp/\libhal_bsp.a(alt_icache_flush_all.o)
 .debug_abbrev  0x00001399       0xf0 ../multiplicacao_bsp/\libhal_bsp.a(alt_io_redirect.o)
 .debug_abbrev  0x00001489      0x112 ../multiplicacao_bsp/\libhal_bsp.a(alt_open.o)
 .debug_abbrev  0x0000159b       0xc1 ../multiplicacao_bsp/\libhal_bsp.a(alt_release_fd.o)
 .debug_abbrev  0x0000165c       0x3f ../multiplicacao_bsp/\libhal_bsp.a(altera_nios2_qsys_irq.o)
 .debug_abbrev  0x0000169b       0xcf ../multiplicacao_bsp/\libhal_bsp.a(alt_find_dev.o)
 .debug_abbrev  0x0000176a       0xcf ../multiplicacao_bsp/\libhal_bsp.a(alt_find_file.o)
 .debug_abbrev  0x00001839       0xfb ../multiplicacao_bsp/\libhal_bsp.a(alt_get_fd.o)
 .debug_abbrev  0x00001934       0x4e c:/altera/13.0sp1/nios2eds/bin/gnu/h-i686-mingw32/bin/../lib/gcc/nios2-elf/4.1.2/../../../../nios2-elf/lib/mno-hw-mul\libsmallc.a(lib_a-exit.o)
 .debug_abbrev  0x00001982       0x7c c:/altera/13.0sp1/nios2eds/bin/gnu/h-i686-mingw32/bin/../lib/gcc/nios2-elf/4.1.2/../../../../nios2-elf/lib/mno-hw-mul\libsmallc.a(lib_a-memcmp.o)
 .debug_abbrev  0x000019fe      0x1c6 c:/altera/13.0sp1/nios2eds/bin/gnu/h-i686-mingw32/bin/../lib/gcc/nios2-elf/4.1.2/../../../../nios2-elf/lib/mno-hw-mul\libsmallc.a(lib_a-__call_atexit.o)
 .debug_abbrev  0x00001bc4       0x72 ../multiplicacao_bsp/\libhal_bsp.a(alt_exit.o)

.debug_line     0x00000000     0x5333
 *(.debug_line)
 .debug_line    0x00000000       0x66 ../multiplicacao_bsp//obj/HAL/src/crt0.o
 .debug_line    0x00000066      0x1fa obj/default/hello_world.o
 .debug_line    0x00000260      0x2be c:/altera/13.0sp1/nios2eds/bin/gnu/h-i686-mingw32/bin/../lib/gcc/nios2-elf/4.1.2/../../../../nios2-elf/lib/mno-hw-mul\libsmallc.a(lib_a-printf.o)
 .debug_line    0x0000051e      0x666 c:/altera/13.0sp1/nios2eds/bin/gnu/h-i686-mingw32/bin/../lib/gcc/nios2-elf/4.1.2/../../../../nios2-elf/lib/mno-hw-mul\libsmallc.a(lib_a-vfprintf.o)
 .debug_line    0x00000b84      0x2a9 c:/altera/13.0sp1/nios2eds/bin/gnu/h-i686-mingw32/bin/../lib/gcc/nios2-elf/4.1.2/../../../../nios2-elf/lib/mno-hw-mul\libsmallc.a(lib_a-fvwrite_small_dev.o)
 .debug_line    0x00000e2d      0x230 c:/altera/13.0sp1/nios2eds/bin/gnu/h-i686-mingw32/bin/../lib/gcc/nios2-elf/4.1.2/../../../../nios2-elf/lib/mno-hw-mul\libsmallc.a(lib_a-impure.o)
 .debug_line    0x0000105d      0x250 c:/altera/13.0sp1/nios2eds/bin/gnu/h-i686-mingw32/bin/../lib/gcc/nios2-elf/4.1.2/../../../../nios2-elf/lib/mno-hw-mul\libsmallc.a(lib_a-strlen.o)
 .debug_line    0x000012ad      0x29d c:/altera/13.0sp1/nios2eds/bin/gnu/h-i686-mingw32/bin/../lib/gcc/nios2-elf/4.1.2/../../../../nios2-elf/lib/mno-hw-mul\libsmallc.a(lib_a-writer.o)
 .debug_line    0x0000154a      0x1e2 c:/altera/13.0sp1/nios2eds/bin/gnu/h-i686-mingw32/bin/../lib/gcc/nios2-elf/4.1.2/../../../../nios2-elf/lib/mno-hw-mul\libsmallc.a(lib_a-int_errno.o)
 .debug_line    0x0000172c      0x24f c:/altera/13.0sp1/nios2eds/bin/gnu/h-i686-mingw32/bin/../lib/gcc/nios2-elf/4.1.2/mno-hw-mul\libgcc.a(lib2-divmod.o)
 .debug_line    0x0000197b      0x11a c:/altera/13.0sp1/nios2eds/bin/gnu/h-i686-mingw32/bin/../lib/gcc/nios2-elf/4.1.2/mno-hw-mul\libgcc.a(lib2-mul.o)
 .debug_line    0x00001a95      0x217 ../multiplicacao_bsp/\libhal_bsp.a(alt_load.o)
 .debug_line    0x00001cac      0x2ba ../multiplicacao_bsp/\libhal_bsp.a(alt_main.o)
 .debug_line    0x00001f66      0x2c9 ../multiplicacao_bsp/\libhal_bsp.a(alt_write.o)
 .debug_line    0x0000222f      0x2a6 ../multiplicacao_bsp/\libhal_bsp.a(alt_sys_init.o)
 .debug_line    0x000024d5      0x1d7 ../multiplicacao_bsp/\libhal_bsp.a(altera_avalon_jtag_uart_fd.o)
 .debug_line    0x000026ac      0x343 ../multiplicacao_bsp/\libhal_bsp.a(altera_avalon_jtag_uart_read.o)
 .debug_line    0x000029ef      0x304 ../multiplicacao_bsp/\libhal_bsp.a(altera_avalon_jtag_uart_write.o)
 .debug_line    0x00002cf3      0x299 ../multiplicacao_bsp/\libhal_bsp.a(alt_close.o)
 .debug_line    0x00002f8c      0x1b5 ../multiplicacao_bsp/\libhal_bsp.a(alt_dcache_flush_all.o)
 .debug_line    0x00003141      0x254 ../multiplicacao_bsp/\libhal_bsp.a(alt_dev.o)
 .debug_line    0x00003395      0x25a ../multiplicacao_bsp/\libhal_bsp.a(alt_dev_llist_insert.o)
 .debug_line    0x000035ef      0x1aa ../multiplicacao_bsp/\libhal_bsp.a(alt_errno.o)
 .debug_line    0x00003799      0x1b5 ../multiplicacao_bsp/\libhal_bsp.a(alt_icache_flush_all.o)
 .debug_line    0x0000394e      0x2b4 ../multiplicacao_bsp/\libhal_bsp.a(alt_io_redirect.o)
 .debug_line    0x00003c02      0x2ff ../multiplicacao_bsp/\libhal_bsp.a(alt_open.o)
 .debug_line    0x00003f01       0xed ../multiplicacao_bsp/\libhal_bsp.a(alt_release_fd.o)
 .debug_line    0x00003fee      0x1ce ../multiplicacao_bsp/\libhal_bsp.a(altera_nios2_qsys_irq.o)
 .debug_line    0x000041bc      0x26b ../multiplicacao_bsp/\libhal_bsp.a(alt_find_dev.o)
 .debug_line    0x00004427      0x27c ../multiplicacao_bsp/\libhal_bsp.a(alt_find_file.o)
 .debug_line    0x000046a3      0x297 ../multiplicacao_bsp/\libhal_bsp.a(alt_get_fd.o)
 .debug_line    0x0000493a      0x223 c:/altera/13.0sp1/nios2eds/bin/gnu/h-i686-mingw32/bin/../lib/gcc/nios2-elf/4.1.2/../../../../nios2-elf/lib/mno-hw-mul\libsmallc.a(lib_a-exit.o)
 .debug_line    0x00004b5d      0x270 c:/altera/13.0sp1/nios2eds/bin/gnu/h-i686-mingw32/bin/../lib/gcc/nios2-elf/4.1.2/../../../../nios2-elf/lib/mno-hw-mul\libsmallc.a(lib_a-memcmp.o)
 .debug_line    0x00004dcd      0x360 c:/altera/13.0sp1/nios2eds/bin/gnu/h-i686-mingw32/bin/../lib/gcc/nios2-elf/4.1.2/../../../../nios2-elf/lib/mno-hw-mul\libsmallc.a(lib_a-__call_atexit.o)
 .debug_line    0x0000512d      0x206 ../multiplicacao_bsp/\libhal_bsp.a(alt_exit.o)

.debug_frame    0x00000000      0x728
 *(.debug_frame)
 .debug_frame   0x00000000       0x2c obj/default/hello_world.o
 .debug_frame   0x0000002c       0x40 c:/altera/13.0sp1/nios2eds/bin/gnu/h-i686-mingw32/bin/../lib/gcc/nios2-elf/4.1.2/../../../../nios2-elf/lib/mno-hw-mul\libsmallc.a(lib_a-printf.o)
 .debug_frame   0x0000006c       0x64 c:/altera/13.0sp1/nios2eds/bin/gnu/h-i686-mingw32/bin/../lib/gcc/nios2-elf/4.1.2/../../../../nios2-elf/lib/mno-hw-mul\libsmallc.a(lib_a-vfprintf.o)
 .debug_frame   0x000000d0       0x30 c:/altera/13.0sp1/nios2eds/bin/gnu/h-i686-mingw32/bin/../lib/gcc/nios2-elf/4.1.2/../../../../nios2-elf/lib/mno-hw-mul\libsmallc.a(lib_a-fvwrite_small_dev.o)
 .debug_frame   0x00000100       0x20 c:/altera/13.0sp1/nios2eds/bin/gnu/h-i686-mingw32/bin/../lib/gcc/nios2-elf/4.1.2/../../../../nios2-elf/lib/mno-hw-mul\libsmallc.a(lib_a-strlen.o)
 .debug_frame   0x00000120       0x2c c:/altera/13.0sp1/nios2eds/bin/gnu/h-i686-mingw32/bin/../lib/gcc/nios2-elf/4.1.2/../../../../nios2-elf/lib/mno-hw-mul\libsmallc.a(lib_a-writer.o)
 .debug_frame   0x0000014c       0x70 c:/altera/13.0sp1/nios2eds/bin/gnu/h-i686-mingw32/bin/../lib/gcc/nios2-elf/4.1.2/mno-hw-mul\libgcc.a(lib2-divmod.o)
 .debug_frame   0x000001bc       0x20 c:/altera/13.0sp1/nios2eds/bin/gnu/h-i686-mingw32/bin/../lib/gcc/nios2-elf/4.1.2/mno-hw-mul\libgcc.a(lib2-mul.o)
 .debug_frame   0x000001dc       0x48 ../multiplicacao_bsp/\libhal_bsp.a(alt_load.o)
 .debug_frame   0x00000224       0x2c ../multiplicacao_bsp/\libhal_bsp.a(alt_main.o)
 .debug_frame   0x00000250       0x48 ../multiplicacao_bsp/\libhal_bsp.a(alt_write.o)
 .debug_frame   0x00000298       0x64 ../multiplicacao_bsp/\libhal_bsp.a(alt_sys_init.o)
 .debug_frame   0x000002fc       0x48 ../multiplicacao_bsp/\libhal_bsp.a(altera_avalon_jtag_uart_fd.o)
 .debug_frame   0x00000344       0x2c ../multiplicacao_bsp/\libhal_bsp.a(altera_avalon_jtag_uart_read.o)
 .debug_frame   0x00000370       0x2c ../multiplicacao_bsp/\libhal_bsp.a(altera_avalon_jtag_uart_write.o)
 .debug_frame   0x0000039c       0x48 ../multiplicacao_bsp/\libhal_bsp.a(alt_close.o)
 .debug_frame   0x000003e4       0x2c ../multiplicacao_bsp/\libhal_bsp.a(alt_dcache_flush_all.o)
 .debug_frame   0x00000410       0x2c ../multiplicacao_bsp/\libhal_bsp.a(alt_dev.o)
 .debug_frame   0x0000043c       0x48 ../multiplicacao_bsp/\libhal_bsp.a(alt_dev_llist_insert.o)
 .debug_frame   0x00000484       0x2c ../multiplicacao_bsp/\libhal_bsp.a(alt_icache_flush_all.o)
 .debug_frame   0x000004b0       0x4c ../multiplicacao_bsp/\libhal_bsp.a(alt_io_redirect.o)
 .debug_frame   0x000004fc       0x68 ../multiplicacao_bsp/\libhal_bsp.a(alt_open.o)
 .debug_frame   0x00000564       0x30 ../multiplicacao_bsp/\libhal_bsp.a(alt_release_fd.o)
 .debug_frame   0x00000594       0x2c ../multiplicacao_bsp/\libhal_bsp.a(altera_nios2_qsys_irq.o)
 .debug_frame   0x000005c0       0x2c ../multiplicacao_bsp/\libhal_bsp.a(alt_find_dev.o)
 .debug_frame   0x000005ec       0x2c ../multiplicacao_bsp/\libhal_bsp.a(alt_find_file.o)
 .debug_frame   0x00000618       0x30 ../multiplicacao_bsp/\libhal_bsp.a(alt_get_fd.o)
 .debug_frame   0x00000648       0x2c c:/altera/13.0sp1/nios2eds/bin/gnu/h-i686-mingw32/bin/../lib/gcc/nios2-elf/4.1.2/../../../../nios2-elf/lib/mno-hw-mul\libsmallc.a(lib_a-exit.o)
 .debug_frame   0x00000674       0x20 c:/altera/13.0sp1/nios2eds/bin/gnu/h-i686-mingw32/bin/../lib/gcc/nios2-elf/4.1.2/../../../../nios2-elf/lib/mno-hw-mul\libsmallc.a(lib_a-memcmp.o)
 .debug_frame   0x00000694       0x4c c:/altera/13.0sp1/nios2eds/bin/gnu/h-i686-mingw32/bin/../lib/gcc/nios2-elf/4.1.2/../../../../nios2-elf/lib/mno-hw-mul\libsmallc.a(lib_a-__call_atexit.o)
 .debug_frame   0x000006e0       0x48 ../multiplicacao_bsp/\libhal_bsp.a(alt_exit.o)

.debug_str      0x00000000      0xc9c
 *(.debug_str)
 .debug_str     0x00000000       0x12 obj/default/hello_world.o
 .debug_str     0x00000012      0x406 c:/altera/13.0sp1/nios2eds/bin/gnu/h-i686-mingw32/bin/../lib/gcc/nios2-elf/4.1.2/../../../../nios2-elf/lib/mno-hw-mul\libsmallc.a(lib_a-printf.o)
                                0x466 (size before relaxing)
 .debug_str     0x00000418      0x168 c:/altera/13.0sp1/nios2eds/bin/gnu/h-i686-mingw32/bin/../lib/gcc/nios2-elf/4.1.2/../../../../nios2-elf/lib/mno-hw-mul\libsmallc.a(lib_a-vfprintf.o)
                                0x5af (size before relaxing)
 .debug_str     0x00000580       0x70 c:/altera/13.0sp1/nios2eds/bin/gnu/h-i686-mingw32/bin/../lib/gcc/nios2-elf/4.1.2/../../../../nios2-elf/lib/mno-hw-mul\libsmallc.a(lib_a-fvwrite_small_dev.o)
                                0x46a (size before relaxing)
 .debug_str     0x000005f0       0xf8 c:/altera/13.0sp1/nios2eds/bin/gnu/h-i686-mingw32/bin/../lib/gcc/nios2-elf/4.1.2/../../../../nios2-elf/lib/mno-hw-mul\libsmallc.a(lib_a-impure.o)
                                0x45d (size before relaxing)
 .debug_str     0x000006e8       0xe2 c:/altera/13.0sp1/nios2eds/bin/gnu/h-i686-mingw32/bin/../lib/gcc/nios2-elf/4.1.2/../../../../nios2-elf/lib/mno-hw-mul\libsmallc.a(lib_a-strlen.o)
                                0x184 (size before relaxing)
 .debug_str     0x000007ca       0x4f c:/altera/13.0sp1/nios2eds/bin/gnu/h-i686-mingw32/bin/../lib/gcc/nios2-elf/4.1.2/../../../../nios2-elf/lib/mno-hw-mul\libsmallc.a(lib_a-writer.o)
                                0x451 (size before relaxing)
 .debug_str     0x00000819       0x40 c:/altera/13.0sp1/nios2eds/bin/gnu/h-i686-mingw32/bin/../lib/gcc/nios2-elf/4.1.2/../../../../nios2-elf/lib/mno-hw-mul\libsmallc.a(lib_a-int_errno.o)
                                0x177 (size before relaxing)
 .debug_str     0x00000859      0x10b c:/altera/13.0sp1/nios2eds/bin/gnu/h-i686-mingw32/bin/../lib/gcc/nios2-elf/4.1.2/mno-hw-mul\libgcc.a(lib2-divmod.o)
                                0x1b4 (size before relaxing)
 .debug_str     0x00000964       0x37 c:/altera/13.0sp1/nios2eds/bin/gnu/h-i686-mingw32/bin/../lib/gcc/nios2-elf/4.1.2/mno-hw-mul\libgcc.a(lib2-mul.o)
                                0x175 (size before relaxing)
 .debug_str     0x0000099b       0x12 ../multiplicacao_bsp/\libhal_bsp.a(alt_load.o)
 .debug_str     0x000009ad       0x12 ../multiplicacao_bsp/\libhal_bsp.a(alt_main.o)
 .debug_str     0x000009bf       0x12 ../multiplicacao_bsp/\libhal_bsp.a(alt_write.o)
 .debug_str     0x000009d1       0x12 ../multiplicacao_bsp/\libhal_bsp.a(alt_sys_init.o)
 .debug_str     0x000009e3       0x12 ../multiplicacao_bsp/\libhal_bsp.a(altera_avalon_jtag_uart_read.o)
 .debug_str     0x000009f5       0x12 ../multiplicacao_bsp/\libhal_bsp.a(altera_avalon_jtag_uart_write.o)
 .debug_str     0x00000a07       0x12 ../multiplicacao_bsp/\libhal_bsp.a(alt_close.o)
 .debug_str     0x00000a19       0x12 ../multiplicacao_bsp/\libhal_bsp.a(alt_dcache_flush_all.o)
 .debug_str     0x00000a2b       0x12 ../multiplicacao_bsp/\libhal_bsp.a(alt_dev.o)
 .debug_str     0x00000a3d       0x12 ../multiplicacao_bsp/\libhal_bsp.a(alt_dev_llist_insert.o)
 .debug_str     0x00000a4f       0x12 ../multiplicacao_bsp/\libhal_bsp.a(alt_errno.o)
 .debug_str     0x00000a61       0x12 ../multiplicacao_bsp/\libhal_bsp.a(alt_icache_flush_all.o)
 .debug_str     0x00000a73       0x12 ../multiplicacao_bsp/\libhal_bsp.a(alt_io_redirect.o)
 .debug_str     0x00000a85       0x12 ../multiplicacao_bsp/\libhal_bsp.a(alt_open.o)
 .debug_str     0x00000a97       0x12 ../multiplicacao_bsp/\libhal_bsp.a(altera_nios2_qsys_irq.o)
 .debug_str     0x00000aa9       0x12 ../multiplicacao_bsp/\libhal_bsp.a(alt_find_dev.o)
 .debug_str     0x00000abb       0x12 ../multiplicacao_bsp/\libhal_bsp.a(alt_find_file.o)
 .debug_str     0x00000acd       0x12 ../multiplicacao_bsp/\libhal_bsp.a(alt_get_fd.o)
 .debug_str     0x00000adf       0xde c:/altera/13.0sp1/nios2eds/bin/gnu/h-i686-mingw32/bin/../lib/gcc/nios2-elf/4.1.2/../../../../nios2-elf/lib/mno-hw-mul\libsmallc.a(lib_a-exit.o)
                                0x178 (size before relaxing)
 .debug_str     0x00000bbd       0x45 c:/altera/13.0sp1/nios2eds/bin/gnu/h-i686-mingw32/bin/../lib/gcc/nios2-elf/4.1.2/../../../../nios2-elf/lib/mno-hw-mul\libsmallc.a(lib_a-memcmp.o)
                                0x17e (size before relaxing)
 .debug_str     0x00000c02       0x7e c:/altera/13.0sp1/nios2eds/bin/gnu/h-i686-mingw32/bin/../lib/gcc/nios2-elf/4.1.2/../../../../nios2-elf/lib/mno-hw-mul\libsmallc.a(lib_a-__call_atexit.o)
                                0x491 (size before relaxing)
 .debug_str     0x00000c80       0x1c ../multiplicacao_bsp/\libhal_bsp.a(alt_exit.o)

.debug_loc      0x00000000     0x150b
 *(.debug_loc)
 .debug_loc     0x00000000       0x2b obj/default/hello_world.o
 .debug_loc     0x0000002b       0x8d c:/altera/13.0sp1/nios2eds/bin/gnu/h-i686-mingw32/bin/../lib/gcc/nios2-elf/4.1.2/../../../../nios2-elf/lib/mno-hw-mul\libsmallc.a(lib_a-printf.o)
 .debug_loc     0x000000b8      0x878 c:/altera/13.0sp1/nios2eds/bin/gnu/h-i686-mingw32/bin/../lib/gcc/nios2-elf/4.1.2/../../../../nios2-elf/lib/mno-hw-mul\libsmallc.a(lib_a-vfprintf.o)
 .debug_loc     0x00000930      0x162 c:/altera/13.0sp1/nios2eds/bin/gnu/h-i686-mingw32/bin/../lib/gcc/nios2-elf/4.1.2/../../../../nios2-elf/lib/mno-hw-mul\libsmallc.a(lib_a-fvwrite_small_dev.o)
 .debug_loc     0x00000a92       0x1e c:/altera/13.0sp1/nios2eds/bin/gnu/h-i686-mingw32/bin/../lib/gcc/nios2-elf/4.1.2/../../../../nios2-elf/lib/mno-hw-mul\libsmallc.a(lib_a-strlen.o)
 .debug_loc     0x00000ab0       0x97 c:/altera/13.0sp1/nios2eds/bin/gnu/h-i686-mingw32/bin/../lib/gcc/nios2-elf/4.1.2/../../../../nios2-elf/lib/mno-hw-mul\libsmallc.a(lib_a-writer.o)
 .debug_loc     0x00000b47      0x1d2 c:/altera/13.0sp1/nios2eds/bin/gnu/h-i686-mingw32/bin/../lib/gcc/nios2-elf/4.1.2/mno-hw-mul\libgcc.a(lib2-divmod.o)
 .debug_loc     0x00000d19       0x4f c:/altera/13.0sp1/nios2eds/bin/gnu/h-i686-mingw32/bin/../lib/gcc/nios2-elf/4.1.2/mno-hw-mul\libgcc.a(lib2-mul.o)
 .debug_loc     0x00000d68       0x56 ../multiplicacao_bsp/\libhal_bsp.a(alt_load.o)
 .debug_loc     0x00000dbe       0x2b ../multiplicacao_bsp/\libhal_bsp.a(alt_main.o)
 .debug_loc     0x00000de9       0x56 ../multiplicacao_bsp/\libhal_bsp.a(alt_write.o)
 .debug_loc     0x00000e3f       0x81 ../multiplicacao_bsp/\libhal_bsp.a(alt_sys_init.o)
 .debug_loc     0x00000ec0       0x56 ../multiplicacao_bsp/\libhal_bsp.a(altera_avalon_jtag_uart_fd.o)
 .debug_loc     0x00000f16       0x2b ../multiplicacao_bsp/\libhal_bsp.a(altera_avalon_jtag_uart_read.o)
 .debug_loc     0x00000f41       0x2b ../multiplicacao_bsp/\libhal_bsp.a(altera_avalon_jtag_uart_write.o)
 .debug_loc     0x00000f6c       0x56 ../multiplicacao_bsp/\libhal_bsp.a(alt_close.o)
 .debug_loc     0x00000fc2       0x2b ../multiplicacao_bsp/\libhal_bsp.a(alt_dcache_flush_all.o)
 .debug_loc     0x00000fed       0x2b ../multiplicacao_bsp/\libhal_bsp.a(alt_dev.o)
 .debug_loc     0x00001018       0x56 ../multiplicacao_bsp/\libhal_bsp.a(alt_dev_llist_insert.o)
 .debug_loc     0x0000106e       0x2b ../multiplicacao_bsp/\libhal_bsp.a(alt_icache_flush_all.o)
 .debug_loc     0x00001099       0x56 ../multiplicacao_bsp/\libhal_bsp.a(alt_io_redirect.o)
 .debug_loc     0x000010ef       0x81 ../multiplicacao_bsp/\libhal_bsp.a(alt_open.o)
 .debug_loc     0x00001170       0x2b ../multiplicacao_bsp/\libhal_bsp.a(alt_release_fd.o)
 .debug_loc     0x0000119b       0x2b ../multiplicacao_bsp/\libhal_bsp.a(altera_nios2_qsys_irq.o)
 .debug_loc     0x000011c6       0x2b ../multiplicacao_bsp/\libhal_bsp.a(alt_find_dev.o)
 .debug_loc     0x000011f1       0x2b ../multiplicacao_bsp/\libhal_bsp.a(alt_find_file.o)
 .debug_loc     0x0000121c       0x2b ../multiplicacao_bsp/\libhal_bsp.a(alt_get_fd.o)
 .debug_loc     0x00001247       0x3d c:/altera/13.0sp1/nios2eds/bin/gnu/h-i686-mingw32/bin/../lib/gcc/nios2-elf/4.1.2/../../../../nios2-elf/lib/mno-hw-mul\libsmallc.a(lib_a-exit.o)
 .debug_loc     0x00001284       0x70 c:/altera/13.0sp1/nios2eds/bin/gnu/h-i686-mingw32/bin/../lib/gcc/nios2-elf/4.1.2/../../../../nios2-elf/lib/mno-hw-mul\libsmallc.a(lib_a-memcmp.o)
 .debug_loc     0x000012f4      0x1c1 c:/altera/13.0sp1/nios2eds/bin/gnu/h-i686-mingw32/bin/../lib/gcc/nios2-elf/4.1.2/../../../../nios2-elf/lib/mno-hw-mul\libsmallc.a(lib_a-__call_atexit.o)
 .debug_loc     0x000014b5       0x56 ../multiplicacao_bsp/\libhal_bsp.a(alt_exit.o)

.debug_macinfo
 *(.debug_macinfo)

.debug_weaknames
 *(.debug_weaknames)

.debug_funcnames
 *(.debug_funcnames)

.debug_typenames
 *(.debug_typenames)

.debug_varnames
 *(.debug_varnames)

.debug_alt_sim_info
                0x00000000       0x10
 *(.debug_alt_sim_info)
 .debug_alt_sim_info
                0x00000000       0x10 ../multiplicacao_bsp//obj/HAL/src/crt0.o
                0x0001a000                __alt_data_end = 0x1a000
                0x0001a000                PROVIDE (__alt_stack_pointer, __alt_data_end)
                0x00012404                PROVIDE (__alt_stack_limit, __alt_stack_base)
                0x00012404                PROVIDE (__alt_heap_start, end)
                0x0001a000                PROVIDE (__alt_heap_limit, 0x1a000)
OUTPUT(multiplicacao.elf elf32-littlenios2)

.debug_ranges   0x00000000      0x178
 .debug_ranges  0x00000000       0x20 ../multiplicacao_bsp//obj/HAL/src/crt0.o
 .debug_ranges  0x00000020      0x140 c:/altera/13.0sp1/nios2eds/bin/gnu/h-i686-mingw32/bin/../lib/gcc/nios2-elf/4.1.2/../../../../nios2-elf/lib/mno-hw-mul\libsmallc.a(lib_a-vfprintf.o)
 .debug_ranges  0x00000160       0x18 c:/altera/13.0sp1/nios2eds/bin/gnu/h-i686-mingw32/bin/../lib/gcc/nios2-elf/4.1.2/../../../../nios2-elf/lib/mno-hw-mul\libsmallc.a(lib_a-__call_atexit.o)
