Archive member included because of file (symbol)

c:/altera/13.0sp1/nios2eds/bin/gnu/h-i686-mingw32/bin/../lib/gcc/nios2-elf/4.1.2/../../../../nios2-elf/lib/mno-hw-mul\libsmallc.a(lib_a-printf.o)
                              obj/default/hello_world.o (printf)
c:/altera/13.0sp1/nios2eds/bin/gnu/h-i686-mingw32/bin/../lib/gcc/nios2-elf/4.1.2/../../../../nios2-elf/lib/mno-hw-mul\libsmallc.a(lib_a-puts.o)
                              obj/default/hello_world.o (puts)
c:/altera/13.0sp1/nios2eds/bin/gnu/h-i686-mingw32/bin/../lib/gcc/nios2-elf/4.1.2/../../../../nios2-elf/lib/mno-hw-mul\libsmallc.a(lib_a-strlen.o)
                              c:/altera/13.0sp1/nios2eds/bin/gnu/h-i686-mingw32/bin/../lib/gcc/nios2-elf/4.1.2/../../../../nios2-elf/lib/mno-hw-mul\libsmallc.a(lib_a-puts.o) (strlen)
c:/altera/13.0sp1/nios2eds/bin/gnu/h-i686-mingw32/bin/../lib/gcc/nios2-elf/4.1.2/../../../../nios2-elf/lib/mno-hw-mul\libsmallc.a(lib_a-vfprintf.o)
                              c:/altera/13.0sp1/nios2eds/bin/gnu/h-i686-mingw32/bin/../lib/gcc/nios2-elf/4.1.2/../../../../nios2-elf/lib/mno-hw-mul\libsmallc.a(lib_a-printf.o) (___vfprintf_internal_r)
c:/altera/13.0sp1/nios2eds/bin/gnu/h-i686-mingw32/bin/../lib/gcc/nios2-elf/4.1.2/../../../../nios2-elf/lib/mno-hw-mul\libsmallc.a(lib_a-fvwrite_small_dev.o)
                              c:/altera/13.0sp1/nios2eds/bin/gnu/h-i686-mingw32/bin/../lib/gcc/nios2-elf/4.1.2/../../../../nios2-elf/lib/mno-hw-mul\libsmallc.a(lib_a-printf.o) (__sfvwrite_small_dev)
c:/altera/13.0sp1/nios2eds/bin/gnu/h-i686-mingw32/bin/../lib/gcc/nios2-elf/4.1.2/../../../../nios2-elf/lib/mno-hw-mul\libsmallc.a(lib_a-impure.o)
                              c:/altera/13.0sp1/nios2eds/bin/gnu/h-i686-mingw32/bin/../lib/gcc/nios2-elf/4.1.2/../../../../nios2-elf/lib/mno-hw-mul\libsmallc.a(lib_a-printf.o) (_impure_ptr)
c:/altera/13.0sp1/nios2eds/bin/gnu/h-i686-mingw32/bin/../lib/gcc/nios2-elf/4.1.2/../../../../nios2-elf/lib/mno-hw-mul\libsmallc.a(lib_a-writer.o)
                              c:/altera/13.0sp1/nios2eds/bin/gnu/h-i686-mingw32/bin/../lib/gcc/nios2-elf/4.1.2/../../../../nios2-elf/lib/mno-hw-mul\libsmallc.a(lib_a-fvwrite_small_dev.o) (_write_r)
c:/altera/13.0sp1/nios2eds/bin/gnu/h-i686-mingw32/bin/../lib/gcc/nios2-elf/4.1.2/../../../../nios2-elf/lib/mno-hw-mul\libsmallc.a(lib_a-int_errno.o)
                              c:/altera/13.0sp1/nios2eds/bin/gnu/h-i686-mingw32/bin/../lib/gcc/nios2-elf/4.1.2/../../../../nios2-elf/lib/mno-hw-mul\libsmallc.a(lib_a-writer.o) (errno)
c:/altera/13.0sp1/nios2eds/bin/gnu/h-i686-mingw32/bin/../lib/gcc/nios2-elf/4.1.2/mno-hw-mul\libgcc.a(lib2-divmod.o)
                              c:/altera/13.0sp1/nios2eds/bin/gnu/h-i686-mingw32/bin/../lib/gcc/nios2-elf/4.1.2/../../../../nios2-elf/lib/mno-hw-mul\libsmallc.a(lib_a-vfprintf.o) (__udivsi3)
c:/altera/13.0sp1/nios2eds/bin/gnu/h-i686-mingw32/bin/../lib/gcc/nios2-elf/4.1.2/mno-hw-mul\libgcc.a(lib2-mul.o)
                              c:/altera/13.0sp1/nios2eds/bin/gnu/h-i686-mingw32/bin/../lib/gcc/nios2-elf/4.1.2/../../../../nios2-elf/lib/mno-hw-mul\libsmallc.a(lib_a-vfprintf.o) (__mulsi3)
../multiplicacao_bsp/\libhal_bsp.a(alt_load.o)
                              ../multiplicacao_bsp//obj/HAL/src/crt0.o (alt_load)
../multiplicacao_bsp/\libhal_bsp.a(alt_main.o)
                              ../multiplicacao_bsp//obj/HAL/src/crt0.o (alt_main)
../multiplicacao_bsp/\libhal_bsp.a(alt_write.o)
                              c:/altera/13.0sp1/nios2eds/bin/gnu/h-i686-mingw32/bin/../lib/gcc/nios2-elf/4.1.2/../../../../nios2-elf/lib/mno-hw-mul\libsmallc.a(lib_a-writer.o) (write)
../multiplicacao_bsp/\libhal_bsp.a(alt_sys_init.o)
                              ../multiplicacao_bsp/\libhal_bsp.a(alt_main.o) (alt_irq_init)
../multiplicacao_bsp/\libhal_bsp.a(altera_avalon_jtag_uart_fd.o)
                              ../multiplicacao_bsp/\libhal_bsp.a(alt_sys_init.o) (altera_avalon_jtag_uart_read_fd)
../multiplicacao_bsp/\libhal_bsp.a(altera_avalon_jtag_uart_read.o)
                              ../multiplicacao_bsp/\libhal_bsp.a(altera_avalon_jtag_uart_fd.o) (altera_avalon_jtag_uart_read)
../multiplicacao_bsp/\libhal_bsp.a(altera_avalon_jtag_uart_write.o)
                              ../multiplicacao_bsp/\libhal_bsp.a(altera_avalon_jtag_uart_fd.o) (altera_avalon_jtag_uart_write)
../multiplicacao_bsp/\libhal_bsp.a(perf_print_formatted_report.o)
                              obj/default/hello_world.o (perf_print_formatted_report)
../multiplicacao_bsp/\libhal_bsp.a(alt_close.o)
                              ../multiplicacao_bsp/\libhal_bsp.a(alt_main.o) (close)
../multiplicacao_bsp/\libhal_bsp.a(alt_dcache_flush_all.o)
                              ../multiplicacao_bsp/\libhal_bsp.a(alt_load.o) (alt_dcache_flush_all)
../multiplicacao_bsp/\libhal_bsp.a(alt_dev.o)
                              ../multiplicacao_bsp/\libhal_bsp.a(alt_sys_init.o) (alt_dev_list)
../multiplicacao_bsp/\libhal_bsp.a(alt_dev_llist_insert.o)
                              ../multiplicacao_bsp/\libhal_bsp.a(alt_sys_init.o) (alt_dev_llist_insert)
../multiplicacao_bsp/\libhal_bsp.a(alt_errno.o)
                              ../multiplicacao_bsp/\libhal_bsp.a(alt_write.o) (alt_errno)
../multiplicacao_bsp/\libhal_bsp.a(alt_icache_flush_all.o)
                              ../multiplicacao_bsp/\libhal_bsp.a(alt_load.o) (alt_icache_flush_all)
../multiplicacao_bsp/\libhal_bsp.a(alt_io_redirect.o)
                              ../multiplicacao_bsp/\libhal_bsp.a(alt_main.o) (alt_io_redirect)
../multiplicacao_bsp/\libhal_bsp.a(alt_open.o)
                              ../multiplicacao_bsp/\libhal_bsp.a(alt_io_redirect.o) (open)
../multiplicacao_bsp/\libhal_bsp.a(alt_release_fd.o)
                              ../multiplicacao_bsp/\libhal_bsp.a(alt_close.o) (alt_release_fd)
../multiplicacao_bsp/\libhal_bsp.a(altera_nios2_qsys_irq.o)
                              ../multiplicacao_bsp/\libhal_bsp.a(alt_sys_init.o) (altera_nios2_qsys_irq_init)
../multiplicacao_bsp/\libhal_bsp.a(altera_avalon_performance_counter.o)
                              ../multiplicacao_bsp/\libhal_bsp.a(perf_print_formatted_report.o) (perf_get_section_time)
../multiplicacao_bsp/\libhal_bsp.a(alt_find_dev.o)
                              ../multiplicacao_bsp/\libhal_bsp.a(alt_open.o) (alt_find_dev)
../multiplicacao_bsp/\libhal_bsp.a(alt_find_file.o)
                              ../multiplicacao_bsp/\libhal_bsp.a(alt_open.o) (alt_find_file)
../multiplicacao_bsp/\libhal_bsp.a(alt_get_fd.o)
                              ../multiplicacao_bsp/\libhal_bsp.a(alt_open.o) (alt_get_fd)
c:/altera/13.0sp1/nios2eds/bin/gnu/h-i686-mingw32/bin/../lib/gcc/nios2-elf/4.1.2/../../../../nios2-elf/lib/mno-hw-mul\libsmallc.a(lib_a-exit.o)
                              ../multiplicacao_bsp/\libhal_bsp.a(alt_main.o) (exit)
c:/altera/13.0sp1/nios2eds/bin/gnu/h-i686-mingw32/bin/../lib/gcc/nios2-elf/4.1.2/../../../../nios2-elf/lib/mno-hw-mul\libsmallc.a(lib_a-memcmp.o)
                              ../multiplicacao_bsp/\libhal_bsp.a(alt_find_dev.o) (memcmp)
c:/altera/13.0sp1/nios2eds/bin/gnu/h-i686-mingw32/bin/../lib/gcc/nios2-elf/4.1.2/../../../../nios2-elf/lib/mno-hw-mul\libsmallc.a(lib_a-__call_atexit.o)
                              c:/altera/13.0sp1/nios2eds/bin/gnu/h-i686-mingw32/bin/../lib/gcc/nios2-elf/4.1.2/../../../../nios2-elf/lib/mno-hw-mul\libsmallc.a(lib_a-exit.o) (__call_exitprocs)
c:/altera/13.0sp1/nios2eds/bin/gnu/h-i686-mingw32/bin/../lib/gcc/nios2-elf/4.1.2/mno-hw-mul\libgcc.a(_muldi3.o)
                              ../multiplicacao_bsp/\libhal_bsp.a(perf_print_formatted_report.o) (__muldi3)
c:/altera/13.0sp1/nios2eds/bin/gnu/h-i686-mingw32/bin/../lib/gcc/nios2-elf/4.1.2/mno-hw-mul\libgcc.a(_udivdi3.o)
                              ../multiplicacao_bsp/\libhal_bsp.a(perf_print_formatted_report.o) (__udivdi3)
c:/altera/13.0sp1/nios2eds/bin/gnu/h-i686-mingw32/bin/../lib/gcc/nios2-elf/4.1.2/mno-hw-mul\libgcc.a(_clz.o)
                              c:/altera/13.0sp1/nios2eds/bin/gnu/h-i686-mingw32/bin/../lib/gcc/nios2-elf/4.1.2/mno-hw-mul\libgcc.a(_udivdi3.o) (__clz_tab)
../multiplicacao_bsp/\libhal_bsp.a(alt_exit.o)
                              c:/altera/13.0sp1/nios2eds/bin/gnu/h-i686-mingw32/bin/../lib/gcc/nios2-elf/4.1.2/../../../../nios2-elf/lib/mno-hw-mul\libsmallc.a(lib_a-exit.o) (_exit)

Allocating common symbols
Common symbol       size              file

errno               0x4               c:/altera/13.0sp1/nios2eds/bin/gnu/h-i686-mingw32/bin/../lib/gcc/nios2-elf/4.1.2/../../../../nios2-elf/lib/mno-hw-mul\libsmallc.a(lib_a-int_errno.o)

Memory Configuration

Name             Origin             Length             Attributes
reset            0x00010000         0x00000020
ram              0x00010020         0x00009fe0
*default*        0x00000000         0xffffffff

Linker script and memory map

LOAD ../multiplicacao_bsp//obj/HAL/src/crt0.o
LOAD obj/default/hello_world.o
LOAD c:/altera/13.0sp1/nios2eds/bin/gnu/h-i686-mingw32/bin/../lib/gcc/nios2-elf/4.1.2/../../../../nios2-elf/lib/mno-hw-mul\libstdc++.a
LOAD c:/altera/13.0sp1/nios2eds/bin/gnu/h-i686-mingw32/bin/../lib/gcc/nios2-elf/4.1.2/../../../../nios2-elf/lib/mno-hw-mul\libm.a
LOAD c:/altera/13.0sp1/nios2eds/bin/gnu/h-i686-mingw32/bin/../lib/gcc/nios2-elf/4.1.2/mno-hw-mul\libgcc.a
START GROUP
LOAD c:/altera/13.0sp1/nios2eds/bin/gnu/h-i686-mingw32/bin/../lib/gcc/nios2-elf/4.1.2/../../../../nios2-elf/lib/mno-hw-mul\libsmallc.a
LOAD c:/altera/13.0sp1/nios2eds/bin/gnu/h-i686-mingw32/bin/../lib/gcc/nios2-elf/4.1.2/mno-hw-mul\libgcc.a
LOAD ../multiplicacao_bsp/\libhal_bsp.a
END GROUP
LOAD c:/altera/13.0sp1/nios2eds/bin/gnu/h-i686-mingw32/bin/../lib/gcc/nios2-elf/4.1.2/mno-hw-mul\libgcc.a
                0x00010000                __alt_mem_ram = 0x10000

.entry          0x00010000       0x20
 *(.entry)
 .entry         0x00010000       0x20 ../multiplicacao_bsp//obj/HAL/src/crt0.o
                0x00010000                __reset

.exceptions     0x00010020        0x0
                0x00010020                PROVIDE (__ram_exceptions_start, ABSOLUTE (.))
                0x00010020                . = ALIGN (0x20)
 *(.irq)
 *(.exceptions.entry.label)
 *(.exceptions.entry.user)
 *(.exceptions.entry)
 *(.exceptions.irqtest.user)
 *(.exceptions.irqtest)
 *(.exceptions.irqhandler.user)
 *(.exceptions.irqhandler)
 *(.exceptions.irqreturn.user)
 *(.exceptions.irqreturn)
 *(.exceptions.notirq.label)
 *(.exceptions.notirq.user)
 *(.exceptions.notirq)
 *(.exceptions.soft.user)
 *(.exceptions.soft)
 *(.exceptions.unknown.user)
 *(.exceptions.unknown)
 *(.exceptions.exit.label)
 *(.exceptions.exit.user)
 *(.exceptions.exit)
 *(.exceptions)
                0x00010020                PROVIDE (__ram_exceptions_end, ABSOLUTE (.))
                0x00010020                PROVIDE (__flash_exceptions_start, LOADADDR (.exceptions))

.text           0x00010020     0x2b00
                0x00010020                PROVIDE (stext, ABSOLUTE (.))
 *(.interp)
 *(.hash)
 *(.dynsym)
 *(.dynstr)
 *(.gnu.version)
 *(.gnu.version_d)
 *(.gnu.version_r)
 *(.rel.init)
 *(.rela.init)
 *(.rel.text .rel.text.* .rel.gnu.linkonce.t.*)
 *(.rela.text .rela.text.* .rela.gnu.linkonce.t.*)
 *(.rel.fini)
 *(.rela.fini)
 *(.rel.rodata .rel.rodata.* .rel.gnu.linkonce.r.*)
 *(.rela.rodata .rela.rodata.* .rela.gnu.linkonce.r.*)
 *(.rel.data .rel.data.* .rel.gnu.linkonce.d.*)
 *(.rela.data .rela.data.* .rela.gnu.linkonce.d.*)
 *(.rel.tdata .rel.tdata.* .rel.gnu.linkonce.td.*)
 *(.rela.tdata .rela.tdata.* .rela.gnu.linkonce.td.*)
 *(.rel.tbss .rel.tbss.* .rel.gnu.linkonce.tb.*)
 *(.rela.tbss .rela.tbss.* .rela.gnu.linkonce.tb.*)
 *(.rel.ctors)
 *(.rela.ctors)
 *(.rel.dtors)
 *(.rela.dtors)
 *(.rel.got)
 *(.rela.got)
 *(.rel.sdata .rel.sdata.* .rel.gnu.linkonce.s.*)
 *(.rela.sdata .rela.sdata.* .rela.gnu.linkonce.s.*)
 *(.rel.sbss .rel.sbss.* .rel.gnu.linkonce.sb.*)
 *(.rela.sbss .rela.sbss.* .rela.gnu.linkonce.sb.*)
 *(.rel.sdata2 .rel.sdata2.* .rel.gnu.linkonce.s2.*)
 *(.rela.sdata2 .rela.sdata2.* .rela.gnu.linkonce.s2.*)
 *(.rel.sbss2 .rel.sbss2.* .rel.gnu.linkonce.sb2.*)
 *(.rela.sbss2 .rela.sbss2.* .rela.gnu.linkonce.sb2.*)
 *(.rel.bss .rel.bss.* .rel.gnu.linkonce.b.*)
 *(.rela.bss .rela.bss.* .rela.gnu.linkonce.b.*)
 *(.rel.plt)
 *(.rela.plt)
 *(.rel.dyn)
 *(.init)
 *(.plt)
 *(.text .stub .text.* .gnu.linkonce.t.*)
 .text          0x00010020       0x3c ../multiplicacao_bsp//obj/HAL/src/crt0.o
                0x00010020                _start
 .text          0x0001005c      0x108 obj/default/hello_world.o
                0x0001005c                main
 .text          0x00010164       0x98 c:/altera/13.0sp1/nios2eds/bin/gnu/h-i686-mingw32/bin/../lib/gcc/nios2-elf/4.1.2/../../../../nios2-elf/lib/mno-hw-mul\libsmallc.a(lib_a-printf.o)
                0x00010164                printf
                0x000101b8                _printf_r
 .text          0x000101fc       0xa4 c:/altera/13.0sp1/nios2eds/bin/gnu/h-i686-mingw32/bin/../lib/gcc/nios2-elf/4.1.2/../../../../nios2-elf/lib/mno-hw-mul\libsmallc.a(lib_a-puts.o)
                0x000101fc                _puts_r
                0x0001028c                puts
 .text          0x000102a0       0x20 c:/altera/13.0sp1/nios2eds/bin/gnu/h-i686-mingw32/bin/../lib/gcc/nios2-elf/4.1.2/../../../../nios2-elf/lib/mno-hw-mul\libsmallc.a(lib_a-strlen.o)
                0x000102a0                strlen
 .text          0x000102c0      0x740 c:/altera/13.0sp1/nios2eds/bin/gnu/h-i686-mingw32/bin/../lib/gcc/nios2-elf/4.1.2/../../../../nios2-elf/lib/mno-hw-mul\libsmallc.a(lib_a-vfprintf.o)
                0x00010340                ___vfprintf_internal_r
                0x000109dc                __vfprintf_internal
 .text          0x00010a00       0xbc c:/altera/13.0sp1/nios2eds/bin/gnu/h-i686-mingw32/bin/../lib/gcc/nios2-elf/4.1.2/../../../../nios2-elf/lib/mno-hw-mul\libsmallc.a(lib_a-fvwrite_small_dev.o)
                0x00010a00                __sfvwrite_small_dev
 .text          0x00010abc        0x0 c:/altera/13.0sp1/nios2eds/bin/gnu/h-i686-mingw32/bin/../lib/gcc/nios2-elf/4.1.2/../../../../nios2-elf/lib/mno-hw-mul\libsmallc.a(lib_a-impure.o)
 .text          0x00010abc       0x78 c:/altera/13.0sp1/nios2eds/bin/gnu/h-i686-mingw32/bin/../lib/gcc/nios2-elf/4.1.2/../../../../nios2-elf/lib/mno-hw-mul\libsmallc.a(lib_a-writer.o)
                0x00010abc                _write_r
 .text          0x00010b34        0x0 c:/altera/13.0sp1/nios2eds/bin/gnu/h-i686-mingw32/bin/../lib/gcc/nios2-elf/4.1.2/../../../../nios2-elf/lib/mno-hw-mul\libsmallc.a(lib_a-int_errno.o)
 .text          0x00010b34      0x14c c:/altera/13.0sp1/nios2eds/bin/gnu/h-i686-mingw32/bin/../lib/gcc/nios2-elf/4.1.2/mno-hw-mul\libgcc.a(lib2-divmod.o)
                0x00010bb0                __divsi3
                0x00010c10                __modsi3
                0x00010c70                __udivsi3
                0x00010c78                __umodsi3
 .text          0x00010c80       0x38 c:/altera/13.0sp1/nios2eds/bin/gnu/h-i686-mingw32/bin/../lib/gcc/nios2-elf/4.1.2/mno-hw-mul\libgcc.a(lib2-mul.o)
                0x00010c80                __mulsi3
 .text          0x00010cb8       0xec ../multiplicacao_bsp/\libhal_bsp.a(alt_load.o)
                0x00010cb8                alt_load
 .text          0x00010da4       0x5c ../multiplicacao_bsp/\libhal_bsp.a(alt_main.o)
                0x00010da4                alt_main
 .text          0x00010e00      0x184 ../multiplicacao_bsp/\libhal_bsp.a(alt_write.o)
                0x00010e00                write
 .text          0x00010f84       0xa8 ../multiplicacao_bsp/\libhal_bsp.a(alt_sys_init.o)
                0x00010f84                alt_irq_init
                0x00010fb8                alt_sys_init
 .text          0x0001102c       0xb0 ../multiplicacao_bsp/\libhal_bsp.a(altera_avalon_jtag_uart_fd.o)
                0x0001102c                altera_avalon_jtag_uart_read_fd
                0x00011084                altera_avalon_jtag_uart_write_fd
 .text          0x000110dc      0x104 ../multiplicacao_bsp/\libhal_bsp.a(altera_avalon_jtag_uart_read.o)
                0x000110dc                altera_avalon_jtag_uart_read
 .text          0x000111e0       0xa4 ../multiplicacao_bsp/\libhal_bsp.a(altera_avalon_jtag_uart_write.o)
                0x000111e0                altera_avalon_jtag_uart_write
 .text          0x00011284      0x2dc ../multiplicacao_bsp/\libhal_bsp.a(perf_print_formatted_report.o)
                0x00011284                perf_print_formatted_report
 .text          0x00011560      0x160 ../multiplicacao_bsp/\libhal_bsp.a(alt_close.o)
                0x00011560                close
 .text          0x000116c0       0x1c ../multiplicacao_bsp/\libhal_bsp.a(alt_dcache_flush_all.o)
                0x000116c0                alt_dcache_flush_all
 .text          0x000116dc       0x2c ../multiplicacao_bsp/\libhal_bsp.a(alt_dev.o)
 .text          0x00011708      0x114 ../multiplicacao_bsp/\libhal_bsp.a(alt_dev_llist_insert.o)
                0x00011708                alt_dev_llist_insert
 .text          0x0001181c        0x0 ../multiplicacao_bsp/\libhal_bsp.a(alt_errno.o)
 .text          0x0001181c       0x1c ../multiplicacao_bsp/\libhal_bsp.a(alt_icache_flush_all.o)
                0x0001181c                alt_icache_flush_all
 .text          0x00011838      0x150 ../multiplicacao_bsp/\libhal_bsp.a(alt_io_redirect.o)
                0x00011910                alt_io_redirect
 .text          0x00011988      0x2e4 ../multiplicacao_bsp/\libhal_bsp.a(alt_open.o)
                0x00011a80                open
 .text          0x00011c6c       0x78 ../multiplicacao_bsp/\libhal_bsp.a(alt_release_fd.o)
                0x00011c6c                alt_release_fd
 .text          0x00011ce4       0x20 ../multiplicacao_bsp/\libhal_bsp.a(altera_nios2_qsys_irq.o)
                0x00011ce4                altera_nios2_qsys_irq_init
 .text          0x00011d04      0x188 ../multiplicacao_bsp/\libhal_bsp.a(altera_avalon_performance_counter.o)
                0x00011d04                perf_get_section_time
                0x00011db4                perf_get_total_time
                0x00011e08                perf_get_num_starts
                0x00011e48                alt_get_performance_counter_base
                0x00011e68                alt_get_cpu_freq
 .text          0x00011e8c       0x94 ../multiplicacao_bsp/\libhal_bsp.a(alt_find_dev.o)
                0x00011e8c                alt_find_dev
 .text          0x00011f20      0x120 ../multiplicacao_bsp/\libhal_bsp.a(alt_find_file.o)
                0x00011f20                alt_find_file
 .text          0x00012040       0xd0 ../multiplicacao_bsp/\libhal_bsp.a(alt_get_fd.o)
                0x00012040                alt_get_fd
 .text          0x00012110       0x20 c:/altera/13.0sp1/nios2eds/bin/gnu/h-i686-mingw32/bin/../lib/gcc/nios2-elf/4.1.2/../../../../nios2-elf/lib/mno-hw-mul\libsmallc.a(lib_a-exit.o)
                0x00012110                exit
 .text          0x00012130       0x3c c:/altera/13.0sp1/nios2eds/bin/gnu/h-i686-mingw32/bin/../lib/gcc/nios2-elf/4.1.2/../../../../nios2-elf/lib/mno-hw-mul\libsmallc.a(lib_a-memcmp.o)
                0x00012130                memcmp
 .text          0x0001216c      0x1c0 c:/altera/13.0sp1/nios2eds/bin/gnu/h-i686-mingw32/bin/../lib/gcc/nios2-elf/4.1.2/../../../../nios2-elf/lib/mno-hw-mul\libsmallc.a(lib_a-__call_atexit.o)
                0x00012170                __call_exitprocs
 .text          0x0001232c      0x124 c:/altera/13.0sp1/nios2eds/bin/gnu/h-i686-mingw32/bin/../lib/gcc/nios2-elf/4.1.2/mno-hw-mul\libgcc.a(_muldi3.o)
                0x0001232c                __muldi3
 .text          0x00012450      0x66c c:/altera/13.0sp1/nios2eds/bin/gnu/h-i686-mingw32/bin/../lib/gcc/nios2-elf/4.1.2/mno-hw-mul\libgcc.a(_udivdi3.o)
                0x00012450                __udivdi3
 .text          0x00012abc        0x0 c:/altera/13.0sp1/nios2eds/bin/gnu/h-i686-mingw32/bin/../lib/gcc/nios2-elf/4.1.2/mno-hw-mul\libgcc.a(_clz.o)
 .text          0x00012abc       0x60 ../multiplicacao_bsp/\libhal_bsp.a(alt_exit.o)
                0x00012afc                _exit
 *(.gnu.warning.*)
 *(.fini)
                0x00012b1c                PROVIDE (__etext, ABSOLUTE (.))
                0x00012b1c                PROVIDE (_etext, ABSOLUTE (.))
                0x00012b1c                PROVIDE (etext, ABSOLUTE (.))
 *(.eh_frame_hdr)
                0x00012b1c                . = ALIGN (0x4)
                0x00012b1c                PROVIDE (__preinit_array_start, ABSOLUTE (.))
 *(.preinit_array)
                0x00012b1c                PROVIDE (__preinit_array_end, ABSOLUTE (.))
                0x00012b1c                PROVIDE (__init_array_start, ABSOLUTE (.))
 *(.init_array)
                0x00012b1c                PROVIDE (__init_array_end, ABSOLUTE (.))
                0x00012b1c                PROVIDE (__fini_array_start, ABSOLUTE (.))
 *(.fini_array)
                0x00012b1c                PROVIDE (__fini_array_end, ABSOLUTE (.))
 *(.eh_frame)
 *(.gcc_except_table)
 *(.dynamic)
                0x00012b1c                PROVIDE (__CTOR_LIST__, ABSOLUTE (.))
 *(.ctors)
 *(SORT(.ctors.*))
 .ctors.65535   0x00012b1c        0x4 c:/altera/13.0sp1/nios2eds/bin/gnu/h-i686-mingw32/bin/../lib/gcc/nios2-elf/4.1.2/../../../../nios2-elf/lib/mno-hw-mul\libsmallc.a(lib_a-__call_atexit.o)
                0x00012b20                PROVIDE (__CTOR_END__, ABSOLUTE (.))
                0x00012b20                PROVIDE (__DTOR_LIST__, ABSOLUTE (.))
 *(.dtors)
 *(SORT(.dtors.*))
                0x00012b20                PROVIDE (__DTOR_END__, ABSOLUTE (.))
 *(.jcr)
                0x00012b20                . = ALIGN (0x4)

.rodata         0x00012b20      0x27c
                0x00012b20                PROVIDE (__ram_rodata_start, ABSOLUTE (.))
                0x00012b20                . = ALIGN (0x4)
 *(.rodata .rodata.* .gnu.linkonce.r.*)
 .rodata        0x00012b20       0x48 obj/default/hello_world.o
 .rodata.str1.4
                0x00012b68        0x4 c:/altera/13.0sp1/nios2eds/bin/gnu/h-i686-mingw32/bin/../lib/gcc/nios2-elf/4.1.2/../../../../nios2-elf/lib/mno-hw-mul\libsmallc.a(lib_a-puts.o)
 .rodata        0x00012b6c        0xc ../multiplicacao_bsp/\libhal_bsp.a(alt_main.o)
 .rodata        0x00012b78        0xc ../multiplicacao_bsp/\libhal_bsp.a(alt_sys_init.o)
 .rodata        0x00012b84      0x10c ../multiplicacao_bsp/\libhal_bsp.a(perf_print_formatted_report.o)
 .rodata        0x00012c90        0xc ../multiplicacao_bsp/\libhal_bsp.a(alt_dev.o)
 .rodata        0x00012c9c      0x100 c:/altera/13.0sp1/nios2eds/bin/gnu/h-i686-mingw32/bin/../lib/gcc/nios2-elf/4.1.2/mno-hw-mul\libgcc.a(_clz.o)
                0x00012c9c                __clz_tab
 *(.rodata1)
                0x00012d9c                . = ALIGN (0x4)
                0x00012d9c                PROVIDE (__ram_rodata_end, ABSOLUTE (.))
                0x00012b20                PROVIDE (__flash_rodata_start, LOADADDR (.rodata))

.rwdata         0x00012d9c      0x2d4 load address 0x00013070
                0x00012d9c                PROVIDE (__ram_rwdata_start, ABSOLUTE (.))
                0x00012d9c                . = ALIGN (0x4)
 *(.got.plt)
 *(.got)
 *(.data1)
 *(.data .data.* .gnu.linkonce.d.*)
 .data          0x00012d9c        0x0 ../multiplicacao_bsp//obj/HAL/src/crt0.o
 .data          0x00012d9c        0x0 obj/default/hello_world.o
 .data          0x00012d9c        0x0 c:/altera/13.0sp1/nios2eds/bin/gnu/h-i686-mingw32/bin/../lib/gcc/nios2-elf/4.1.2/../../../../nios2-elf/lib/mno-hw-mul\libsmallc.a(lib_a-printf.o)
 .data          0x00012d9c        0x0 c:/altera/13.0sp1/nios2eds/bin/gnu/h-i686-mingw32/bin/../lib/gcc/nios2-elf/4.1.2/../../../../nios2-elf/lib/mno-hw-mul\libsmallc.a(lib_a-puts.o)
 .data          0x00012d9c        0x0 c:/altera/13.0sp1/nios2eds/bin/gnu/h-i686-mingw32/bin/../lib/gcc/nios2-elf/4.1.2/../../../../nios2-elf/lib/mno-hw-mul\libsmallc.a(lib_a-strlen.o)
 .data          0x00012d9c        0x0 c:/altera/13.0sp1/nios2eds/bin/gnu/h-i686-mingw32/bin/../lib/gcc/nios2-elf/4.1.2/../../../../nios2-elf/lib/mno-hw-mul\libsmallc.a(lib_a-vfprintf.o)
 .data          0x00012d9c        0x0 c:/altera/13.0sp1/nios2eds/bin/gnu/h-i686-mingw32/bin/../lib/gcc/nios2-elf/4.1.2/../../../../nios2-elf/lib/mno-hw-mul\libsmallc.a(lib_a-fvwrite_small_dev.o)
 .data          0x00012d9c       0xe0 c:/altera/13.0sp1/nios2eds/bin/gnu/h-i686-mingw32/bin/../lib/gcc/nios2-elf/4.1.2/../../../../nios2-elf/lib/mno-hw-mul\libsmallc.a(lib_a-impure.o)
 .data          0x00012e7c        0x0 c:/altera/13.0sp1/nios2eds/bin/gnu/h-i686-mingw32/bin/../lib/gcc/nios2-elf/4.1.2/../../../../nios2-elf/lib/mno-hw-mul\libsmallc.a(lib_a-writer.o)
 .data          0x00012e7c        0x0 c:/altera/13.0sp1/nios2eds/bin/gnu/h-i686-mingw32/bin/../lib/gcc/nios2-elf/4.1.2/../../../../nios2-elf/lib/mno-hw-mul\libsmallc.a(lib_a-int_errno.o)
 .data          0x00012e7c        0x0 c:/altera/13.0sp1/nios2eds/bin/gnu/h-i686-mingw32/bin/../lib/gcc/nios2-elf/4.1.2/mno-hw-mul\libgcc.a(lib2-divmod.o)
 .data          0x00012e7c        0x0 c:/altera/13.0sp1/nios2eds/bin/gnu/h-i686-mingw32/bin/../lib/gcc/nios2-elf/4.1.2/mno-hw-mul\libgcc.a(lib2-mul.o)
 .data          0x00012e7c        0x0 ../multiplicacao_bsp/\libhal_bsp.a(alt_load.o)
 .data          0x00012e7c        0x0 ../multiplicacao_bsp/\libhal_bsp.a(alt_main.o)
 .data          0x00012e7c        0x0 ../multiplicacao_bsp/\libhal_bsp.a(alt_write.o)
 .data          0x00012e7c       0x2c ../multiplicacao_bsp/\libhal_bsp.a(alt_sys_init.o)
 .data          0x00012ea8        0x0 ../multiplicacao_bsp/\libhal_bsp.a(altera_avalon_jtag_uart_fd.o)
 .data          0x00012ea8        0x0 ../multiplicacao_bsp/\libhal_bsp.a(altera_avalon_jtag_uart_read.o)
 .data          0x00012ea8        0x0 ../multiplicacao_bsp/\libhal_bsp.a(altera_avalon_jtag_uart_write.o)
 .data          0x00012ea8        0x0 ../multiplicacao_bsp/\libhal_bsp.a(perf_print_formatted_report.o)
 .data          0x00012ea8        0x0 ../multiplicacao_bsp/\libhal_bsp.a(alt_close.o)
 .data          0x00012ea8        0x0 ../multiplicacao_bsp/\libhal_bsp.a(alt_dcache_flush_all.o)
 .data          0x00012ea8      0x1a8 ../multiplicacao_bsp/\libhal_bsp.a(alt_dev.o)
                0x00012ea8                alt_dev_null
                0x00012ed0                alt_fd_list
 .data          0x00013050        0x0 ../multiplicacao_bsp/\libhal_bsp.a(alt_dev_llist_insert.o)
 .data          0x00013050        0x0 ../multiplicacao_bsp/\libhal_bsp.a(alt_errno.o)
 .data          0x00013050        0x0 ../multiplicacao_bsp/\libhal_bsp.a(alt_icache_flush_all.o)
 .data          0x00013050        0x0 ../multiplicacao_bsp/\libhal_bsp.a(alt_io_redirect.o)
 .data          0x00013050        0x0 ../multiplicacao_bsp/\libhal_bsp.a(alt_open.o)
 .data          0x00013050        0x0 ../multiplicacao_bsp/\libhal_bsp.a(alt_release_fd.o)
 .data          0x00013050        0x0 ../multiplicacao_bsp/\libhal_bsp.a(altera_nios2_qsys_irq.o)
 .data          0x00013050        0x0 ../multiplicacao_bsp/\libhal_bsp.a(altera_avalon_performance_counter.o)
 .data          0x00013050        0x0 ../multiplicacao_bsp/\libhal_bsp.a(alt_find_dev.o)
 .data          0x00013050        0x0 ../multiplicacao_bsp/\libhal_bsp.a(alt_find_file.o)
 .data          0x00013050        0x0 ../multiplicacao_bsp/\libhal_bsp.a(alt_get_fd.o)
 .data          0x00013050        0x0 c:/altera/13.0sp1/nios2eds/bin/gnu/h-i686-mingw32/bin/../lib/gcc/nios2-elf/4.1.2/../../../../nios2-elf/lib/mno-hw-mul\libsmallc.a(lib_a-exit.o)
 .data          0x00013050        0x0 c:/altera/13.0sp1/nios2eds/bin/gnu/h-i686-mingw32/bin/../lib/gcc/nios2-elf/4.1.2/../../../../nios2-elf/lib/mno-hw-mul\libsmallc.a(lib_a-memcmp.o)
 .data          0x00013050        0x0 c:/altera/13.0sp1/nios2eds/bin/gnu/h-i686-mingw32/bin/../lib/gcc/nios2-elf/4.1.2/../../../../nios2-elf/lib/mno-hw-mul\libsmallc.a(lib_a-__call_atexit.o)
 .data          0x00013050        0x0 c:/altera/13.0sp1/nios2eds/bin/gnu/h-i686-mingw32/bin/../lib/gcc/nios2-elf/4.1.2/mno-hw-mul\libgcc.a(_muldi3.o)
 .data          0x00013050        0x0 c:/altera/13.0sp1/nios2eds/bin/gnu/h-i686-mingw32/bin/../lib/gcc/nios2-elf/4.1.2/mno-hw-mul\libgcc.a(_udivdi3.o)
 .data          0x00013050        0x0 c:/altera/13.0sp1/nios2eds/bin/gnu/h-i686-mingw32/bin/../lib/gcc/nios2-elf/4.1.2/mno-hw-mul\libgcc.a(_clz.o)
 .data          0x00013050        0x0 ../multiplicacao_bsp/\libhal_bsp.a(alt_exit.o)
                0x0001b050                _gp = ABSOLUTE ((. + 0x8000))
                0x0001b050                PROVIDE (gp, _gp)
 *(.rwdata .rwdata.*)
 *(.sdata .sdata.* .gnu.linkonce.s.*)
 .sdata         0x00013050        0x8 c:/altera/13.0sp1/nios2eds/bin/gnu/h-i686-mingw32/bin/../lib/gcc/nios2-elf/4.1.2/../../../../nios2-elf/lib/mno-hw-mul\libsmallc.a(lib_a-impure.o)
                0x00013050                _impure_ptr
                0x00013054                _global_impure_ptr
 .sdata         0x00013058       0x14 ../multiplicacao_bsp/\libhal_bsp.a(alt_dev.o)
                0x00013058                alt_fs_list
                0x00013060                alt_dev_list
                0x00013068                alt_max_fd
 .sdata         0x0001306c        0x4 ../multiplicacao_bsp/\libhal_bsp.a(alt_errno.o)
                0x0001306c                alt_errno
 *(.sdata2 .sdata2.* .gnu.linkonce.s2.*)
                0x00013070                . = ALIGN (0x4)
                0x00013070                _edata = ABSOLUTE (.)
                0x00013070                PROVIDE (edata, ABSOLUTE (.))
                0x00013070                PROVIDE (__ram_rwdata_end, ABSOLUTE (.))
                0x00013070                PROVIDE (__flash_rwdata_start, LOADADDR (.rwdata))

.bss            0x00013344       0x10
                0x00013344                __bss_start = ABSOLUTE (.)
                0x00013344                PROVIDE (__sbss_start, ABSOLUTE (.))
                0x00013344                PROVIDE (___sbss_start, ABSOLUTE (.))
 *(.dynsbss)
 *(.sbss .sbss.* .gnu.linkonce.sb.*)
 .sbss          0x00013344        0x4 c:/altera/13.0sp1/nios2eds/bin/gnu/h-i686-mingw32/bin/../lib/gcc/nios2-elf/4.1.2/../../../../nios2-elf/lib/mno-hw-mul\libsmallc.a(lib_a-int_errno.o)
                0x00013344                errno
 .sbss          0x00013348        0xc ../multiplicacao_bsp/\libhal_bsp.a(alt_main.o)
                0x00013348                alt_argc
                0x0001334c                alt_argv
                0x00013350                alt_envp
 *(.sbss2 .sbss2.* .gnu.linkonce.sb2.*)
 *(.scommon)
                0x00013354                PROVIDE (__sbss_end, ABSOLUTE (.))
                0x00013354                PROVIDE (___sbss_end, ABSOLUTE (.))
 *(.dynbss)
 *(.bss .bss.* .gnu.linkonce.b.*)
 .bss           0x00013354        0x0 ../multiplicacao_bsp//obj/HAL/src/crt0.o
 .bss           0x00013354        0x0 obj/default/hello_world.o
 .bss           0x00013354        0x0 c:/altera/13.0sp1/nios2eds/bin/gnu/h-i686-mingw32/bin/../lib/gcc/nios2-elf/4.1.2/../../../../nios2-elf/lib/mno-hw-mul\libsmallc.a(lib_a-printf.o)
 .bss           0x00013354        0x0 c:/altera/13.0sp1/nios2eds/bin/gnu/h-i686-mingw32/bin/../lib/gcc/nios2-elf/4.1.2/../../../../nios2-elf/lib/mno-hw-mul\libsmallc.a(lib_a-puts.o)
 .bss           0x00013354        0x0 c:/altera/13.0sp1/nios2eds/bin/gnu/h-i686-mingw32/bin/../lib/gcc/nios2-elf/4.1.2/../../../../nios2-elf/lib/mno-hw-mul\libsmallc.a(lib_a-strlen.o)
 .bss           0x00013354        0x0 c:/altera/13.0sp1/nios2eds/bin/gnu/h-i686-mingw32/bin/../lib/gcc/nios2-elf/4.1.2/../../../../nios2-elf/lib/mno-hw-mul\libsmallc.a(lib_a-vfprintf.o)
 .bss           0x00013354        0x0 c:/altera/13.0sp1/nios2eds/bin/gnu/h-i686-mingw32/bin/../lib/gcc/nios2-elf/4.1.2/../../../../nios2-elf/lib/mno-hw-mul\libsmallc.a(lib_a-fvwrite_small_dev.o)
 .bss           0x00013354        0x0 c:/altera/13.0sp1/nios2eds/bin/gnu/h-i686-mingw32/bin/../lib/gcc/nios2-elf/4.1.2/../../../../nios2-elf/lib/mno-hw-mul\libsmallc.a(lib_a-impure.o)
 .bss           0x00013354        0x0 c:/altera/13.0sp1/nios2eds/bin/gnu/h-i686-mingw32/bin/../lib/gcc/nios2-elf/4.1.2/../../../../nios2-elf/lib/mno-hw-mul\libsmallc.a(lib_a-writer.o)
 .bss           0x00013354        0x0 c:/altera/13.0sp1/nios2eds/bin/gnu/h-i686-mingw32/bin/../lib/gcc/nios2-elf/4.1.2/../../../../nios2-elf/lib/mno-hw-mul\libsmallc.a(lib_a-int_errno.o)
 .bss           0x00013354        0x0 c:/altera/13.0sp1/nios2eds/bin/gnu/h-i686-mingw32/bin/../lib/gcc/nios2-elf/4.1.2/mno-hw-mul\libgcc.a(lib2-divmod.o)
 .bss           0x00013354        0x0 c:/altera/13.0sp1/nios2eds/bin/gnu/h-i686-mingw32/bin/../lib/gcc/nios2-elf/4.1.2/mno-hw-mul\libgcc.a(lib2-mul.o)
 .bss           0x00013354        0x0 ../multiplicacao_bsp/\libhal_bsp.a(alt_load.o)
 .bss           0x00013354        0x0 ../multiplicacao_bsp/\libhal_bsp.a(alt_main.o)
 .bss           0x00013354        0x0 ../multiplicacao_bsp/\libhal_bsp.a(alt_write.o)
 .bss           0x00013354        0x0 ../multiplicacao_bsp/\libhal_bsp.a(alt_sys_init.o)
 .bss           0x00013354        0x0 ../multiplicacao_bsp/\libhal_bsp.a(altera_avalon_jtag_uart_fd.o)
 .bss           0x00013354        0x0 ../multiplicacao_bsp/\libhal_bsp.a(altera_avalon_jtag_uart_read.o)
 .bss           0x00013354        0x0 ../multiplicacao_bsp/\libhal_bsp.a(altera_avalon_jtag_uart_write.o)
 .bss           0x00013354        0x0 ../multiplicacao_bsp/\libhal_bsp.a(perf_print_formatted_report.o)
 .bss           0x00013354        0x0 ../multiplicacao_bsp/\libhal_bsp.a(alt_close.o)
 .bss           0x00013354        0x0 ../multiplicacao_bsp/\libhal_bsp.a(alt_dcache_flush_all.o)
 .bss           0x00013354        0x0 ../multiplicacao_bsp/\libhal_bsp.a(alt_dev.o)
 .bss           0x00013354        0x0 ../multiplicacao_bsp/\libhal_bsp.a(alt_dev_llist_insert.o)
 .bss           0x00013354        0x0 ../multiplicacao_bsp/\libhal_bsp.a(alt_errno.o)
 .bss           0x00013354        0x0 ../multiplicacao_bsp/\libhal_bsp.a(alt_icache_flush_all.o)
 .bss           0x00013354        0x0 ../multiplicacao_bsp/\libhal_bsp.a(alt_io_redirect.o)
 .bss           0x00013354        0x0 ../multiplicacao_bsp/\libhal_bsp.a(alt_open.o)
 .bss           0x00013354        0x0 ../multiplicacao_bsp/\libhal_bsp.a(alt_release_fd.o)
 .bss           0x00013354        0x0 ../multiplicacao_bsp/\libhal_bsp.a(altera_nios2_qsys_irq.o)
 .bss           0x00013354        0x0 ../multiplicacao_bsp/\libhal_bsp.a(altera_avalon_performance_counter.o)
 .bss           0x00013354        0x0 ../multiplicacao_bsp/\libhal_bsp.a(alt_find_dev.o)
 .bss           0x00013354        0x0 ../multiplicacao_bsp/\libhal_bsp.a(alt_find_file.o)
 .bss           0x00013354        0x0 ../multiplicacao_bsp/\libhal_bsp.a(alt_get_fd.o)
 .bss           0x00013354        0x0 c:/altera/13.0sp1/nios2eds/bin/gnu/h-i686-mingw32/bin/../lib/gcc/nios2-elf/4.1.2/../../../../nios2-elf/lib/mno-hw-mul\libsmallc.a(lib_a-exit.o)
 .bss           0x00013354        0x0 c:/altera/13.0sp1/nios2eds/bin/gnu/h-i686-mingw32/bin/../lib/gcc/nios2-elf/4.1.2/../../../../nios2-elf/lib/mno-hw-mul\libsmallc.a(lib_a-memcmp.o)
 .bss           0x00013354        0x0 c:/altera/13.0sp1/nios2eds/bin/gnu/h-i686-mingw32/bin/../lib/gcc/nios2-elf/4.1.2/../../../../nios2-elf/lib/mno-hw-mul\libsmallc.a(lib_a-__call_atexit.o)
 .bss           0x00013354        0x0 c:/altera/13.0sp1/nios2eds/bin/gnu/h-i686-mingw32/bin/../lib/gcc/nios2-elf/4.1.2/mno-hw-mul\libgcc.a(_muldi3.o)
 .bss           0x00013354        0x0 c:/altera/13.0sp1/nios2eds/bin/gnu/h-i686-mingw32/bin/../lib/gcc/nios2-elf/4.1.2/mno-hw-mul\libgcc.a(_udivdi3.o)
 .bss           0x00013354        0x0 c:/altera/13.0sp1/nios2eds/bin/gnu/h-i686-mingw32/bin/../lib/gcc/nios2-elf/4.1.2/mno-hw-mul\libgcc.a(_clz.o)
 .bss           0x00013354        0x0 ../multiplicacao_bsp/\libhal_bsp.a(alt_exit.o)
 *(COMMON)
                0x00013354                . = ALIGN (0x4)
                0x00013354                __bss_end = ABSOLUTE (.)

.ram            0x00013354        0x0
                0x00013354                PROVIDE (_alt_partition_ram_start, ABSOLUTE (.))
 *(.ram. ram.*)
                0x00013354                . = ALIGN (0x4)
                0x00013354                PROVIDE (_alt_partition_ram_end, ABSOLUTE (.))
                0x00013354                _end = ABSOLUTE (.)
                0x00013354                end = ABSOLUTE (.)
                0x00013354                __alt_stack_base = ABSOLUTE (.)
                0x00013354                PROVIDE (_alt_partition_ram_load_addr, LOADADDR (.ram))

.stab
 *(.stab)

.stabstr
 *(.stabstr)

.stab.excl
 *(.stab.excl)

.stab.exclstr
 *(.stab.exclstr)

.stab.index
 *(.stab.index)

.stab.indexstr
 *(.stab.indexstr)

.comment        0x00000000       0x26
 *(.comment)
 .comment       0x00000000       0x26 obj/default/hello_world.o
                                 0x27 (size before relaxing)
 .comment       0x00000000       0x27 c:/altera/13.0sp1/nios2eds/bin/gnu/h-i686-mingw32/bin/../lib/gcc/nios2-elf/4.1.2/../../../../nios2-elf/lib/mno-hw-mul\libsmallc.a(lib_a-printf.o)
 .comment       0x00000000       0x27 c:/altera/13.0sp1/nios2eds/bin/gnu/h-i686-mingw32/bin/../lib/gcc/nios2-elf/4.1.2/../../../../nios2-elf/lib/mno-hw-mul\libsmallc.a(lib_a-puts.o)
 .comment       0x00000000       0x27 c:/altera/13.0sp1/nios2eds/bin/gnu/h-i686-mingw32/bin/../lib/gcc/nios2-elf/4.1.2/../../../../nios2-elf/lib/mno-hw-mul\libsmallc.a(lib_a-strlen.o)
 .comment       0x00000000       0x27 c:/altera/13.0sp1/nios2eds/bin/gnu/h-i686-mingw32/bin/../lib/gcc/nios2-elf/4.1.2/../../../../nios2-elf/lib/mno-hw-mul\libsmallc.a(lib_a-vfprintf.o)
 .comment       0x00000000       0x27 c:/altera/13.0sp1/nios2eds/bin/gnu/h-i686-mingw32/bin/../lib/gcc/nios2-elf/4.1.2/../../../../nios2-elf/lib/mno-hw-mul\libsmallc.a(lib_a-fvwrite_small_dev.o)
 .comment       0x00000000       0x27 c:/altera/13.0sp1/nios2eds/bin/gnu/h-i686-mingw32/bin/../lib/gcc/nios2-elf/4.1.2/../../../../nios2-elf/lib/mno-hw-mul\libsmallc.a(lib_a-impure.o)
 .comment       0x00000000       0x27 c:/altera/13.0sp1/nios2eds/bin/gnu/h-i686-mingw32/bin/../lib/gcc/nios2-elf/4.1.2/../../../../nios2-elf/lib/mno-hw-mul\libsmallc.a(lib_a-writer.o)
 .comment       0x00000000       0x27 c:/altera/13.0sp1/nios2eds/bin/gnu/h-i686-mingw32/bin/../lib/gcc/nios2-elf/4.1.2/../../../../nios2-elf/lib/mno-hw-mul\libsmallc.a(lib_a-int_errno.o)
 .comment       0x00000000       0x27 c:/altera/13.0sp1/nios2eds/bin/gnu/h-i686-mingw32/bin/../lib/gcc/nios2-elf/4.1.2/mno-hw-mul\libgcc.a(lib2-divmod.o)
 .comment       0x00000000       0x27 c:/altera/13.0sp1/nios2eds/bin/gnu/h-i686-mingw32/bin/../lib/gcc/nios2-elf/4.1.2/mno-hw-mul\libgcc.a(lib2-mul.o)
 .comment       0x00000000       0x27 ../multiplicacao_bsp/\libhal_bsp.a(alt_load.o)
 .comment       0x00000000       0x27 ../multiplicacao_bsp/\libhal_bsp.a(alt_main.o)
 .comment       0x00000000       0x27 ../multiplicacao_bsp/\libhal_bsp.a(alt_write.o)
 .comment       0x00000000       0x27 ../multiplicacao_bsp/\libhal_bsp.a(alt_sys_init.o)
 .comment       0x00000000       0x27 ../multiplicacao_bsp/\libhal_bsp.a(altera_avalon_jtag_uart_fd.o)
 .comment       0x00000000       0x27 ../multiplicacao_bsp/\libhal_bsp.a(altera_avalon_jtag_uart_read.o)
 .comment       0x00000000       0x27 ../multiplicacao_bsp/\libhal_bsp.a(altera_avalon_jtag_uart_write.o)
 .comment       0x00000000       0x27 ../multiplicacao_bsp/\libhal_bsp.a(perf_print_formatted_report.o)
 .comment       0x00000000       0x27 ../multiplicacao_bsp/\libhal_bsp.a(alt_close.o)
 .comment       0x00000000       0x27 ../multiplicacao_bsp/\libhal_bsp.a(alt_dcache_flush_all.o)
 .comment       0x00000000       0x27 ../multiplicacao_bsp/\libhal_bsp.a(alt_dev.o)
 .comment       0x00000000       0x27 ../multiplicacao_bsp/\libhal_bsp.a(alt_dev_llist_insert.o)
 .comment       0x00000000       0x27 ../multiplicacao_bsp/\libhal_bsp.a(alt_errno.o)
 .comment       0x00000000       0x27 ../multiplicacao_bsp/\libhal_bsp.a(alt_icache_flush_all.o)
 .comment       0x00000000       0x27 ../multiplicacao_bsp/\libhal_bsp.a(alt_io_redirect.o)
 .comment       0x00000000       0x27 ../multiplicacao_bsp/\libhal_bsp.a(alt_open.o)
 .comment       0x00000000       0x27 ../multiplicacao_bsp/\libhal_bsp.a(alt_release_fd.o)
 .comment       0x00000000       0x27 ../multiplicacao_bsp/\libhal_bsp.a(altera_nios2_qsys_irq.o)
 .comment       0x00000000       0x27 ../multiplicacao_bsp/\libhal_bsp.a(altera_avalon_performance_counter.o)
 .comment       0x00000000       0x27 ../multiplicacao_bsp/\libhal_bsp.a(alt_find_dev.o)
 .comment       0x00000000       0x27 ../multiplicacao_bsp/\libhal_bsp.a(alt_find_file.o)
 .comment       0x00000000       0x27 ../multiplicacao_bsp/\libhal_bsp.a(alt_get_fd.o)
 .comment       0x00000000       0x27 c:/altera/13.0sp1/nios2eds/bin/gnu/h-i686-mingw32/bin/../lib/gcc/nios2-elf/4.1.2/../../../../nios2-elf/lib/mno-hw-mul\libsmallc.a(lib_a-exit.o)
 .comment       0x00000000       0x27 c:/altera/13.0sp1/nios2eds/bin/gnu/h-i686-mingw32/bin/../lib/gcc/nios2-elf/4.1.2/../../../../nios2-elf/lib/mno-hw-mul\libsmallc.a(lib_a-memcmp.o)
 .comment       0x00000000       0x27 c:/altera/13.0sp1/nios2eds/bin/gnu/h-i686-mingw32/bin/../lib/gcc/nios2-elf/4.1.2/../../../../nios2-elf/lib/mno-hw-mul\libsmallc.a(lib_a-__call_atexit.o)
 .comment       0x00000000       0x27 c:/altera/13.0sp1/nios2eds/bin/gnu/h-i686-mingw32/bin/../lib/gcc/nios2-elf/4.1.2/mno-hw-mul\libgcc.a(_muldi3.o)
 .comment       0x00000000       0x27 c:/altera/13.0sp1/nios2eds/bin/gnu/h-i686-mingw32/bin/../lib/gcc/nios2-elf/4.1.2/mno-hw-mul\libgcc.a(_udivdi3.o)
 .comment       0x00000000       0x27 c:/altera/13.0sp1/nios2eds/bin/gnu/h-i686-mingw32/bin/../lib/gcc/nios2-elf/4.1.2/mno-hw-mul\libgcc.a(_clz.o)
 .comment       0x00000000       0x27 ../multiplicacao_bsp/\libhal_bsp.a(alt_exit.o)

.debug
 *(.debug)

.line
 *(.line)

.debug_srcinfo
 *(.debug_srcinfo)

.debug_sfnames
 *(.debug_sfnames)

.debug_aranges  0x00000000      0x4a8
 *(.debug_aranges)
 .debug_aranges
                0x00000000       0x28 ../multiplicacao_bsp//obj/HAL/src/crt0.o
 .debug_aranges
                0x00000028       0x20 obj/default/hello_world.o
 .debug_aranges
                0x00000048       0x20 c:/altera/13.0sp1/nios2eds/bin/gnu/h-i686-mingw32/bin/../lib/gcc/nios2-elf/4.1.2/../../../../nios2-elf/lib/mno-hw-mul\libsmallc.a(lib_a-printf.o)
 .debug_aranges
                0x00000068       0x20 c:/altera/13.0sp1/nios2eds/bin/gnu/h-i686-mingw32/bin/../lib/gcc/nios2-elf/4.1.2/../../../../nios2-elf/lib/mno-hw-mul\libsmallc.a(lib_a-puts.o)
 .debug_aranges
                0x00000088       0x20 c:/altera/13.0sp1/nios2eds/bin/gnu/h-i686-mingw32/bin/../lib/gcc/nios2-elf/4.1.2/../../../../nios2-elf/lib/mno-hw-mul\libsmallc.a(lib_a-strlen.o)
 .debug_aranges
                0x000000a8       0x20 c:/altera/13.0sp1/nios2eds/bin/gnu/h-i686-mingw32/bin/../lib/gcc/nios2-elf/4.1.2/../../../../nios2-elf/lib/mno-hw-mul\libsmallc.a(lib_a-vfprintf.o)
 .debug_aranges
                0x000000c8       0x20 c:/altera/13.0sp1/nios2eds/bin/gnu/h-i686-mingw32/bin/../lib/gcc/nios2-elf/4.1.2/../../../../nios2-elf/lib/mno-hw-mul\libsmallc.a(lib_a-fvwrite_small_dev.o)
 .debug_aranges
                0x000000e8       0x20 c:/altera/13.0sp1/nios2eds/bin/gnu/h-i686-mingw32/bin/../lib/gcc/nios2-elf/4.1.2/../../../../nios2-elf/lib/mno-hw-mul\libsmallc.a(lib_a-writer.o)
 .debug_aranges
                0x00000108       0x20 c:/altera/13.0sp1/nios2eds/bin/gnu/h-i686-mingw32/bin/../lib/gcc/nios2-elf/4.1.2/mno-hw-mul\libgcc.a(lib2-divmod.o)
 .debug_aranges
                0x00000128       0x20 c:/altera/13.0sp1/nios2eds/bin/gnu/h-i686-mingw32/bin/../lib/gcc/nios2-elf/4.1.2/mno-hw-mul\libgcc.a(lib2-mul.o)
 .debug_aranges
                0x00000148       0x20 ../multiplicacao_bsp/\libhal_bsp.a(alt_load.o)
 .debug_aranges
                0x00000168       0x20 ../multiplicacao_bsp/\libhal_bsp.a(alt_main.o)
 .debug_aranges
                0x00000188       0x20 ../multiplicacao_bsp/\libhal_bsp.a(alt_write.o)
 .debug_aranges
                0x000001a8       0x20 ../multiplicacao_bsp/\libhal_bsp.a(alt_sys_init.o)
 .debug_aranges
                0x000001c8       0x20 ../multiplicacao_bsp/\libhal_bsp.a(altera_avalon_jtag_uart_fd.o)
 .debug_aranges
                0x000001e8       0x20 ../multiplicacao_bsp/\libhal_bsp.a(altera_avalon_jtag_uart_read.o)
 .debug_aranges
                0x00000208       0x20 ../multiplicacao_bsp/\libhal_bsp.a(altera_avalon_jtag_uart_write.o)
 .debug_aranges
                0x00000228       0x20 ../multiplicacao_bsp/\libhal_bsp.a(perf_print_formatted_report.o)
 .debug_aranges
                0x00000248       0x20 ../multiplicacao_bsp/\libhal_bsp.a(alt_close.o)
 .debug_aranges
                0x00000268       0x20 ../multiplicacao_bsp/\libhal_bsp.a(alt_dcache_flush_all.o)
 .debug_aranges
                0x00000288       0x20 ../multiplicacao_bsp/\libhal_bsp.a(alt_dev.o)
 .debug_aranges
                0x000002a8       0x20 ../multiplicacao_bsp/\libhal_bsp.a(alt_dev_llist_insert.o)
 .debug_aranges
                0x000002c8       0x20 ../multiplicacao_bsp/\libhal_bsp.a(alt_icache_flush_all.o)
 .debug_aranges
                0x000002e8       0x20 ../multiplicacao_bsp/\libhal_bsp.a(alt_io_redirect.o)
 .debug_aranges
                0x00000308       0x20 ../multiplicacao_bsp/\libhal_bsp.a(alt_open.o)
 .debug_aranges
                0x00000328       0x20 ../multiplicacao_bsp/\libhal_bsp.a(alt_release_fd.o)
 .debug_aranges
                0x00000348       0x20 ../multiplicacao_bsp/\libhal_bsp.a(altera_nios2_qsys_irq.o)
 .debug_aranges
                0x00000368       0x20 ../multiplicacao_bsp/\libhal_bsp.a(altera_avalon_performance_counter.o)
 .debug_aranges
                0x00000388       0x20 ../multiplicacao_bsp/\libhal_bsp.a(alt_find_dev.o)
 .debug_aranges
                0x000003a8       0x20 ../multiplicacao_bsp/\libhal_bsp.a(alt_find_file.o)
 .debug_aranges
                0x000003c8       0x20 ../multiplicacao_bsp/\libhal_bsp.a(alt_get_fd.o)
 .debug_aranges
                0x000003e8       0x20 c:/altera/13.0sp1/nios2eds/bin/gnu/h-i686-mingw32/bin/../lib/gcc/nios2-elf/4.1.2/../../../../nios2-elf/lib/mno-hw-mul\libsmallc.a(lib_a-exit.o)
 .debug_aranges
                0x00000408       0x20 c:/altera/13.0sp1/nios2eds/bin/gnu/h-i686-mingw32/bin/../lib/gcc/nios2-elf/4.1.2/../../../../nios2-elf/lib/mno-hw-mul\libsmallc.a(lib_a-memcmp.o)
 .debug_aranges
                0x00000428       0x20 c:/altera/13.0sp1/nios2eds/bin/gnu/h-i686-mingw32/bin/../lib/gcc/nios2-elf/4.1.2/../../../../nios2-elf/lib/mno-hw-mul\libsmallc.a(lib_a-__call_atexit.o)
 .debug_aranges
                0x00000448       0x20 c:/altera/13.0sp1/nios2eds/bin/gnu/h-i686-mingw32/bin/../lib/gcc/nios2-elf/4.1.2/mno-hw-mul\libgcc.a(_muldi3.o)
 .debug_aranges
                0x00000468       0x20 c:/altera/13.0sp1/nios2eds/bin/gnu/h-i686-mingw32/bin/../lib/gcc/nios2-elf/4.1.2/mno-hw-mul\libgcc.a(_udivdi3.o)
 .debug_aranges
                0x00000488       0x20 ../multiplicacao_bsp/\libhal_bsp.a(alt_exit.o)

.debug_pubnames
                0x00000000      0x70d
 *(.debug_pubnames)
 .debug_pubnames
                0x00000000       0x1b obj/default/hello_world.o
 .debug_pubnames
                0x0000001b       0x2b c:/altera/13.0sp1/nios2eds/bin/gnu/h-i686-mingw32/bin/../lib/gcc/nios2-elf/4.1.2/../../../../nios2-elf/lib/mno-hw-mul\libsmallc.a(lib_a-printf.o)
 .debug_pubnames
                0x00000046       0x27 c:/altera/13.0sp1/nios2eds/bin/gnu/h-i686-mingw32/bin/../lib/gcc/nios2-elf/4.1.2/../../../../nios2-elf/lib/mno-hw-mul\libsmallc.a(lib_a-puts.o)
 .debug_pubnames
                0x0000006d       0x1d c:/altera/13.0sp1/nios2eds/bin/gnu/h-i686-mingw32/bin/../lib/gcc/nios2-elf/4.1.2/../../../../nios2-elf/lib/mno-hw-mul\libsmallc.a(lib_a-strlen.o)
 .debug_pubnames
                0x0000008a       0x45 c:/altera/13.0sp1/nios2eds/bin/gnu/h-i686-mingw32/bin/../lib/gcc/nios2-elf/4.1.2/../../../../nios2-elf/lib/mno-hw-mul\libsmallc.a(lib_a-vfprintf.o)
 .debug_pubnames
                0x000000cf       0x2b c:/altera/13.0sp1/nios2eds/bin/gnu/h-i686-mingw32/bin/../lib/gcc/nios2-elf/4.1.2/../../../../nios2-elf/lib/mno-hw-mul\libsmallc.a(lib_a-fvwrite_small_dev.o)
 .debug_pubnames
                0x000000fa       0x39 c:/altera/13.0sp1/nios2eds/bin/gnu/h-i686-mingw32/bin/../lib/gcc/nios2-elf/4.1.2/../../../../nios2-elf/lib/mno-hw-mul\libsmallc.a(lib_a-impure.o)
 .debug_pubnames
                0x00000133       0x1f c:/altera/13.0sp1/nios2eds/bin/gnu/h-i686-mingw32/bin/../lib/gcc/nios2-elf/4.1.2/../../../../nios2-elf/lib/mno-hw-mul\libsmallc.a(lib_a-writer.o)
 .debug_pubnames
                0x00000152       0x1c c:/altera/13.0sp1/nios2eds/bin/gnu/h-i686-mingw32/bin/../lib/gcc/nios2-elf/4.1.2/../../../../nios2-elf/lib/mno-hw-mul\libsmallc.a(lib_a-int_errno.o)
 .debug_pubnames
                0x0000016e       0x48 c:/altera/13.0sp1/nios2eds/bin/gnu/h-i686-mingw32/bin/../lib/gcc/nios2-elf/4.1.2/mno-hw-mul\libgcc.a(lib2-divmod.o)
 .debug_pubnames
                0x000001b6       0x1f c:/altera/13.0sp1/nios2eds/bin/gnu/h-i686-mingw32/bin/../lib/gcc/nios2-elf/4.1.2/mno-hw-mul\libgcc.a(lib2-mul.o)
 .debug_pubnames
                0x000001d5       0x1f ../multiplicacao_bsp/\libhal_bsp.a(alt_load.o)
 .debug_pubnames
                0x000001f4       0x46 ../multiplicacao_bsp/\libhal_bsp.a(alt_main.o)
 .debug_pubnames
                0x0000023a       0x1c ../multiplicacao_bsp/\libhal_bsp.a(alt_write.o)
 .debug_pubnames
                0x00000256       0x34 ../multiplicacao_bsp/\libhal_bsp.a(alt_sys_init.o)
 .debug_pubnames
                0x0000028a       0x5b ../multiplicacao_bsp/\libhal_bsp.a(altera_avalon_jtag_uart_fd.o)
 .debug_pubnames
                0x000002e5       0x33 ../multiplicacao_bsp/\libhal_bsp.a(altera_avalon_jtag_uart_read.o)
 .debug_pubnames
                0x00000318       0x34 ../multiplicacao_bsp/\libhal_bsp.a(altera_avalon_jtag_uart_write.o)
 .debug_pubnames
                0x0000034c       0x32 ../multiplicacao_bsp/\libhal_bsp.a(perf_print_formatted_report.o)
 .debug_pubnames
                0x0000037e       0x1c ../multiplicacao_bsp/\libhal_bsp.a(alt_close.o)
 .debug_pubnames
                0x0000039a       0x2b ../multiplicacao_bsp/\libhal_bsp.a(alt_dcache_flush_all.o)
 .debug_pubnames
                0x000003c5       0x63 ../multiplicacao_bsp/\libhal_bsp.a(alt_dev.o)
 .debug_pubnames
                0x00000428       0x2b ../multiplicacao_bsp/\libhal_bsp.a(alt_dev_llist_insert.o)
 .debug_pubnames
                0x00000453       0x20 ../multiplicacao_bsp/\libhal_bsp.a(alt_errno.o)
 .debug_pubnames
                0x00000473       0x2b ../multiplicacao_bsp/\libhal_bsp.a(alt_icache_flush_all.o)
 .debug_pubnames
                0x0000049e       0x26 ../multiplicacao_bsp/\libhal_bsp.a(alt_io_redirect.o)
 .debug_pubnames
                0x000004c4       0x1b ../multiplicacao_bsp/\libhal_bsp.a(alt_open.o)
 .debug_pubnames
                0x000004df       0x25 ../multiplicacao_bsp/\libhal_bsp.a(alt_release_fd.o)
 .debug_pubnames
                0x00000504       0x31 ../multiplicacao_bsp/\libhal_bsp.a(altera_nios2_qsys_irq.o)
 .debug_pubnames
                0x00000535       0x96 ../multiplicacao_bsp/\libhal_bsp.a(altera_avalon_performance_counter.o)
 .debug_pubnames
                0x000005cb       0x23 ../multiplicacao_bsp/\libhal_bsp.a(alt_find_dev.o)
 .debug_pubnames
                0x000005ee       0x24 ../multiplicacao_bsp/\libhal_bsp.a(alt_find_file.o)
 .debug_pubnames
                0x00000612       0x21 ../multiplicacao_bsp/\libhal_bsp.a(alt_get_fd.o)
 .debug_pubnames
                0x00000633       0x1b c:/altera/13.0sp1/nios2eds/bin/gnu/h-i686-mingw32/bin/../lib/gcc/nios2-elf/4.1.2/../../../../nios2-elf/lib/mno-hw-mul\libsmallc.a(lib_a-exit.o)
 .debug_pubnames
                0x0000064e       0x1d c:/altera/13.0sp1/nios2eds/bin/gnu/h-i686-mingw32/bin/../lib/gcc/nios2-elf/4.1.2/../../../../nios2-elf/lib/mno-hw-mul\libsmallc.a(lib_a-memcmp.o)
 .debug_pubnames
                0x0000066b       0x27 c:/altera/13.0sp1/nios2eds/bin/gnu/h-i686-mingw32/bin/../lib/gcc/nios2-elf/4.1.2/../../../../nios2-elf/lib/mno-hw-mul\libsmallc.a(lib_a-__call_atexit.o)
 .debug_pubnames
                0x00000692       0x1f c:/altera/13.0sp1/nios2eds/bin/gnu/h-i686-mingw32/bin/../lib/gcc/nios2-elf/4.1.2/mno-hw-mul\libgcc.a(_muldi3.o)
 .debug_pubnames
                0x000006b1       0x20 c:/altera/13.0sp1/nios2eds/bin/gnu/h-i686-mingw32/bin/../lib/gcc/nios2-elf/4.1.2/mno-hw-mul\libgcc.a(_udivdi3.o)
 .debug_pubnames
                0x000006d1       0x20 c:/altera/13.0sp1/nios2eds/bin/gnu/h-i686-mingw32/bin/../lib/gcc/nios2-elf/4.1.2/mno-hw-mul\libgcc.a(_clz.o)
 .debug_pubnames
                0x000006f1       0x1c ../multiplicacao_bsp/\libhal_bsp.a(alt_exit.o)

.debug_info     0x00000000     0x9919
 *(.debug_info .gnu.linkonce.wi.*)
 .debug_info    0x00000000       0xa0 ../multiplicacao_bsp//obj/HAL/src/crt0.o
 .debug_info    0x000000a0      0x15f obj/default/hello_world.o
 .debug_info    0x000001ff      0x6c8 c:/altera/13.0sp1/nios2eds/bin/gnu/h-i686-mingw32/bin/../lib/gcc/nios2-elf/4.1.2/../../../../nios2-elf/lib/mno-hw-mul\libsmallc.a(lib_a-printf.o)
 .debug_info    0x000008c7      0x685 c:/altera/13.0sp1/nios2eds/bin/gnu/h-i686-mingw32/bin/../lib/gcc/nios2-elf/4.1.2/../../../../nios2-elf/lib/mno-hw-mul\libsmallc.a(lib_a-puts.o)
 .debug_info    0x00000f4c       0xc2 c:/altera/13.0sp1/nios2eds/bin/gnu/h-i686-mingw32/bin/../lib/gcc/nios2-elf/4.1.2/../../../../nios2-elf/lib/mno-hw-mul\libsmallc.a(lib_a-strlen.o)
 .debug_info    0x0000100e      0x9b6 c:/altera/13.0sp1/nios2eds/bin/gnu/h-i686-mingw32/bin/../lib/gcc/nios2-elf/4.1.2/../../../../nios2-elf/lib/mno-hw-mul\libsmallc.a(lib_a-vfprintf.o)
 .debug_info    0x000019c4      0x68e c:/altera/13.0sp1/nios2eds/bin/gnu/h-i686-mingw32/bin/../lib/gcc/nios2-elf/4.1.2/../../../../nios2-elf/lib/mno-hw-mul\libsmallc.a(lib_a-fvwrite_small_dev.o)
 .debug_info    0x00002052      0x636 c:/altera/13.0sp1/nios2eds/bin/gnu/h-i686-mingw32/bin/../lib/gcc/nios2-elf/4.1.2/../../../../nios2-elf/lib/mno-hw-mul\libsmallc.a(lib_a-impure.o)
 .debug_info    0x00002688      0x68c c:/altera/13.0sp1/nios2eds/bin/gnu/h-i686-mingw32/bin/../lib/gcc/nios2-elf/4.1.2/../../../../nios2-elf/lib/mno-hw-mul\libsmallc.a(lib_a-writer.o)
 .debug_info    0x00002d14       0x8c c:/altera/13.0sp1/nios2eds/bin/gnu/h-i686-mingw32/bin/../lib/gcc/nios2-elf/4.1.2/../../../../nios2-elf/lib/mno-hw-mul\libsmallc.a(lib_a-int_errno.o)
 .debug_info    0x00002da0      0x21c c:/altera/13.0sp1/nios2eds/bin/gnu/h-i686-mingw32/bin/../lib/gcc/nios2-elf/4.1.2/mno-hw-mul\libgcc.a(lib2-divmod.o)
 .debug_info    0x00002fbc       0xf3 c:/altera/13.0sp1/nios2eds/bin/gnu/h-i686-mingw32/bin/../lib/gcc/nios2-elf/4.1.2/mno-hw-mul\libgcc.a(lib2-mul.o)
 .debug_info    0x000030af      0x2b2 ../multiplicacao_bsp/\libhal_bsp.a(alt_load.o)
 .debug_info    0x00003361      0x24a ../multiplicacao_bsp/\libhal_bsp.a(alt_main.o)
 .debug_info    0x000035ab      0x6b8 ../multiplicacao_bsp/\libhal_bsp.a(alt_write.o)
 .debug_info    0x00003c63      0x597 ../multiplicacao_bsp/\libhal_bsp.a(alt_sys_init.o)
 .debug_info    0x000041fa      0x5de ../multiplicacao_bsp/\libhal_bsp.a(altera_avalon_jtag_uart_fd.o)
 .debug_info    0x000047d8      0x32e ../multiplicacao_bsp/\libhal_bsp.a(altera_avalon_jtag_uart_read.o)
 .debug_info    0x00004b06      0x30b ../multiplicacao_bsp/\libhal_bsp.a(altera_avalon_jtag_uart_write.o)
 .debug_info    0x00004e11      0x2ea ../multiplicacao_bsp/\libhal_bsp.a(perf_print_formatted_report.o)
 .debug_info    0x000050fb      0x48c ../multiplicacao_bsp/\libhal_bsp.a(alt_close.o)
 .debug_info    0x00005587      0x181 ../multiplicacao_bsp/\libhal_bsp.a(alt_dcache_flush_all.o)
 .debug_info    0x00005708      0x6a4 ../multiplicacao_bsp/\libhal_bsp.a(alt_dev.o)
 .debug_info    0x00005dac      0x2dc ../multiplicacao_bsp/\libhal_bsp.a(alt_dev_llist_insert.o)
 .debug_info    0x00006088      0x189 ../multiplicacao_bsp/\libhal_bsp.a(alt_errno.o)
 .debug_info    0x00006211      0x181 ../multiplicacao_bsp/\libhal_bsp.a(alt_icache_flush_all.o)
 .debug_info    0x00006392      0x6ba ../multiplicacao_bsp/\libhal_bsp.a(alt_io_redirect.o)
 .debug_info    0x00006a4c      0x54a ../multiplicacao_bsp/\libhal_bsp.a(alt_open.o)
 .debug_info    0x00006f96      0x417 ../multiplicacao_bsp/\libhal_bsp.a(alt_release_fd.o)
 .debug_info    0x000073ad      0x188 ../multiplicacao_bsp/\libhal_bsp.a(altera_nios2_qsys_irq.o)
 .debug_info    0x00007535      0x2d4 ../multiplicacao_bsp/\libhal_bsp.a(altera_avalon_performance_counter.o)
 .debug_info    0x00007809      0x43d ../multiplicacao_bsp/\libhal_bsp.a(alt_find_dev.o)
 .debug_info    0x00007c46      0x444 ../multiplicacao_bsp/\libhal_bsp.a(alt_find_file.o)
 .debug_info    0x0000808a      0x485 ../multiplicacao_bsp/\libhal_bsp.a(alt_get_fd.o)
 .debug_info    0x0000850f       0x9f c:/altera/13.0sp1/nios2eds/bin/gnu/h-i686-mingw32/bin/../lib/gcc/nios2-elf/4.1.2/../../../../nios2-elf/lib/mno-hw-mul\libsmallc.a(lib_a-exit.o)
 .debug_info    0x000085ae       0xef c:/altera/13.0sp1/nios2eds/bin/gnu/h-i686-mingw32/bin/../lib/gcc/nios2-elf/4.1.2/../../../../nios2-elf/lib/mno-hw-mul\libsmallc.a(lib_a-memcmp.o)
 .debug_info    0x0000869d      0x6d5 c:/altera/13.0sp1/nios2eds/bin/gnu/h-i686-mingw32/bin/../lib/gcc/nios2-elf/4.1.2/../../../../nios2-elf/lib/mno-hw-mul\libsmallc.a(lib_a-__call_atexit.o)
 .debug_info    0x00008d72      0x210 c:/altera/13.0sp1/nios2eds/bin/gnu/h-i686-mingw32/bin/../lib/gcc/nios2-elf/4.1.2/mno-hw-mul\libgcc.a(_muldi3.o)
 .debug_info    0x00008f82      0x71c c:/altera/13.0sp1/nios2eds/bin/gnu/h-i686-mingw32/bin/../lib/gcc/nios2-elf/4.1.2/mno-hw-mul\libgcc.a(_udivdi3.o)
 .debug_info    0x0000969e       0xc9 c:/altera/13.0sp1/nios2eds/bin/gnu/h-i686-mingw32/bin/../lib/gcc/nios2-elf/4.1.2/mno-hw-mul\libgcc.a(_clz.o)
 .debug_info    0x00009767      0x1b2 ../multiplicacao_bsp/\libhal_bsp.a(alt_exit.o)

.debug_abbrev   0x00000000     0x2177
 *(.debug_abbrev)
 .debug_abbrev  0x00000000       0x12 ../multiplicacao_bsp//obj/HAL/src/crt0.o
 .debug_abbrev  0x00000012       0x3f obj/default/hello_world.o
 .debug_abbrev  0x00000051      0x179 c:/altera/13.0sp1/nios2eds/bin/gnu/h-i686-mingw32/bin/../lib/gcc/nios2-elf/4.1.2/../../../../nios2-elf/lib/mno-hw-mul\libsmallc.a(lib_a-printf.o)
 .debug_abbrev  0x000001ca      0x180 c:/altera/13.0sp1/nios2eds/bin/gnu/h-i686-mingw32/bin/../lib/gcc/nios2-elf/4.1.2/../../../../nios2-elf/lib/mno-hw-mul\libsmallc.a(lib_a-puts.o)
 .debug_abbrev  0x0000034a       0x7a c:/altera/13.0sp1/nios2eds/bin/gnu/h-i686-mingw32/bin/../lib/gcc/nios2-elf/4.1.2/../../../../nios2-elf/lib/mno-hw-mul\libsmallc.a(lib_a-strlen.o)
 .debug_abbrev  0x000003c4      0x263 c:/altera/13.0sp1/nios2eds/bin/gnu/h-i686-mingw32/bin/../lib/gcc/nios2-elf/4.1.2/../../../../nios2-elf/lib/mno-hw-mul\libsmallc.a(lib_a-vfprintf.o)
 .debug_abbrev  0x00000627      0x179 c:/altera/13.0sp1/nios2eds/bin/gnu/h-i686-mingw32/bin/../lib/gcc/nios2-elf/4.1.2/../../../../nios2-elf/lib/mno-hw-mul\libsmallc.a(lib_a-fvwrite_small_dev.o)
 .debug_abbrev  0x000007a0      0x13f c:/altera/13.0sp1/nios2eds/bin/gnu/h-i686-mingw32/bin/../lib/gcc/nios2-elf/4.1.2/../../../../nios2-elf/lib/mno-hw-mul\libsmallc.a(lib_a-impure.o)
 .debug_abbrev  0x000008df      0x16c c:/altera/13.0sp1/nios2eds/bin/gnu/h-i686-mingw32/bin/../lib/gcc/nios2-elf/4.1.2/../../../../nios2-elf/lib/mno-hw-mul\libsmallc.a(lib_a-writer.o)
 .debug_abbrev  0x00000a4b       0x3b c:/altera/13.0sp1/nios2eds/bin/gnu/h-i686-mingw32/bin/../lib/gcc/nios2-elf/4.1.2/../../../../nios2-elf/lib/mno-hw-mul\libsmallc.a(lib_a-int_errno.o)
 .debug_abbrev  0x00000a86       0xe0 c:/altera/13.0sp1/nios2eds/bin/gnu/h-i686-mingw32/bin/../lib/gcc/nios2-elf/4.1.2/mno-hw-mul\libgcc.a(lib2-divmod.o)
 .debug_abbrev  0x00000b66       0x7b c:/altera/13.0sp1/nios2eds/bin/gnu/h-i686-mingw32/bin/../lib/gcc/nios2-elf/4.1.2/mno-hw-mul\libgcc.a(lib2-mul.o)
 .debug_abbrev  0x00000be1       0x88 ../multiplicacao_bsp/\libhal_bsp.a(alt_load.o)
 .debug_abbrev  0x00000c69       0xb7 ../multiplicacao_bsp/\libhal_bsp.a(alt_main.o)
 .debug_abbrev  0x00000d20      0x100 ../multiplicacao_bsp/\libhal_bsp.a(alt_write.o)
 .debug_abbrev  0x00000e20      0x121 ../multiplicacao_bsp/\libhal_bsp.a(alt_sys_init.o)
 .debug_abbrev  0x00000f41       0xcb ../multiplicacao_bsp/\libhal_bsp.a(altera_avalon_jtag_uart_fd.o)
 .debug_abbrev  0x0000100c       0xb6 ../multiplicacao_bsp/\libhal_bsp.a(altera_avalon_jtag_uart_read.o)
 .debug_abbrev  0x000010c2       0xb4 ../multiplicacao_bsp/\libhal_bsp.a(altera_avalon_jtag_uart_write.o)
 .debug_abbrev  0x00001176       0x88 ../multiplicacao_bsp/\libhal_bsp.a(perf_print_formatted_report.o)
 .debug_abbrev  0x000011fe       0xfb ../multiplicacao_bsp/\libhal_bsp.a(alt_close.o)
 .debug_abbrev  0x000012f9       0x3f ../multiplicacao_bsp/\libhal_bsp.a(alt_dcache_flush_all.o)
 .debug_abbrev  0x00001338       0xc7 ../multiplicacao_bsp/\libhal_bsp.a(alt_dev.o)
 .debug_abbrev  0x000013ff       0xf6 ../multiplicacao_bsp/\libhal_bsp.a(alt_dev_llist_insert.o)
 .debug_abbrev  0x000014f5       0x5e ../multiplicacao_bsp/\libhal_bsp.a(alt_errno.o)
 .debug_abbrev  0x00001553       0x3f ../multiplicacao_bsp/\libhal_bsp.a(alt_icache_flush_all.o)
 .debug_abbrev  0x00001592       0xf0 ../multiplicacao_bsp/\libhal_bsp.a(alt_io_redirect.o)
 .debug_abbrev  0x00001682      0x112 ../multiplicacao_bsp/\libhal_bsp.a(alt_open.o)
 .debug_abbrev  0x00001794       0xc1 ../multiplicacao_bsp/\libhal_bsp.a(alt_release_fd.o)
 .debug_abbrev  0x00001855       0x3f ../multiplicacao_bsp/\libhal_bsp.a(altera_nios2_qsys_irq.o)
 .debug_abbrev  0x00001894       0x81 ../multiplicacao_bsp/\libhal_bsp.a(altera_avalon_performance_counter.o)
 .debug_abbrev  0x00001915       0xcf ../multiplicacao_bsp/\libhal_bsp.a(alt_find_dev.o)
 .debug_abbrev  0x000019e4       0xcf ../multiplicacao_bsp/\libhal_bsp.a(alt_find_file.o)
 .debug_abbrev  0x00001ab3       0xfb ../multiplicacao_bsp/\libhal_bsp.a(alt_get_fd.o)
 .debug_abbrev  0x00001bae       0x4e c:/altera/13.0sp1/nios2eds/bin/gnu/h-i686-mingw32/bin/../lib/gcc/nios2-elf/4.1.2/../../../../nios2-elf/lib/mno-hw-mul\libsmallc.a(lib_a-exit.o)
 .debug_abbrev  0x00001bfc       0x7c c:/altera/13.0sp1/nios2eds/bin/gnu/h-i686-mingw32/bin/../lib/gcc/nios2-elf/4.1.2/../../../../nios2-elf/lib/mno-hw-mul\libsmallc.a(lib_a-memcmp.o)
 .debug_abbrev  0x00001c78      0x1c6 c:/altera/13.0sp1/nios2eds/bin/gnu/h-i686-mingw32/bin/../lib/gcc/nios2-elf/4.1.2/../../../../nios2-elf/lib/mno-hw-mul\libsmallc.a(lib_a-__call_atexit.o)
 .debug_abbrev  0x00001e3e       0xfb c:/altera/13.0sp1/nios2eds/bin/gnu/h-i686-mingw32/bin/../lib/gcc/nios2-elf/4.1.2/mno-hw-mul\libgcc.a(_muldi3.o)
 .debug_abbrev  0x00001f39      0x16b c:/altera/13.0sp1/nios2eds/bin/gnu/h-i686-mingw32/bin/../lib/gcc/nios2-elf/4.1.2/mno-hw-mul\libgcc.a(_udivdi3.o)
 .debug_abbrev  0x000020a4       0x61 c:/altera/13.0sp1/nios2eds/bin/gnu/h-i686-mingw32/bin/../lib/gcc/nios2-elf/4.1.2/mno-hw-mul\libgcc.a(_clz.o)
 .debug_abbrev  0x00002105       0x72 ../multiplicacao_bsp/\libhal_bsp.a(alt_exit.o)

.debug_line     0x00000000     0x5f31
 *(.debug_line)
 .debug_line    0x00000000       0x66 ../multiplicacao_bsp//obj/HAL/src/crt0.o
 .debug_line    0x00000066      0x25f obj/default/hello_world.o
 .debug_line    0x000002c5      0x2be c:/altera/13.0sp1/nios2eds/bin/gnu/h-i686-mingw32/bin/../lib/gcc/nios2-elf/4.1.2/../../../../nios2-elf/lib/mno-hw-mul\libsmallc.a(lib_a-printf.o)
 .debug_line    0x00000583      0x2b2 c:/altera/13.0sp1/nios2eds/bin/gnu/h-i686-mingw32/bin/../lib/gcc/nios2-elf/4.1.2/../../../../nios2-elf/lib/mno-hw-mul\libsmallc.a(lib_a-puts.o)
 .debug_line    0x00000835      0x250 c:/altera/13.0sp1/nios2eds/bin/gnu/h-i686-mingw32/bin/../lib/gcc/nios2-elf/4.1.2/../../../../nios2-elf/lib/mno-hw-mul\libsmallc.a(lib_a-strlen.o)
 .debug_line    0x00000a85      0x666 c:/altera/13.0sp1/nios2eds/bin/gnu/h-i686-mingw32/bin/../lib/gcc/nios2-elf/4.1.2/../../../../nios2-elf/lib/mno-hw-mul\libsmallc.a(lib_a-vfprintf.o)
 .debug_line    0x000010eb      0x2a9 c:/altera/13.0sp1/nios2eds/bin/gnu/h-i686-mingw32/bin/../lib/gcc/nios2-elf/4.1.2/../../../../nios2-elf/lib/mno-hw-mul\libsmallc.a(lib_a-fvwrite_small_dev.o)
 .debug_line    0x00001394      0x230 c:/altera/13.0sp1/nios2eds/bin/gnu/h-i686-mingw32/bin/../lib/gcc/nios2-elf/4.1.2/../../../../nios2-elf/lib/mno-hw-mul\libsmallc.a(lib_a-impure.o)
 .debug_line    0x000015c4      0x29d c:/altera/13.0sp1/nios2eds/bin/gnu/h-i686-mingw32/bin/../lib/gcc/nios2-elf/4.1.2/../../../../nios2-elf/lib/mno-hw-mul\libsmallc.a(lib_a-writer.o)
 .debug_line    0x00001861      0x1e2 c:/altera/13.0sp1/nios2eds/bin/gnu/h-i686-mingw32/bin/../lib/gcc/nios2-elf/4.1.2/../../../../nios2-elf/lib/mno-hw-mul\libsmallc.a(lib_a-int_errno.o)
 .debug_line    0x00001a43      0x24f c:/altera/13.0sp1/nios2eds/bin/gnu/h-i686-mingw32/bin/../lib/gcc/nios2-elf/4.1.2/mno-hw-mul\libgcc.a(lib2-divmod.o)
 .debug_line    0x00001c92      0x11a c:/altera/13.0sp1/nios2eds/bin/gnu/h-i686-mingw32/bin/../lib/gcc/nios2-elf/4.1.2/mno-hw-mul\libgcc.a(lib2-mul.o)
 .debug_line    0x00001dac      0x217 ../multiplicacao_bsp/\libhal_bsp.a(alt_load.o)
 .debug_line    0x00001fc3      0x2ba ../multiplicacao_bsp/\libhal_bsp.a(alt_main.o)
 .debug_line    0x0000227d      0x2c9 ../multiplicacao_bsp/\libhal_bsp.a(alt_write.o)
 .debug_line    0x00002546      0x2ae ../multiplicacao_bsp/\libhal_bsp.a(alt_sys_init.o)
 .debug_line    0x000027f4      0x1d7 ../multiplicacao_bsp/\libhal_bsp.a(altera_avalon_jtag_uart_fd.o)
 .debug_line    0x000029cb      0x343 ../multiplicacao_bsp/\libhal_bsp.a(altera_avalon_jtag_uart_read.o)
 .debug_line    0x00002d0e      0x304 ../multiplicacao_bsp/\libhal_bsp.a(altera_avalon_jtag_uart_write.o)
 .debug_line    0x00003012      0x2c7 ../multiplicacao_bsp/\libhal_bsp.a(perf_print_formatted_report.o)
 .debug_line    0x000032d9      0x299 ../multiplicacao_bsp/\libhal_bsp.a(alt_close.o)
 .debug_line    0x00003572      0x1b5 ../multiplicacao_bsp/\libhal_bsp.a(alt_dcache_flush_all.o)
 .debug_line    0x00003727      0x254 ../multiplicacao_bsp/\libhal_bsp.a(alt_dev.o)
 .debug_line    0x0000397b      0x25a ../multiplicacao_bsp/\libhal_bsp.a(alt_dev_llist_insert.o)
 .debug_line    0x00003bd5      0x1aa ../multiplicacao_bsp/\libhal_bsp.a(alt_errno.o)
 .debug_line    0x00003d7f      0x1b5 ../multiplicacao_bsp/\libhal_bsp.a(alt_icache_flush_all.o)
 .debug_line    0x00003f34      0x2b4 ../multiplicacao_bsp/\libhal_bsp.a(alt_io_redirect.o)
 .debug_line    0x000041e8      0x2ff ../multiplicacao_bsp/\libhal_bsp.a(alt_open.o)
 .debug_line    0x000044e7       0xed ../multiplicacao_bsp/\libhal_bsp.a(alt_release_fd.o)
 .debug_line    0x000045d4      0x1ce ../multiplicacao_bsp/\libhal_bsp.a(altera_nios2_qsys_irq.o)
 .debug_line    0x000047a2      0x12d ../multiplicacao_bsp/\libhal_bsp.a(altera_avalon_performance_counter.o)
 .debug_line    0x000048cf      0x26b ../multiplicacao_bsp/\libhal_bsp.a(alt_find_dev.o)
 .debug_line    0x00004b3a      0x27c ../multiplicacao_bsp/\libhal_bsp.a(alt_find_file.o)
 .debug_line    0x00004db6      0x297 ../multiplicacao_bsp/\libhal_bsp.a(alt_get_fd.o)
 .debug_line    0x0000504d      0x223 c:/altera/13.0sp1/nios2eds/bin/gnu/h-i686-mingw32/bin/../lib/gcc/nios2-elf/4.1.2/../../../../nios2-elf/lib/mno-hw-mul\libsmallc.a(lib_a-exit.o)
 .debug_line    0x00005270      0x270 c:/altera/13.0sp1/nios2eds/bin/gnu/h-i686-mingw32/bin/../lib/gcc/nios2-elf/4.1.2/../../../../nios2-elf/lib/mno-hw-mul\libsmallc.a(lib_a-memcmp.o)
 .debug_line    0x000054e0      0x360 c:/altera/13.0sp1/nios2eds/bin/gnu/h-i686-mingw32/bin/../lib/gcc/nios2-elf/4.1.2/../../../../nios2-elf/lib/mno-hw-mul\libsmallc.a(lib_a-__call_atexit.o)
 .debug_line    0x00005840      0x14f c:/altera/13.0sp1/nios2eds/bin/gnu/h-i686-mingw32/bin/../lib/gcc/nios2-elf/4.1.2/mno-hw-mul\libgcc.a(_muldi3.o)
 .debug_line    0x0000598f      0x2f2 c:/altera/13.0sp1/nios2eds/bin/gnu/h-i686-mingw32/bin/../lib/gcc/nios2-elf/4.1.2/mno-hw-mul\libgcc.a(_udivdi3.o)
 .debug_line    0x00005c81       0xaa c:/altera/13.0sp1/nios2eds/bin/gnu/h-i686-mingw32/bin/../lib/gcc/nios2-elf/4.1.2/mno-hw-mul\libgcc.a(_clz.o)
 .debug_line    0x00005d2b      0x206 ../multiplicacao_bsp/\libhal_bsp.a(alt_exit.o)

.debug_frame    0x00000000      0x8a4
 *(.debug_frame)
 .debug_frame   0x00000000       0x2c obj/default/hello_world.o
 .debug_frame   0x0000002c       0x40 c:/altera/13.0sp1/nios2eds/bin/gnu/h-i686-mingw32/bin/../lib/gcc/nios2-elf/4.1.2/../../../../nios2-elf/lib/mno-hw-mul\libsmallc.a(lib_a-printf.o)
 .debug_frame   0x0000006c       0x3c c:/altera/13.0sp1/nios2eds/bin/gnu/h-i686-mingw32/bin/../lib/gcc/nios2-elf/4.1.2/../../../../nios2-elf/lib/mno-hw-mul\libsmallc.a(lib_a-puts.o)
 .debug_frame   0x000000a8       0x20 c:/altera/13.0sp1/nios2eds/bin/gnu/h-i686-mingw32/bin/../lib/gcc/nios2-elf/4.1.2/../../../../nios2-elf/lib/mno-hw-mul\libsmallc.a(lib_a-strlen.o)
 .debug_frame   0x000000c8       0x64 c:/altera/13.0sp1/nios2eds/bin/gnu/h-i686-mingw32/bin/../lib/gcc/nios2-elf/4.1.2/../../../../nios2-elf/lib/mno-hw-mul\libsmallc.a(lib_a-vfprintf.o)
 .debug_frame   0x0000012c       0x30 c:/altera/13.0sp1/nios2eds/bin/gnu/h-i686-mingw32/bin/../lib/gcc/nios2-elf/4.1.2/../../../../nios2-elf/lib/mno-hw-mul\libsmallc.a(lib_a-fvwrite_small_dev.o)
 .debug_frame   0x0000015c       0x2c c:/altera/13.0sp1/nios2eds/bin/gnu/h-i686-mingw32/bin/../lib/gcc/nios2-elf/4.1.2/../../../../nios2-elf/lib/mno-hw-mul\libsmallc.a(lib_a-writer.o)
 .debug_frame   0x00000188       0x70 c:/altera/13.0sp1/nios2eds/bin/gnu/h-i686-mingw32/bin/../lib/gcc/nios2-elf/4.1.2/mno-hw-mul\libgcc.a(lib2-divmod.o)
 .debug_frame   0x000001f8       0x20 c:/altera/13.0sp1/nios2eds/bin/gnu/h-i686-mingw32/bin/../lib/gcc/nios2-elf/4.1.2/mno-hw-mul\libgcc.a(lib2-mul.o)
 .debug_frame   0x00000218       0x48 ../multiplicacao_bsp/\libhal_bsp.a(alt_load.o)
 .debug_frame   0x00000260       0x2c ../multiplicacao_bsp/\libhal_bsp.a(alt_main.o)
 .debug_frame   0x0000028c       0x48 ../multiplicacao_bsp/\libhal_bsp.a(alt_write.o)
 .debug_frame   0x000002d4       0x64 ../multiplicacao_bsp/\libhal_bsp.a(alt_sys_init.o)
 .debug_frame   0x00000338       0x48 ../multiplicacao_bsp/\libhal_bsp.a(altera_avalon_jtag_uart_fd.o)
 .debug_frame   0x00000380       0x2c ../multiplicacao_bsp/\libhal_bsp.a(altera_avalon_jtag_uart_read.o)
 .debug_frame   0x000003ac       0x2c ../multiplicacao_bsp/\libhal_bsp.a(altera_avalon_jtag_uart_write.o)
 .debug_frame   0x000003d8       0x2c ../multiplicacao_bsp/\libhal_bsp.a(perf_print_formatted_report.o)
 .debug_frame   0x00000404       0x48 ../multiplicacao_bsp/\libhal_bsp.a(alt_close.o)
 .debug_frame   0x0000044c       0x2c ../multiplicacao_bsp/\libhal_bsp.a(alt_dcache_flush_all.o)
 .debug_frame   0x00000478       0x2c ../multiplicacao_bsp/\libhal_bsp.a(alt_dev.o)
 .debug_frame   0x000004a4       0x48 ../multiplicacao_bsp/\libhal_bsp.a(alt_dev_llist_insert.o)
 .debug_frame   0x000004ec       0x2c ../multiplicacao_bsp/\libhal_bsp.a(alt_icache_flush_all.o)
 .debug_frame   0x00000518       0x4c ../multiplicacao_bsp/\libhal_bsp.a(alt_io_redirect.o)
 .debug_frame   0x00000564       0x68 ../multiplicacao_bsp/\libhal_bsp.a(alt_open.o)
 .debug_frame   0x000005cc       0x30 ../multiplicacao_bsp/\libhal_bsp.a(alt_release_fd.o)
 .debug_frame   0x000005fc       0x2c ../multiplicacao_bsp/\libhal_bsp.a(altera_nios2_qsys_irq.o)
 .debug_frame   0x00000628       0x9c ../multiplicacao_bsp/\libhal_bsp.a(altera_avalon_performance_counter.o)
 .debug_frame   0x000006c4       0x2c ../multiplicacao_bsp/\libhal_bsp.a(alt_find_dev.o)
 .debug_frame   0x000006f0       0x2c ../multiplicacao_bsp/\libhal_bsp.a(alt_find_file.o)
 .debug_frame   0x0000071c       0x30 ../multiplicacao_bsp/\libhal_bsp.a(alt_get_fd.o)
 .debug_frame   0x0000074c       0x2c c:/altera/13.0sp1/nios2eds/bin/gnu/h-i686-mingw32/bin/../lib/gcc/nios2-elf/4.1.2/../../../../nios2-elf/lib/mno-hw-mul\libsmallc.a(lib_a-exit.o)
 .debug_frame   0x00000778       0x20 c:/altera/13.0sp1/nios2eds/bin/gnu/h-i686-mingw32/bin/../lib/gcc/nios2-elf/4.1.2/../../../../nios2-elf/lib/mno-hw-mul\libsmallc.a(lib_a-memcmp.o)
 .debug_frame   0x00000798       0x4c c:/altera/13.0sp1/nios2eds/bin/gnu/h-i686-mingw32/bin/../lib/gcc/nios2-elf/4.1.2/../../../../nios2-elf/lib/mno-hw-mul\libsmallc.a(lib_a-__call_atexit.o)
 .debug_frame   0x000007e4       0x40 c:/altera/13.0sp1/nios2eds/bin/gnu/h-i686-mingw32/bin/../lib/gcc/nios2-elf/4.1.2/mno-hw-mul\libgcc.a(_muldi3.o)
 .debug_frame   0x00000824       0x38 c:/altera/13.0sp1/nios2eds/bin/gnu/h-i686-mingw32/bin/../lib/gcc/nios2-elf/4.1.2/mno-hw-mul\libgcc.a(_udivdi3.o)
 .debug_frame   0x0000085c       0x48 ../multiplicacao_bsp/\libhal_bsp.a(alt_exit.o)

.debug_str      0x00000000      0xdcf
 *(.debug_str)
 .debug_str     0x00000000       0x12 obj/default/hello_world.o
 .debug_str     0x00000012      0x406 c:/altera/13.0sp1/nios2eds/bin/gnu/h-i686-mingw32/bin/../lib/gcc/nios2-elf/4.1.2/../../../../nios2-elf/lib/mno-hw-mul\libsmallc.a(lib_a-printf.o)
                                0x466 (size before relaxing)
 .debug_str     0x00000418       0x48 c:/altera/13.0sp1/nios2eds/bin/gnu/h-i686-mingw32/bin/../lib/gcc/nios2-elf/4.1.2/../../../../nios2-elf/lib/mno-hw-mul\libsmallc.a(lib_a-puts.o)
                                0x450 (size before relaxing)
 .debug_str     0x00000460       0xe2 c:/altera/13.0sp1/nios2eds/bin/gnu/h-i686-mingw32/bin/../lib/gcc/nios2-elf/4.1.2/../../../../nios2-elf/lib/mno-hw-mul\libsmallc.a(lib_a-strlen.o)
                                0x184 (size before relaxing)
 .debug_str     0x00000542      0x168 c:/altera/13.0sp1/nios2eds/bin/gnu/h-i686-mingw32/bin/../lib/gcc/nios2-elf/4.1.2/../../../../nios2-elf/lib/mno-hw-mul\libsmallc.a(lib_a-vfprintf.o)
                                0x5af (size before relaxing)
 .debug_str     0x000006aa       0x70 c:/altera/13.0sp1/nios2eds/bin/gnu/h-i686-mingw32/bin/../lib/gcc/nios2-elf/4.1.2/../../../../nios2-elf/lib/mno-hw-mul\libsmallc.a(lib_a-fvwrite_small_dev.o)
                                0x46a (size before relaxing)
 .debug_str     0x0000071a       0xf8 c:/altera/13.0sp1/nios2eds/bin/gnu/h-i686-mingw32/bin/../lib/gcc/nios2-elf/4.1.2/../../../../nios2-elf/lib/mno-hw-mul\libsmallc.a(lib_a-impure.o)
                                0x45d (size before relaxing)
 .debug_str     0x00000812       0x4f c:/altera/13.0sp1/nios2eds/bin/gnu/h-i686-mingw32/bin/../lib/gcc/nios2-elf/4.1.2/../../../../nios2-elf/lib/mno-hw-mul\libsmallc.a(lib_a-writer.o)
                                0x451 (size before relaxing)
 .debug_str     0x00000861       0x40 c:/altera/13.0sp1/nios2eds/bin/gnu/h-i686-mingw32/bin/../lib/gcc/nios2-elf/4.1.2/../../../../nios2-elf/lib/mno-hw-mul\libsmallc.a(lib_a-int_errno.o)
                                0x177 (size before relaxing)
 .debug_str     0x000008a1      0x10b c:/altera/13.0sp1/nios2eds/bin/gnu/h-i686-mingw32/bin/../lib/gcc/nios2-elf/4.1.2/mno-hw-mul\libgcc.a(lib2-divmod.o)
                                0x1b4 (size before relaxing)
 .debug_str     0x000009ac       0x37 c:/altera/13.0sp1/nios2eds/bin/gnu/h-i686-mingw32/bin/../lib/gcc/nios2-elf/4.1.2/mno-hw-mul\libgcc.a(lib2-mul.o)
                                0x175 (size before relaxing)
 .debug_str     0x000009e3       0x12 ../multiplicacao_bsp/\libhal_bsp.a(alt_load.o)
 .debug_str     0x000009f5       0x12 ../multiplicacao_bsp/\libhal_bsp.a(alt_main.o)
 .debug_str     0x00000a07       0x12 ../multiplicacao_bsp/\libhal_bsp.a(alt_write.o)
 .debug_str     0x00000a19       0x12 ../multiplicacao_bsp/\libhal_bsp.a(alt_sys_init.o)
 .debug_str     0x00000a2b       0x12 ../multiplicacao_bsp/\libhal_bsp.a(altera_avalon_jtag_uart_read.o)
 .debug_str     0x00000a3d       0x12 ../multiplicacao_bsp/\libhal_bsp.a(altera_avalon_jtag_uart_write.o)
 .debug_str     0x00000a4f       0x12 ../multiplicacao_bsp/\libhal_bsp.a(perf_print_formatted_report.o)
 .debug_str     0x00000a61       0x12 ../multiplicacao_bsp/\libhal_bsp.a(alt_close.o)
 .debug_str     0x00000a73       0x12 ../multiplicacao_bsp/\libhal_bsp.a(alt_dcache_flush_all.o)
 .debug_str     0x00000a85       0x12 ../multiplicacao_bsp/\libhal_bsp.a(alt_dev.o)
 .debug_str     0x00000a97       0x12 ../multiplicacao_bsp/\libhal_bsp.a(alt_dev_llist_insert.o)
 .debug_str     0x00000aa9       0x12 ../multiplicacao_bsp/\libhal_bsp.a(alt_errno.o)
 .debug_str     0x00000abb       0x12 ../multiplicacao_bsp/\libhal_bsp.a(alt_icache_flush_all.o)
 .debug_str     0x00000acd       0x12 ../multiplicacao_bsp/\libhal_bsp.a(alt_io_redirect.o)
 .debug_str     0x00000adf       0x12 ../multiplicacao_bsp/\libhal_bsp.a(alt_open.o)
 .debug_str     0x00000af1       0x12 ../multiplicacao_bsp/\libhal_bsp.a(altera_nios2_qsys_irq.o)
 .debug_str     0x00000b03       0x1e ../multiplicacao_bsp/\libhal_bsp.a(altera_avalon_performance_counter.o)
 .debug_str     0x00000b21       0x12 ../multiplicacao_bsp/\libhal_bsp.a(alt_find_dev.o)
 .debug_str     0x00000b33       0x12 ../multiplicacao_bsp/\libhal_bsp.a(alt_find_file.o)
 .debug_str     0x00000b45       0x12 ../multiplicacao_bsp/\libhal_bsp.a(alt_get_fd.o)
 .debug_str     0x00000b57       0xde c:/altera/13.0sp1/nios2eds/bin/gnu/h-i686-mingw32/bin/../lib/gcc/nios2-elf/4.1.2/../../../../nios2-elf/lib/mno-hw-mul\libsmallc.a(lib_a-exit.o)
                                0x178 (size before relaxing)
 .debug_str     0x00000c35       0x45 c:/altera/13.0sp1/nios2eds/bin/gnu/h-i686-mingw32/bin/../lib/gcc/nios2-elf/4.1.2/../../../../nios2-elf/lib/mno-hw-mul\libsmallc.a(lib_a-memcmp.o)
                                0x17e (size before relaxing)
 .debug_str     0x00000c7a       0x7e c:/altera/13.0sp1/nios2eds/bin/gnu/h-i686-mingw32/bin/../lib/gcc/nios2-elf/4.1.2/../../../../nios2-elf/lib/mno-hw-mul\libsmallc.a(lib_a-__call_atexit.o)
                                0x491 (size before relaxing)
 .debug_str     0x00000cf8       0x67 c:/altera/13.0sp1/nios2eds/bin/gnu/h-i686-mingw32/bin/../lib/gcc/nios2-elf/4.1.2/mno-hw-mul\libgcc.a(_muldi3.o)
                                0x1ac (size before relaxing)
 .debug_str     0x00000d5f       0x54 c:/altera/13.0sp1/nios2eds/bin/gnu/h-i686-mingw32/bin/../lib/gcc/nios2-elf/4.1.2/mno-hw-mul\libgcc.a(_udivdi3.o)
                                0x1f7 (size before relaxing)
 .debug_str     0x00000000      0x161 c:/altera/13.0sp1/nios2eds/bin/gnu/h-i686-mingw32/bin/../lib/gcc/nios2-elf/4.1.2/mno-hw-mul\libgcc.a(_clz.o)
 .debug_str     0x00000db3       0x1c ../multiplicacao_bsp/\libhal_bsp.a(alt_exit.o)

.debug_loc      0x00000000     0x23c5
 *(.debug_loc)
 .debug_loc     0x00000000       0x2b obj/default/hello_world.o
 .debug_loc     0x0000002b       0x8d c:/altera/13.0sp1/nios2eds/bin/gnu/h-i686-mingw32/bin/../lib/gcc/nios2-elf/4.1.2/../../../../nios2-elf/lib/mno-hw-mul\libsmallc.a(lib_a-printf.o)
 .debug_loc     0x000000b8       0xa2 c:/altera/13.0sp1/nios2eds/bin/gnu/h-i686-mingw32/bin/../lib/gcc/nios2-elf/4.1.2/../../../../nios2-elf/lib/mno-hw-mul\libsmallc.a(lib_a-puts.o)
 .debug_loc     0x0000015a       0x1e c:/altera/13.0sp1/nios2eds/bin/gnu/h-i686-mingw32/bin/../lib/gcc/nios2-elf/4.1.2/../../../../nios2-elf/lib/mno-hw-mul\libsmallc.a(lib_a-strlen.o)
 .debug_loc     0x00000178      0x878 c:/altera/13.0sp1/nios2eds/bin/gnu/h-i686-mingw32/bin/../lib/gcc/nios2-elf/4.1.2/../../../../nios2-elf/lib/mno-hw-mul\libsmallc.a(lib_a-vfprintf.o)
 .debug_loc     0x000009f0      0x162 c:/altera/13.0sp1/nios2eds/bin/gnu/h-i686-mingw32/bin/../lib/gcc/nios2-elf/4.1.2/../../../../nios2-elf/lib/mno-hw-mul\libsmallc.a(lib_a-fvwrite_small_dev.o)
 .debug_loc     0x00000b52       0x97 c:/altera/13.0sp1/nios2eds/bin/gnu/h-i686-mingw32/bin/../lib/gcc/nios2-elf/4.1.2/../../../../nios2-elf/lib/mno-hw-mul\libsmallc.a(lib_a-writer.o)
 .debug_loc     0x00000be9      0x1d2 c:/altera/13.0sp1/nios2eds/bin/gnu/h-i686-mingw32/bin/../lib/gcc/nios2-elf/4.1.2/mno-hw-mul\libgcc.a(lib2-divmod.o)
 .debug_loc     0x00000dbb       0x4f c:/altera/13.0sp1/nios2eds/bin/gnu/h-i686-mingw32/bin/../lib/gcc/nios2-elf/4.1.2/mno-hw-mul\libgcc.a(lib2-mul.o)
 .debug_loc     0x00000e0a       0x56 ../multiplicacao_bsp/\libhal_bsp.a(alt_load.o)
 .debug_loc     0x00000e60       0x2b ../multiplicacao_bsp/\libhal_bsp.a(alt_main.o)
 .debug_loc     0x00000e8b       0x56 ../multiplicacao_bsp/\libhal_bsp.a(alt_write.o)
 .debug_loc     0x00000ee1       0x81 ../multiplicacao_bsp/\libhal_bsp.a(alt_sys_init.o)
 .debug_loc     0x00000f62       0x56 ../multiplicacao_bsp/\libhal_bsp.a(altera_avalon_jtag_uart_fd.o)
 .debug_loc     0x00000fb8       0x2b ../multiplicacao_bsp/\libhal_bsp.a(altera_avalon_jtag_uart_read.o)
 .debug_loc     0x00000fe3       0x2b ../multiplicacao_bsp/\libhal_bsp.a(altera_avalon_jtag_uart_write.o)
 .debug_loc     0x0000100e       0x2c ../multiplicacao_bsp/\libhal_bsp.a(perf_print_formatted_report.o)
 .debug_loc     0x0000103a       0x56 ../multiplicacao_bsp/\libhal_bsp.a(alt_close.o)
 .debug_loc     0x00001090       0x2b ../multiplicacao_bsp/\libhal_bsp.a(alt_dcache_flush_all.o)
 .debug_loc     0x000010bb       0x2b ../multiplicacao_bsp/\libhal_bsp.a(alt_dev.o)
 .debug_loc     0x000010e6       0x56 ../multiplicacao_bsp/\libhal_bsp.a(alt_dev_llist_insert.o)
 .debug_loc     0x0000113c       0x2b ../multiplicacao_bsp/\libhal_bsp.a(alt_icache_flush_all.o)
 .debug_loc     0x00001167       0x56 ../multiplicacao_bsp/\libhal_bsp.a(alt_io_redirect.o)
 .debug_loc     0x000011bd       0x81 ../multiplicacao_bsp/\libhal_bsp.a(alt_open.o)
 .debug_loc     0x0000123e       0x2b ../multiplicacao_bsp/\libhal_bsp.a(alt_release_fd.o)
 .debug_loc     0x00001269       0x2b ../multiplicacao_bsp/\libhal_bsp.a(altera_nios2_qsys_irq.o)
 .debug_loc     0x00001294       0xd7 ../multiplicacao_bsp/\libhal_bsp.a(altera_avalon_performance_counter.o)
 .debug_loc     0x0000136b       0x2b ../multiplicacao_bsp/\libhal_bsp.a(alt_find_dev.o)
 .debug_loc     0x00001396       0x2b ../multiplicacao_bsp/\libhal_bsp.a(alt_find_file.o)
 .debug_loc     0x000013c1       0x2b ../multiplicacao_bsp/\libhal_bsp.a(alt_get_fd.o)
 .debug_loc     0x000013ec       0x3d c:/altera/13.0sp1/nios2eds/bin/gnu/h-i686-mingw32/bin/../lib/gcc/nios2-elf/4.1.2/../../../../nios2-elf/lib/mno-hw-mul\libsmallc.a(lib_a-exit.o)
 .debug_loc     0x00001429       0x70 c:/altera/13.0sp1/nios2eds/bin/gnu/h-i686-mingw32/bin/../lib/gcc/nios2-elf/4.1.2/../../../../nios2-elf/lib/mno-hw-mul\libsmallc.a(lib_a-memcmp.o)
 .debug_loc     0x00001499      0x1c1 c:/altera/13.0sp1/nios2eds/bin/gnu/h-i686-mingw32/bin/../lib/gcc/nios2-elf/4.1.2/../../../../nios2-elf/lib/mno-hw-mul\libsmallc.a(lib_a-__call_atexit.o)
 .debug_loc     0x0000165a      0x103 c:/altera/13.0sp1/nios2eds/bin/gnu/h-i686-mingw32/bin/../lib/gcc/nios2-elf/4.1.2/mno-hw-mul\libgcc.a(_muldi3.o)
 .debug_loc     0x0000175d      0xc12 c:/altera/13.0sp1/nios2eds/bin/gnu/h-i686-mingw32/bin/../lib/gcc/nios2-elf/4.1.2/mno-hw-mul\libgcc.a(_udivdi3.o)
 .debug_loc     0x0000236f       0x56 ../multiplicacao_bsp/\libhal_bsp.a(alt_exit.o)

.debug_macinfo
 *(.debug_macinfo)

.debug_weaknames
 *(.debug_weaknames)

.debug_funcnames
 *(.debug_funcnames)

.debug_typenames
 *(.debug_typenames)

.debug_varnames
 *(.debug_varnames)

.debug_alt_sim_info
                0x00000000       0x10
 *(.debug_alt_sim_info)
 .debug_alt_sim_info
                0x00000000       0x10 ../multiplicacao_bsp//obj/HAL/src/crt0.o
                0x0001a000                __alt_data_end = 0x1a000
                0x0001a000                PROVIDE (__alt_stack_pointer, __alt_data_end)
                0x00013354                PROVIDE (__alt_stack_limit, __alt_stack_base)
                0x00013354                PROVIDE (__alt_heap_start, end)
                0x0001a000                PROVIDE (__alt_heap_limit, 0x1a000)
OUTPUT(multiplicacao.elf elf32-littlenios2)

.debug_ranges   0x00000000      0x390
 .debug_ranges  0x00000000       0x20 ../multiplicacao_bsp//obj/HAL/src/crt0.o
 .debug_ranges  0x00000020      0x140 c:/altera/13.0sp1/nios2eds/bin/gnu/h-i686-mingw32/bin/../lib/gcc/nios2-elf/4.1.2/../../../../nios2-elf/lib/mno-hw-mul\libsmallc.a(lib_a-vfprintf.o)
 .debug_ranges  0x00000160       0x18 c:/altera/13.0sp1/nios2eds/bin/gnu/h-i686-mingw32/bin/../lib/gcc/nios2-elf/4.1.2/../../../../nios2-elf/lib/mno-hw-mul\libsmallc.a(lib_a-__call_atexit.o)
 .debug_ranges  0x00000178       0x88 c:/altera/13.0sp1/nios2eds/bin/gnu/h-i686-mingw32/bin/../lib/gcc/nios2-elf/4.1.2/mno-hw-mul\libgcc.a(_muldi3.o)
 .debug_ranges  0x00000200      0x190 c:/altera/13.0sp1/nios2eds/bin/gnu/h-i686-mingw32/bin/../lib/gcc/nios2-elf/4.1.2/mno-hw-mul\libgcc.a(_udivdi3.o)
