Archive member included because of file (symbol)

c:/altera/13.0sp1/nios2eds/bin/gnu/h-i686-mingw32/bin/../lib/gcc/nios2-elf/4.1.2/../../../../nios2-elf/lib/mno-hw-mul\libsmallc.a(lib_a-printf.o)
                              obj/default/hello_world.o (printf)
c:/altera/13.0sp1/nios2eds/bin/gnu/h-i686-mingw32/bin/../lib/gcc/nios2-elf/4.1.2/../../../../nios2-elf/lib/mno-hw-mul\libsmallc.a(lib_a-puts.o)
                              obj/default/hello_world.o (puts)
c:/altera/13.0sp1/nios2eds/bin/gnu/h-i686-mingw32/bin/../lib/gcc/nios2-elf/4.1.2/../../../../nios2-elf/lib/mno-hw-mul\libsmallc.a(lib_a-strlen.o)
                              c:/altera/13.0sp1/nios2eds/bin/gnu/h-i686-mingw32/bin/../lib/gcc/nios2-elf/4.1.2/../../../../nios2-elf/lib/mno-hw-mul\libsmallc.a(lib_a-puts.o) (strlen)
c:/altera/13.0sp1/nios2eds/bin/gnu/h-i686-mingw32/bin/../lib/gcc/nios2-elf/4.1.2/../../../../nios2-elf/lib/mno-hw-mul\libsmallc.a(lib_a-vfprintf.o)
                              c:/altera/13.0sp1/nios2eds/bin/gnu/h-i686-mingw32/bin/../lib/gcc/nios2-elf/4.1.2/../../../../nios2-elf/lib/mno-hw-mul\libsmallc.a(lib_a-printf.o) (___vfprintf_internal_r)
c:/altera/13.0sp1/nios2eds/bin/gnu/h-i686-mingw32/bin/../lib/gcc/nios2-elf/4.1.2/../../../../nios2-elf/lib/mno-hw-mul\libsmallc.a(lib_a-fvwrite_small_dev.o)
                              c:/altera/13.0sp1/nios2eds/bin/gnu/h-i686-mingw32/bin/../lib/gcc/nios2-elf/4.1.2/../../../../nios2-elf/lib/mno-hw-mul\libsmallc.a(lib_a-printf.o) (__sfvwrite_small_dev)
c:/altera/13.0sp1/nios2eds/bin/gnu/h-i686-mingw32/bin/../lib/gcc/nios2-elf/4.1.2/../../../../nios2-elf/lib/mno-hw-mul\libsmallc.a(lib_a-impure.o)
                              c:/altera/13.0sp1/nios2eds/bin/gnu/h-i686-mingw32/bin/../lib/gcc/nios2-elf/4.1.2/../../../../nios2-elf/lib/mno-hw-mul\libsmallc.a(lib_a-printf.o) (_impure_ptr)
c:/altera/13.0sp1/nios2eds/bin/gnu/h-i686-mingw32/bin/../lib/gcc/nios2-elf/4.1.2/../../../../nios2-elf/lib/mno-hw-mul\libsmallc.a(lib_a-writer.o)
                              c:/altera/13.0sp1/nios2eds/bin/gnu/h-i686-mingw32/bin/../lib/gcc/nios2-elf/4.1.2/../../../../nios2-elf/lib/mno-hw-mul\libsmallc.a(lib_a-fvwrite_small_dev.o) (_write_r)
c:/altera/13.0sp1/nios2eds/bin/gnu/h-i686-mingw32/bin/../lib/gcc/nios2-elf/4.1.2/../../../../nios2-elf/lib/mno-hw-mul\libsmallc.a(lib_a-int_errno.o)
                              c:/altera/13.0sp1/nios2eds/bin/gnu/h-i686-mingw32/bin/../lib/gcc/nios2-elf/4.1.2/../../../../nios2-elf/lib/mno-hw-mul\libsmallc.a(lib_a-writer.o) (errno)
c:/altera/13.0sp1/nios2eds/bin/gnu/h-i686-mingw32/bin/../lib/gcc/nios2-elf/4.1.2/mno-hw-mul\libgcc.a(lib2-divmod.o)
                              c:/altera/13.0sp1/nios2eds/bin/gnu/h-i686-mingw32/bin/../lib/gcc/nios2-elf/4.1.2/../../../../nios2-elf/lib/mno-hw-mul\libsmallc.a(lib_a-vfprintf.o) (__udivsi3)
c:/altera/13.0sp1/nios2eds/bin/gnu/h-i686-mingw32/bin/../lib/gcc/nios2-elf/4.1.2/mno-hw-mul\libgcc.a(lib2-mul.o)
                              c:/altera/13.0sp1/nios2eds/bin/gnu/h-i686-mingw32/bin/../lib/gcc/nios2-elf/4.1.2/../../../../nios2-elf/lib/mno-hw-mul\libsmallc.a(lib_a-vfprintf.o) (__mulsi3)
../multiplicacao_bsp/\libhal_bsp.a(alt_load.o)
                              ../multiplicacao_bsp//obj/HAL/src/crt0.o (alt_load)
../multiplicacao_bsp/\libhal_bsp.a(alt_main.o)
                              ../multiplicacao_bsp//obj/HAL/src/crt0.o (alt_main)
../multiplicacao_bsp/\libhal_bsp.a(alt_write.o)
                              c:/altera/13.0sp1/nios2eds/bin/gnu/h-i686-mingw32/bin/../lib/gcc/nios2-elf/4.1.2/../../../../nios2-elf/lib/mno-hw-mul\libsmallc.a(lib_a-writer.o) (write)
../multiplicacao_bsp/\libhal_bsp.a(alt_sys_init.o)
                              ../multiplicacao_bsp/\libhal_bsp.a(alt_main.o) (alt_irq_init)
../multiplicacao_bsp/\libhal_bsp.a(altera_avalon_jtag_uart_fd.o)
                              ../multiplicacao_bsp/\libhal_bsp.a(alt_sys_init.o) (altera_avalon_jtag_uart_read_fd)
../multiplicacao_bsp/\libhal_bsp.a(altera_avalon_jtag_uart_read.o)
                              ../multiplicacao_bsp/\libhal_bsp.a(altera_avalon_jtag_uart_fd.o) (altera_avalon_jtag_uart_read)
../multiplicacao_bsp/\libhal_bsp.a(altera_avalon_jtag_uart_write.o)
                              ../multiplicacao_bsp/\libhal_bsp.a(altera_avalon_jtag_uart_fd.o) (altera_avalon_jtag_uart_write)
../multiplicacao_bsp/\libhal_bsp.a(alt_close.o)
                              ../multiplicacao_bsp/\libhal_bsp.a(alt_main.o) (close)
../multiplicacao_bsp/\libhal_bsp.a(alt_dcache_flush_all.o)
                              ../multiplicacao_bsp/\libhal_bsp.a(alt_load.o) (alt_dcache_flush_all)
../multiplicacao_bsp/\libhal_bsp.a(alt_dev.o)
                              ../multiplicacao_bsp/\libhal_bsp.a(alt_sys_init.o) (alt_dev_list)
../multiplicacao_bsp/\libhal_bsp.a(alt_dev_llist_insert.o)
                              ../multiplicacao_bsp/\libhal_bsp.a(alt_sys_init.o) (alt_dev_llist_insert)
../multiplicacao_bsp/\libhal_bsp.a(alt_errno.o)
                              ../multiplicacao_bsp/\libhal_bsp.a(alt_write.o) (alt_errno)
../multiplicacao_bsp/\libhal_bsp.a(alt_icache_flush_all.o)
                              ../multiplicacao_bsp/\libhal_bsp.a(alt_load.o) (alt_icache_flush_all)
../multiplicacao_bsp/\libhal_bsp.a(alt_io_redirect.o)
                              ../multiplicacao_bsp/\libhal_bsp.a(alt_main.o) (alt_io_redirect)
../multiplicacao_bsp/\libhal_bsp.a(alt_open.o)
                              ../multiplicacao_bsp/\libhal_bsp.a(alt_io_redirect.o) (open)
../multiplicacao_bsp/\libhal_bsp.a(alt_release_fd.o)
                              ../multiplicacao_bsp/\libhal_bsp.a(alt_close.o) (alt_release_fd)
../multiplicacao_bsp/\libhal_bsp.a(altera_nios2_qsys_irq.o)
                              ../multiplicacao_bsp/\libhal_bsp.a(alt_sys_init.o) (altera_nios2_qsys_irq_init)
../multiplicacao_bsp/\libhal_bsp.a(alt_find_dev.o)
                              ../multiplicacao_bsp/\libhal_bsp.a(alt_open.o) (alt_find_dev)
../multiplicacao_bsp/\libhal_bsp.a(alt_find_file.o)
                              ../multiplicacao_bsp/\libhal_bsp.a(alt_open.o) (alt_find_file)
../multiplicacao_bsp/\libhal_bsp.a(alt_get_fd.o)
                              ../multiplicacao_bsp/\libhal_bsp.a(alt_open.o) (alt_get_fd)
c:/altera/13.0sp1/nios2eds/bin/gnu/h-i686-mingw32/bin/../lib/gcc/nios2-elf/4.1.2/../../../../nios2-elf/lib/mno-hw-mul\libsmallc.a(lib_a-exit.o)
                              ../multiplicacao_bsp/\libhal_bsp.a(alt_main.o) (exit)
c:/altera/13.0sp1/nios2eds/bin/gnu/h-i686-mingw32/bin/../lib/gcc/nios2-elf/4.1.2/../../../../nios2-elf/lib/mno-hw-mul\libsmallc.a(lib_a-memcmp.o)
                              ../multiplicacao_bsp/\libhal_bsp.a(alt_find_dev.o) (memcmp)
c:/altera/13.0sp1/nios2eds/bin/gnu/h-i686-mingw32/bin/../lib/gcc/nios2-elf/4.1.2/../../../../nios2-elf/lib/mno-hw-mul\libsmallc.a(lib_a-__call_atexit.o)
                              c:/altera/13.0sp1/nios2eds/bin/gnu/h-i686-mingw32/bin/../lib/gcc/nios2-elf/4.1.2/../../../../nios2-elf/lib/mno-hw-mul\libsmallc.a(lib_a-exit.o) (__call_exitprocs)
../multiplicacao_bsp/\libhal_bsp.a(alt_exit.o)
                              c:/altera/13.0sp1/nios2eds/bin/gnu/h-i686-mingw32/bin/../lib/gcc/nios2-elf/4.1.2/../../../../nios2-elf/lib/mno-hw-mul\libsmallc.a(lib_a-exit.o) (_exit)

Allocating common symbols
Common symbol       size              file

errno               0x4               c:/altera/13.0sp1/nios2eds/bin/gnu/h-i686-mingw32/bin/../lib/gcc/nios2-elf/4.1.2/../../../../nios2-elf/lib/mno-hw-mul\libsmallc.a(lib_a-int_errno.o)

Memory Configuration

Name             Origin             Length             Attributes
reset            0x00010000         0x00000020
ram              0x00010020         0x00009fe0
*default*        0x00000000         0xffffffff

Linker script and memory map

LOAD ../multiplicacao_bsp//obj/HAL/src/crt0.o
LOAD obj/default/hello_world.o
LOAD c:/altera/13.0sp1/nios2eds/bin/gnu/h-i686-mingw32/bin/../lib/gcc/nios2-elf/4.1.2/../../../../nios2-elf/lib/mno-hw-mul\libstdc++.a
LOAD c:/altera/13.0sp1/nios2eds/bin/gnu/h-i686-mingw32/bin/../lib/gcc/nios2-elf/4.1.2/../../../../nios2-elf/lib/mno-hw-mul\libm.a
LOAD c:/altera/13.0sp1/nios2eds/bin/gnu/h-i686-mingw32/bin/../lib/gcc/nios2-elf/4.1.2/mno-hw-mul\libgcc.a
START GROUP
LOAD c:/altera/13.0sp1/nios2eds/bin/gnu/h-i686-mingw32/bin/../lib/gcc/nios2-elf/4.1.2/../../../../nios2-elf/lib/mno-hw-mul\libsmallc.a
LOAD c:/altera/13.0sp1/nios2eds/bin/gnu/h-i686-mingw32/bin/../lib/gcc/nios2-elf/4.1.2/mno-hw-mul\libgcc.a
LOAD ../multiplicacao_bsp/\libhal_bsp.a
END GROUP
LOAD c:/altera/13.0sp1/nios2eds/bin/gnu/h-i686-mingw32/bin/../lib/gcc/nios2-elf/4.1.2/mno-hw-mul\libgcc.a
                0x00010000                __alt_mem_ram = 0x10000

.entry          0x00010000       0x20
 *(.entry)
 .entry         0x00010000       0x20 ../multiplicacao_bsp//obj/HAL/src/crt0.o
                0x00010000                __reset

.exceptions     0x00010020        0x0
                0x00010020                PROVIDE (__ram_exceptions_start, ABSOLUTE (.))
                0x00010020                . = ALIGN (0x20)
 *(.irq)
 *(.exceptions.entry.label)
 *(.exceptions.entry.user)
 *(.exceptions.entry)
 *(.exceptions.irqtest.user)
 *(.exceptions.irqtest)
 *(.exceptions.irqhandler.user)
 *(.exceptions.irqhandler)
 *(.exceptions.irqreturn.user)
 *(.exceptions.irqreturn)
 *(.exceptions.notirq.label)
 *(.exceptions.notirq.user)
 *(.exceptions.notirq)
 *(.exceptions.soft.user)
 *(.exceptions.soft)
 *(.exceptions.unknown.user)
 *(.exceptions.unknown)
 *(.exceptions.exit.label)
 *(.exceptions.exit.user)
 *(.exceptions.exit)
 *(.exceptions)
                0x00010020                PROVIDE (__ram_exceptions_end, ABSOLUTE (.))
                0x00010020                PROVIDE (__flash_exceptions_start, LOADADDR (.exceptions))

.text           0x00010020     0x1eb8
                0x00010020                PROVIDE (stext, ABSOLUTE (.))
 *(.interp)
 *(.hash)
 *(.dynsym)
 *(.dynstr)
 *(.gnu.version)
 *(.gnu.version_d)
 *(.gnu.version_r)
 *(.rel.init)
 *(.rela.init)
 *(.rel.text .rel.text.* .rel.gnu.linkonce.t.*)
 *(.rela.text .rela.text.* .rela.gnu.linkonce.t.*)
 *(.rel.fini)
 *(.rela.fini)
 *(.rel.rodata .rel.rodata.* .rel.gnu.linkonce.r.*)
 *(.rela.rodata .rela.rodata.* .rela.gnu.linkonce.r.*)
 *(.rel.data .rel.data.* .rel.gnu.linkonce.d.*)
 *(.rela.data .rela.data.* .rela.gnu.linkonce.d.*)
 *(.rel.tdata .rel.tdata.* .rel.gnu.linkonce.td.*)
 *(.rela.tdata .rela.tdata.* .rela.gnu.linkonce.td.*)
 *(.rel.tbss .rel.tbss.* .rel.gnu.linkonce.tb.*)
 *(.rela.tbss .rela.tbss.* .rela.gnu.linkonce.tb.*)
 *(.rel.ctors)
 *(.rela.ctors)
 *(.rel.dtors)
 *(.rela.dtors)
 *(.rel.got)
 *(.rela.got)
 *(.rel.sdata .rel.sdata.* .rel.gnu.linkonce.s.*)
 *(.rela.sdata .rela.sdata.* .rela.gnu.linkonce.s.*)
 *(.rel.sbss .rel.sbss.* .rel.gnu.linkonce.sb.*)
 *(.rela.sbss .rela.sbss.* .rela.gnu.linkonce.sb.*)
 *(.rel.sdata2 .rel.sdata2.* .rel.gnu.linkonce.s2.*)
 *(.rela.sdata2 .rela.sdata2.* .rela.gnu.linkonce.s2.*)
 *(.rel.sbss2 .rel.sbss2.* .rel.gnu.linkonce.sb2.*)
 *(.rela.sbss2 .rela.sbss2.* .rela.gnu.linkonce.sb2.*)
 *(.rel.bss .rel.bss.* .rel.gnu.linkonce.b.*)
 *(.rela.bss .rela.bss.* .rela.gnu.linkonce.b.*)
 *(.rel.plt)
 *(.rela.plt)
 *(.rel.dyn)
 *(.init)
 *(.plt)
 *(.text .stub .text.* .gnu.linkonce.t.*)
 .text          0x00010020       0x3c ../multiplicacao_bsp//obj/HAL/src/crt0.o
                0x00010020                _start
 .text          0x0001005c       0xc0 obj/default/hello_world.o
                0x0001005c                main
 .text          0x0001011c       0x98 c:/altera/13.0sp1/nios2eds/bin/gnu/h-i686-mingw32/bin/../lib/gcc/nios2-elf/4.1.2/../../../../nios2-elf/lib/mno-hw-mul\libsmallc.a(lib_a-printf.o)
                0x0001011c                printf
                0x00010170                _printf_r
 .text          0x000101b4       0xa4 c:/altera/13.0sp1/nios2eds/bin/gnu/h-i686-mingw32/bin/../lib/gcc/nios2-elf/4.1.2/../../../../nios2-elf/lib/mno-hw-mul\libsmallc.a(lib_a-puts.o)
                0x000101b4                _puts_r
                0x00010244                puts
 .text          0x00010258       0x20 c:/altera/13.0sp1/nios2eds/bin/gnu/h-i686-mingw32/bin/../lib/gcc/nios2-elf/4.1.2/../../../../nios2-elf/lib/mno-hw-mul\libsmallc.a(lib_a-strlen.o)
                0x00010258                strlen
 .text          0x00010278      0x740 c:/altera/13.0sp1/nios2eds/bin/gnu/h-i686-mingw32/bin/../lib/gcc/nios2-elf/4.1.2/../../../../nios2-elf/lib/mno-hw-mul\libsmallc.a(lib_a-vfprintf.o)
                0x000102f8                ___vfprintf_internal_r
                0x00010994                __vfprintf_internal
 .text          0x000109b8       0xbc c:/altera/13.0sp1/nios2eds/bin/gnu/h-i686-mingw32/bin/../lib/gcc/nios2-elf/4.1.2/../../../../nios2-elf/lib/mno-hw-mul\libsmallc.a(lib_a-fvwrite_small_dev.o)
                0x000109b8                __sfvwrite_small_dev
 .text          0x00010a74        0x0 c:/altera/13.0sp1/nios2eds/bin/gnu/h-i686-mingw32/bin/../lib/gcc/nios2-elf/4.1.2/../../../../nios2-elf/lib/mno-hw-mul\libsmallc.a(lib_a-impure.o)
 .text          0x00010a74       0x78 c:/altera/13.0sp1/nios2eds/bin/gnu/h-i686-mingw32/bin/../lib/gcc/nios2-elf/4.1.2/../../../../nios2-elf/lib/mno-hw-mul\libsmallc.a(lib_a-writer.o)
                0x00010a74                _write_r
 .text          0x00010aec        0x0 c:/altera/13.0sp1/nios2eds/bin/gnu/h-i686-mingw32/bin/../lib/gcc/nios2-elf/4.1.2/../../../../nios2-elf/lib/mno-hw-mul\libsmallc.a(lib_a-int_errno.o)
 .text          0x00010aec      0x14c c:/altera/13.0sp1/nios2eds/bin/gnu/h-i686-mingw32/bin/../lib/gcc/nios2-elf/4.1.2/mno-hw-mul\libgcc.a(lib2-divmod.o)
                0x00010b68                __divsi3
                0x00010bc8                __modsi3
                0x00010c28                __udivsi3
                0x00010c30                __umodsi3
 .text          0x00010c38       0x38 c:/altera/13.0sp1/nios2eds/bin/gnu/h-i686-mingw32/bin/../lib/gcc/nios2-elf/4.1.2/mno-hw-mul\libgcc.a(lib2-mul.o)
                0x00010c38                __mulsi3
 .text          0x00010c70       0xec ../multiplicacao_bsp/\libhal_bsp.a(alt_load.o)
                0x00010c70                alt_load
 .text          0x00010d5c       0x5c ../multiplicacao_bsp/\libhal_bsp.a(alt_main.o)
                0x00010d5c                alt_main
 .text          0x00010db8      0x184 ../multiplicacao_bsp/\libhal_bsp.a(alt_write.o)
                0x00010db8                write
 .text          0x00010f3c       0x9c ../multiplicacao_bsp/\libhal_bsp.a(alt_sys_init.o)
                0x00010f3c                alt_irq_init
                0x00010f70                alt_sys_init
 .text          0x00010fd8       0xb0 ../multiplicacao_bsp/\libhal_bsp.a(altera_avalon_jtag_uart_fd.o)
                0x00010fd8                altera_avalon_jtag_uart_read_fd
                0x00011030                altera_avalon_jtag_uart_write_fd
 .text          0x00011088      0x104 ../multiplicacao_bsp/\libhal_bsp.a(altera_avalon_jtag_uart_read.o)
                0x00011088                altera_avalon_jtag_uart_read
 .text          0x0001118c       0xa4 ../multiplicacao_bsp/\libhal_bsp.a(altera_avalon_jtag_uart_write.o)
                0x0001118c                altera_avalon_jtag_uart_write
 .text          0x00011230      0x160 ../multiplicacao_bsp/\libhal_bsp.a(alt_close.o)
                0x00011230                close
 .text          0x00011390       0x1c ../multiplicacao_bsp/\libhal_bsp.a(alt_dcache_flush_all.o)
                0x00011390                alt_dcache_flush_all
 .text          0x000113ac       0x2c ../multiplicacao_bsp/\libhal_bsp.a(alt_dev.o)
 .text          0x000113d8      0x114 ../multiplicacao_bsp/\libhal_bsp.a(alt_dev_llist_insert.o)
                0x000113d8                alt_dev_llist_insert
 .text          0x000114ec        0x0 ../multiplicacao_bsp/\libhal_bsp.a(alt_errno.o)
 .text          0x000114ec       0x1c ../multiplicacao_bsp/\libhal_bsp.a(alt_icache_flush_all.o)
                0x000114ec                alt_icache_flush_all
 .text          0x00011508      0x150 ../multiplicacao_bsp/\libhal_bsp.a(alt_io_redirect.o)
                0x000115e0                alt_io_redirect
 .text          0x00011658      0x2e4 ../multiplicacao_bsp/\libhal_bsp.a(alt_open.o)
                0x00011750                open
 .text          0x0001193c       0x78 ../multiplicacao_bsp/\libhal_bsp.a(alt_release_fd.o)
                0x0001193c                alt_release_fd
 .text          0x000119b4       0x20 ../multiplicacao_bsp/\libhal_bsp.a(altera_nios2_qsys_irq.o)
                0x000119b4                altera_nios2_qsys_irq_init
 .text          0x000119d4       0x94 ../multiplicacao_bsp/\libhal_bsp.a(alt_find_dev.o)
                0x000119d4                alt_find_dev
 .text          0x00011a68      0x120 ../multiplicacao_bsp/\libhal_bsp.a(alt_find_file.o)
                0x00011a68                alt_find_file
 .text          0x00011b88       0xd0 ../multiplicacao_bsp/\libhal_bsp.a(alt_get_fd.o)
                0x00011b88                alt_get_fd
 .text          0x00011c58       0x20 c:/altera/13.0sp1/nios2eds/bin/gnu/h-i686-mingw32/bin/../lib/gcc/nios2-elf/4.1.2/../../../../nios2-elf/lib/mno-hw-mul\libsmallc.a(lib_a-exit.o)
                0x00011c58                exit
 .text          0x00011c78       0x3c c:/altera/13.0sp1/nios2eds/bin/gnu/h-i686-mingw32/bin/../lib/gcc/nios2-elf/4.1.2/../../../../nios2-elf/lib/mno-hw-mul\libsmallc.a(lib_a-memcmp.o)
                0x00011c78                memcmp
 .text          0x00011cb4      0x1c0 c:/altera/13.0sp1/nios2eds/bin/gnu/h-i686-mingw32/bin/../lib/gcc/nios2-elf/4.1.2/../../../../nios2-elf/lib/mno-hw-mul\libsmallc.a(lib_a-__call_atexit.o)
                0x00011cb8                __call_exitprocs
 .text          0x00011e74       0x60 ../multiplicacao_bsp/\libhal_bsp.a(alt_exit.o)
                0x00011eb4                _exit
 *(.gnu.warning.*)
 *(.fini)
                0x00011ed4                PROVIDE (__etext, ABSOLUTE (.))
                0x00011ed4                PROVIDE (_etext, ABSOLUTE (.))
                0x00011ed4                PROVIDE (etext, ABSOLUTE (.))
 *(.eh_frame_hdr)
                0x00011ed4                . = ALIGN (0x4)
                0x00011ed4                PROVIDE (__preinit_array_start, ABSOLUTE (.))
 *(.preinit_array)
                0x00011ed4                PROVIDE (__preinit_array_end, ABSOLUTE (.))
                0x00011ed4                PROVIDE (__init_array_start, ABSOLUTE (.))
 *(.init_array)
                0x00011ed4                PROVIDE (__init_array_end, ABSOLUTE (.))
                0x00011ed4                PROVIDE (__fini_array_start, ABSOLUTE (.))
 *(.fini_array)
                0x00011ed4                PROVIDE (__fini_array_end, ABSOLUTE (.))
 *(.eh_frame)
 *(.gcc_except_table)
 *(.dynamic)
                0x00011ed4                PROVIDE (__CTOR_LIST__, ABSOLUTE (.))
 *(.ctors)
 *(SORT(.ctors.*))
 .ctors.65535   0x00011ed4        0x4 c:/altera/13.0sp1/nios2eds/bin/gnu/h-i686-mingw32/bin/../lib/gcc/nios2-elf/4.1.2/../../../../nios2-elf/lib/mno-hw-mul\libsmallc.a(lib_a-__call_atexit.o)
                0x00011ed8                PROVIDE (__CTOR_END__, ABSOLUTE (.))
                0x00011ed8                PROVIDE (__DTOR_LIST__, ABSOLUTE (.))
 *(.dtors)
 *(SORT(.dtors.*))
                0x00011ed8                PROVIDE (__DTOR_END__, ABSOLUTE (.))
 *(.jcr)
                0x00011ed8                . = ALIGN (0x4)

.rodata         0x00011ed8       0x68
                0x00011ed8                PROVIDE (__ram_rodata_start, ABSOLUTE (.))
                0x00011ed8                . = ALIGN (0x4)
 *(.rodata .rodata.* .gnu.linkonce.r.*)
 .rodata        0x00011ed8       0x40 obj/default/hello_world.o
 .rodata.str1.4
                0x00011f18        0x4 c:/altera/13.0sp1/nios2eds/bin/gnu/h-i686-mingw32/bin/../lib/gcc/nios2-elf/4.1.2/../../../../nios2-elf/lib/mno-hw-mul\libsmallc.a(lib_a-puts.o)
 .rodata        0x00011f1c        0xc ../multiplicacao_bsp/\libhal_bsp.a(alt_main.o)
 .rodata        0x00011f28        0xc ../multiplicacao_bsp/\libhal_bsp.a(alt_sys_init.o)
 .rodata        0x00011f34        0xc ../multiplicacao_bsp/\libhal_bsp.a(alt_dev.o)
 *(.rodata1)
                0x00011f40                . = ALIGN (0x4)
                0x00011f40                PROVIDE (__ram_rodata_end, ABSOLUTE (.))
                0x00011ed8                PROVIDE (__flash_rodata_start, LOADADDR (.rodata))

.rwdata         0x00011f40      0x2d4 load address 0x00012214
                0x00011f40                PROVIDE (__ram_rwdata_start, ABSOLUTE (.))
                0x00011f40                . = ALIGN (0x4)
 *(.got.plt)
 *(.got)
 *(.data1)
 *(.data .data.* .gnu.linkonce.d.*)
 .data          0x00011f40        0x0 ../multiplicacao_bsp//obj/HAL/src/crt0.o
 .data          0x00011f40        0x0 obj/default/hello_world.o
 .data          0x00011f40        0x0 c:/altera/13.0sp1/nios2eds/bin/gnu/h-i686-mingw32/bin/../lib/gcc/nios2-elf/4.1.2/../../../../nios2-elf/lib/mno-hw-mul\libsmallc.a(lib_a-printf.o)
 .data          0x00011f40        0x0 c:/altera/13.0sp1/nios2eds/bin/gnu/h-i686-mingw32/bin/../lib/gcc/nios2-elf/4.1.2/../../../../nios2-elf/lib/mno-hw-mul\libsmallc.a(lib_a-puts.o)
 .data          0x00011f40        0x0 c:/altera/13.0sp1/nios2eds/bin/gnu/h-i686-mingw32/bin/../lib/gcc/nios2-elf/4.1.2/../../../../nios2-elf/lib/mno-hw-mul\libsmallc.a(lib_a-strlen.o)
 .data          0x00011f40        0x0 c:/altera/13.0sp1/nios2eds/bin/gnu/h-i686-mingw32/bin/../lib/gcc/nios2-elf/4.1.2/../../../../nios2-elf/lib/mno-hw-mul\libsmallc.a(lib_a-vfprintf.o)
 .data          0x00011f40        0x0 c:/altera/13.0sp1/nios2eds/bin/gnu/h-i686-mingw32/bin/../lib/gcc/nios2-elf/4.1.2/../../../../nios2-elf/lib/mno-hw-mul\libsmallc.a(lib_a-fvwrite_small_dev.o)
 .data          0x00011f40       0xe0 c:/altera/13.0sp1/nios2eds/bin/gnu/h-i686-mingw32/bin/../lib/gcc/nios2-elf/4.1.2/../../../../nios2-elf/lib/mno-hw-mul\libsmallc.a(lib_a-impure.o)
 .data          0x00012020        0x0 c:/altera/13.0sp1/nios2eds/bin/gnu/h-i686-mingw32/bin/../lib/gcc/nios2-elf/4.1.2/../../../../nios2-elf/lib/mno-hw-mul\libsmallc.a(lib_a-writer.o)
 .data          0x00012020        0x0 c:/altera/13.0sp1/nios2eds/bin/gnu/h-i686-mingw32/bin/../lib/gcc/nios2-elf/4.1.2/../../../../nios2-elf/lib/mno-hw-mul\libsmallc.a(lib_a-int_errno.o)
 .data          0x00012020        0x0 c:/altera/13.0sp1/nios2eds/bin/gnu/h-i686-mingw32/bin/../lib/gcc/nios2-elf/4.1.2/mno-hw-mul\libgcc.a(lib2-divmod.o)
 .data          0x00012020        0x0 c:/altera/13.0sp1/nios2eds/bin/gnu/h-i686-mingw32/bin/../lib/gcc/nios2-elf/4.1.2/mno-hw-mul\libgcc.a(lib2-mul.o)
 .data          0x00012020        0x0 ../multiplicacao_bsp/\libhal_bsp.a(alt_load.o)
 .data          0x00012020        0x0 ../multiplicacao_bsp/\libhal_bsp.a(alt_main.o)
 .data          0x00012020        0x0 ../multiplicacao_bsp/\libhal_bsp.a(alt_write.o)
 .data          0x00012020       0x2c ../multiplicacao_bsp/\libhal_bsp.a(alt_sys_init.o)
 .data          0x0001204c        0x0 ../multiplicacao_bsp/\libhal_bsp.a(altera_avalon_jtag_uart_fd.o)
 .data          0x0001204c        0x0 ../multiplicacao_bsp/\libhal_bsp.a(altera_avalon_jtag_uart_read.o)
 .data          0x0001204c        0x0 ../multiplicacao_bsp/\libhal_bsp.a(altera_avalon_jtag_uart_write.o)
 .data          0x0001204c        0x0 ../multiplicacao_bsp/\libhal_bsp.a(alt_close.o)
 .data          0x0001204c        0x0 ../multiplicacao_bsp/\libhal_bsp.a(alt_dcache_flush_all.o)
 .data          0x0001204c      0x1a8 ../multiplicacao_bsp/\libhal_bsp.a(alt_dev.o)
                0x0001204c                alt_dev_null
                0x00012074                alt_fd_list
 .data          0x000121f4        0x0 ../multiplicacao_bsp/\libhal_bsp.a(alt_dev_llist_insert.o)
 .data          0x000121f4        0x0 ../multiplicacao_bsp/\libhal_bsp.a(alt_errno.o)
 .data          0x000121f4        0x0 ../multiplicacao_bsp/\libhal_bsp.a(alt_icache_flush_all.o)
 .data          0x000121f4        0x0 ../multiplicacao_bsp/\libhal_bsp.a(alt_io_redirect.o)
 .data          0x000121f4        0x0 ../multiplicacao_bsp/\libhal_bsp.a(alt_open.o)
 .data          0x000121f4        0x0 ../multiplicacao_bsp/\libhal_bsp.a(alt_release_fd.o)
 .data          0x000121f4        0x0 ../multiplicacao_bsp/\libhal_bsp.a(altera_nios2_qsys_irq.o)
 .data          0x000121f4        0x0 ../multiplicacao_bsp/\libhal_bsp.a(alt_find_dev.o)
 .data          0x000121f4        0x0 ../multiplicacao_bsp/\libhal_bsp.a(alt_find_file.o)
 .data          0x000121f4        0x0 ../multiplicacao_bsp/\libhal_bsp.a(alt_get_fd.o)
 .data          0x000121f4        0x0 c:/altera/13.0sp1/nios2eds/bin/gnu/h-i686-mingw32/bin/../lib/gcc/nios2-elf/4.1.2/../../../../nios2-elf/lib/mno-hw-mul\libsmallc.a(lib_a-exit.o)
 .data          0x000121f4        0x0 c:/altera/13.0sp1/nios2eds/bin/gnu/h-i686-mingw32/bin/../lib/gcc/nios2-elf/4.1.2/../../../../nios2-elf/lib/mno-hw-mul\libsmallc.a(lib_a-memcmp.o)
 .data          0x000121f4        0x0 c:/altera/13.0sp1/nios2eds/bin/gnu/h-i686-mingw32/bin/../lib/gcc/nios2-elf/4.1.2/../../../../nios2-elf/lib/mno-hw-mul\libsmallc.a(lib_a-__call_atexit.o)
 .data          0x000121f4        0x0 ../multiplicacao_bsp/\libhal_bsp.a(alt_exit.o)
                0x0001a1f4                _gp = ABSOLUTE ((. + 0x8000))
                0x0001a1f4                PROVIDE (gp, _gp)
 *(.rwdata .rwdata.*)
 *(.sdata .sdata.* .gnu.linkonce.s.*)
 .sdata         0x000121f4        0x8 c:/altera/13.0sp1/nios2eds/bin/gnu/h-i686-mingw32/bin/../lib/gcc/nios2-elf/4.1.2/../../../../nios2-elf/lib/mno-hw-mul\libsmallc.a(lib_a-impure.o)
                0x000121f4                _impure_ptr
                0x000121f8                _global_impure_ptr
 .sdata         0x000121fc       0x14 ../multiplicacao_bsp/\libhal_bsp.a(alt_dev.o)
                0x000121fc                alt_fs_list
                0x00012204                alt_dev_list
                0x0001220c                alt_max_fd
 .sdata         0x00012210        0x4 ../multiplicacao_bsp/\libhal_bsp.a(alt_errno.o)
                0x00012210                alt_errno
 *(.sdata2 .sdata2.* .gnu.linkonce.s2.*)
                0x00012214                . = ALIGN (0x4)
                0x00012214                _edata = ABSOLUTE (.)
                0x00012214                PROVIDE (edata, ABSOLUTE (.))
                0x00012214                PROVIDE (__ram_rwdata_end, ABSOLUTE (.))
                0x00012214                PROVIDE (__flash_rwdata_start, LOADADDR (.rwdata))

.bss            0x000124e8       0x10
                0x000124e8                __bss_start = ABSOLUTE (.)
                0x000124e8                PROVIDE (__sbss_start, ABSOLUTE (.))
                0x000124e8                PROVIDE (___sbss_start, ABSOLUTE (.))
 *(.dynsbss)
 *(.sbss .sbss.* .gnu.linkonce.sb.*)
 .sbss          0x000124e8        0x4 c:/altera/13.0sp1/nios2eds/bin/gnu/h-i686-mingw32/bin/../lib/gcc/nios2-elf/4.1.2/../../../../nios2-elf/lib/mno-hw-mul\libsmallc.a(lib_a-int_errno.o)
                0x000124e8                errno
 .sbss          0x000124ec        0xc ../multiplicacao_bsp/\libhal_bsp.a(alt_main.o)
                0x000124ec                alt_argc
                0x000124f0                alt_argv
                0x000124f4                alt_envp
 *(.sbss2 .sbss2.* .gnu.linkonce.sb2.*)
 *(.scommon)
                0x000124f8                PROVIDE (__sbss_end, ABSOLUTE (.))
                0x000124f8                PROVIDE (___sbss_end, ABSOLUTE (.))
 *(.dynbss)
 *(.bss .bss.* .gnu.linkonce.b.*)
 .bss           0x000124f8        0x0 ../multiplicacao_bsp//obj/HAL/src/crt0.o
 .bss           0x000124f8        0x0 obj/default/hello_world.o
 .bss           0x000124f8        0x0 c:/altera/13.0sp1/nios2eds/bin/gnu/h-i686-mingw32/bin/../lib/gcc/nios2-elf/4.1.2/../../../../nios2-elf/lib/mno-hw-mul\libsmallc.a(lib_a-printf.o)
 .bss           0x000124f8        0x0 c:/altera/13.0sp1/nios2eds/bin/gnu/h-i686-mingw32/bin/../lib/gcc/nios2-elf/4.1.2/../../../../nios2-elf/lib/mno-hw-mul\libsmallc.a(lib_a-puts.o)
 .bss           0x000124f8        0x0 c:/altera/13.0sp1/nios2eds/bin/gnu/h-i686-mingw32/bin/../lib/gcc/nios2-elf/4.1.2/../../../../nios2-elf/lib/mno-hw-mul\libsmallc.a(lib_a-strlen.o)
 .bss           0x000124f8        0x0 c:/altera/13.0sp1/nios2eds/bin/gnu/h-i686-mingw32/bin/../lib/gcc/nios2-elf/4.1.2/../../../../nios2-elf/lib/mno-hw-mul\libsmallc.a(lib_a-vfprintf.o)
 .bss           0x000124f8        0x0 c:/altera/13.0sp1/nios2eds/bin/gnu/h-i686-mingw32/bin/../lib/gcc/nios2-elf/4.1.2/../../../../nios2-elf/lib/mno-hw-mul\libsmallc.a(lib_a-fvwrite_small_dev.o)
 .bss           0x000124f8        0x0 c:/altera/13.0sp1/nios2eds/bin/gnu/h-i686-mingw32/bin/../lib/gcc/nios2-elf/4.1.2/../../../../nios2-elf/lib/mno-hw-mul\libsmallc.a(lib_a-impure.o)
 .bss           0x000124f8        0x0 c:/altera/13.0sp1/nios2eds/bin/gnu/h-i686-mingw32/bin/../lib/gcc/nios2-elf/4.1.2/../../../../nios2-elf/lib/mno-hw-mul\libsmallc.a(lib_a-writer.o)
 .bss           0x000124f8        0x0 c:/altera/13.0sp1/nios2eds/bin/gnu/h-i686-mingw32/bin/../lib/gcc/nios2-elf/4.1.2/../../../../nios2-elf/lib/mno-hw-mul\libsmallc.a(lib_a-int_errno.o)
 .bss           0x000124f8        0x0 c:/altera/13.0sp1/nios2eds/bin/gnu/h-i686-mingw32/bin/../lib/gcc/nios2-elf/4.1.2/mno-hw-mul\libgcc.a(lib2-divmod.o)
 .bss           0x000124f8        0x0 c:/altera/13.0sp1/nios2eds/bin/gnu/h-i686-mingw32/bin/../lib/gcc/nios2-elf/4.1.2/mno-hw-mul\libgcc.a(lib2-mul.o)
 .bss           0x000124f8        0x0 ../multiplicacao_bsp/\libhal_bsp.a(alt_load.o)
 .bss           0x000124f8        0x0 ../multiplicacao_bsp/\libhal_bsp.a(alt_main.o)
 .bss           0x000124f8        0x0 ../multiplicacao_bsp/\libhal_bsp.a(alt_write.o)
 .bss           0x000124f8        0x0 ../multiplicacao_bsp/\libhal_bsp.a(alt_sys_init.o)
 .bss           0x000124f8        0x0 ../multiplicacao_bsp/\libhal_bsp.a(altera_avalon_jtag_uart_fd.o)
 .bss           0x000124f8        0x0 ../multiplicacao_bsp/\libhal_bsp.a(altera_avalon_jtag_uart_read.o)
 .bss           0x000124f8        0x0 ../multiplicacao_bsp/\libhal_bsp.a(altera_avalon_jtag_uart_write.o)
 .bss           0x000124f8        0x0 ../multiplicacao_bsp/\libhal_bsp.a(alt_close.o)
 .bss           0x000124f8        0x0 ../multiplicacao_bsp/\libhal_bsp.a(alt_dcache_flush_all.o)
 .bss           0x000124f8        0x0 ../multiplicacao_bsp/\libhal_bsp.a(alt_dev.o)
 .bss           0x000124f8        0x0 ../multiplicacao_bsp/\libhal_bsp.a(alt_dev_llist_insert.o)
 .bss           0x000124f8        0x0 ../multiplicacao_bsp/\libhal_bsp.a(alt_errno.o)
 .bss           0x000124f8        0x0 ../multiplicacao_bsp/\libhal_bsp.a(alt_icache_flush_all.o)
 .bss           0x000124f8        0x0 ../multiplicacao_bsp/\libhal_bsp.a(alt_io_redirect.o)
 .bss           0x000124f8        0x0 ../multiplicacao_bsp/\libhal_bsp.a(alt_open.o)
 .bss           0x000124f8        0x0 ../multiplicacao_bsp/\libhal_bsp.a(alt_release_fd.o)
 .bss           0x000124f8        0x0 ../multiplicacao_bsp/\libhal_bsp.a(altera_nios2_qsys_irq.o)
 .bss           0x000124f8        0x0 ../multiplicacao_bsp/\libhal_bsp.a(alt_find_dev.o)
 .bss           0x000124f8        0x0 ../multiplicacao_bsp/\libhal_bsp.a(alt_find_file.o)
 .bss           0x000124f8        0x0 ../multiplicacao_bsp/\libhal_bsp.a(alt_get_fd.o)
 .bss           0x000124f8        0x0 c:/altera/13.0sp1/nios2eds/bin/gnu/h-i686-mingw32/bin/../lib/gcc/nios2-elf/4.1.2/../../../../nios2-elf/lib/mno-hw-mul\libsmallc.a(lib_a-exit.o)
 .bss           0x000124f8        0x0 c:/altera/13.0sp1/nios2eds/bin/gnu/h-i686-mingw32/bin/../lib/gcc/nios2-elf/4.1.2/../../../../nios2-elf/lib/mno-hw-mul\libsmallc.a(lib_a-memcmp.o)
 .bss           0x000124f8        0x0 c:/altera/13.0sp1/nios2eds/bin/gnu/h-i686-mingw32/bin/../lib/gcc/nios2-elf/4.1.2/../../../../nios2-elf/lib/mno-hw-mul\libsmallc.a(lib_a-__call_atexit.o)
 .bss           0x000124f8        0x0 ../multiplicacao_bsp/\libhal_bsp.a(alt_exit.o)
 *(COMMON)
                0x000124f8                . = ALIGN (0x4)
                0x000124f8                __bss_end = ABSOLUTE (.)

.ram            0x000124f8        0x0
                0x000124f8                PROVIDE (_alt_partition_ram_start, ABSOLUTE (.))
 *(.ram. ram.*)
                0x000124f8                . = ALIGN (0x4)
                0x000124f8                PROVIDE (_alt_partition_ram_end, ABSOLUTE (.))
                0x000124f8                _end = ABSOLUTE (.)
                0x000124f8                end = ABSOLUTE (.)
                0x000124f8                __alt_stack_base = ABSOLUTE (.)
                0x000124f8                PROVIDE (_alt_partition_ram_load_addr, LOADADDR (.ram))

.stab
 *(.stab)

.stabstr
 *(.stabstr)

.stab.excl
 *(.stab.excl)

.stab.exclstr
 *(.stab.exclstr)

.stab.index
 *(.stab.index)

.stab.indexstr
 *(.stab.indexstr)

.comment        0x00000000       0x26
 *(.comment)
 .comment       0x00000000       0x26 obj/default/hello_world.o
                                 0x27 (size before relaxing)
 .comment       0x00000000       0x27 c:/altera/13.0sp1/nios2eds/bin/gnu/h-i686-mingw32/bin/../lib/gcc/nios2-elf/4.1.2/../../../../nios2-elf/lib/mno-hw-mul\libsmallc.a(lib_a-printf.o)
 .comment       0x00000000       0x27 c:/altera/13.0sp1/nios2eds/bin/gnu/h-i686-mingw32/bin/../lib/gcc/nios2-elf/4.1.2/../../../../nios2-elf/lib/mno-hw-mul\libsmallc.a(lib_a-puts.o)
 .comment       0x00000000       0x27 c:/altera/13.0sp1/nios2eds/bin/gnu/h-i686-mingw32/bin/../lib/gcc/nios2-elf/4.1.2/../../../../nios2-elf/lib/mno-hw-mul\libsmallc.a(lib_a-strlen.o)
 .comment       0x00000000       0x27 c:/altera/13.0sp1/nios2eds/bin/gnu/h-i686-mingw32/bin/../lib/gcc/nios2-elf/4.1.2/../../../../nios2-elf/lib/mno-hw-mul\libsmallc.a(lib_a-vfprintf.o)
 .comment       0x00000000       0x27 c:/altera/13.0sp1/nios2eds/bin/gnu/h-i686-mingw32/bin/../lib/gcc/nios2-elf/4.1.2/../../../../nios2-elf/lib/mno-hw-mul\libsmallc.a(lib_a-fvwrite_small_dev.o)
 .comment       0x00000000       0x27 c:/altera/13.0sp1/nios2eds/bin/gnu/h-i686-mingw32/bin/../lib/gcc/nios2-elf/4.1.2/../../../../nios2-elf/lib/mno-hw-mul\libsmallc.a(lib_a-impure.o)
 .comment       0x00000000       0x27 c:/altera/13.0sp1/nios2eds/bin/gnu/h-i686-mingw32/bin/../lib/gcc/nios2-elf/4.1.2/../../../../nios2-elf/lib/mno-hw-mul\libsmallc.a(lib_a-writer.o)
 .comment       0x00000000       0x27 c:/altera/13.0sp1/nios2eds/bin/gnu/h-i686-mingw32/bin/../lib/gcc/nios2-elf/4.1.2/../../../../nios2-elf/lib/mno-hw-mul\libsmallc.a(lib_a-int_errno.o)
 .comment       0x00000000       0x27 c:/altera/13.0sp1/nios2eds/bin/gnu/h-i686-mingw32/bin/../lib/gcc/nios2-elf/4.1.2/mno-hw-mul\libgcc.a(lib2-divmod.o)
 .comment       0x00000000       0x27 c:/altera/13.0sp1/nios2eds/bin/gnu/h-i686-mingw32/bin/../lib/gcc/nios2-elf/4.1.2/mno-hw-mul\libgcc.a(lib2-mul.o)
 .comment       0x00000000       0x27 ../multiplicacao_bsp/\libhal_bsp.a(alt_load.o)
 .comment       0x00000000       0x27 ../multiplicacao_bsp/\libhal_bsp.a(alt_main.o)
 .comment       0x00000000       0x27 ../multiplicacao_bsp/\libhal_bsp.a(alt_write.o)
 .comment       0x00000000       0x27 ../multiplicacao_bsp/\libhal_bsp.a(alt_sys_init.o)
 .comment       0x00000000       0x27 ../multiplicacao_bsp/\libhal_bsp.a(altera_avalon_jtag_uart_fd.o)
 .comment       0x00000000       0x27 ../multiplicacao_bsp/\libhal_bsp.a(altera_avalon_jtag_uart_read.o)
 .comment       0x00000000       0x27 ../multiplicacao_bsp/\libhal_bsp.a(altera_avalon_jtag_uart_write.o)
 .comment       0x00000000       0x27 ../multiplicacao_bsp/\libhal_bsp.a(alt_close.o)
 .comment       0x00000000       0x27 ../multiplicacao_bsp/\libhal_bsp.a(alt_dcache_flush_all.o)
 .comment       0x00000000       0x27 ../multiplicacao_bsp/\libhal_bsp.a(alt_dev.o)
 .comment       0x00000000       0x27 ../multiplicacao_bsp/\libhal_bsp.a(alt_dev_llist_insert.o)
 .comment       0x00000000       0x27 ../multiplicacao_bsp/\libhal_bsp.a(alt_errno.o)
 .comment       0x00000000       0x27 ../multiplicacao_bsp/\libhal_bsp.a(alt_icache_flush_all.o)
 .comment       0x00000000       0x27 ../multiplicacao_bsp/\libhal_bsp.a(alt_io_redirect.o)
 .comment       0x00000000       0x27 ../multiplicacao_bsp/\libhal_bsp.a(alt_open.o)
 .comment       0x00000000       0x27 ../multiplicacao_bsp/\libhal_bsp.a(alt_release_fd.o)
 .comment       0x00000000       0x27 ../multiplicacao_bsp/\libhal_bsp.a(altera_nios2_qsys_irq.o)
 .comment       0x00000000       0x27 ../multiplicacao_bsp/\libhal_bsp.a(alt_find_dev.o)
 .comment       0x00000000       0x27 ../multiplicacao_bsp/\libhal_bsp.a(alt_find_file.o)
 .comment       0x00000000       0x27 ../multiplicacao_bsp/\libhal_bsp.a(alt_get_fd.o)
 .comment       0x00000000       0x27 c:/altera/13.0sp1/nios2eds/bin/gnu/h-i686-mingw32/bin/../lib/gcc/nios2-elf/4.1.2/../../../../nios2-elf/lib/mno-hw-mul\libsmallc.a(lib_a-exit.o)
 .comment       0x00000000       0x27 c:/altera/13.0sp1/nios2eds/bin/gnu/h-i686-mingw32/bin/../lib/gcc/nios2-elf/4.1.2/../../../../nios2-elf/lib/mno-hw-mul\libsmallc.a(lib_a-memcmp.o)
 .comment       0x00000000       0x27 c:/altera/13.0sp1/nios2eds/bin/gnu/h-i686-mingw32/bin/../lib/gcc/nios2-elf/4.1.2/../../../../nios2-elf/lib/mno-hw-mul\libsmallc.a(lib_a-__call_atexit.o)
 .comment       0x00000000       0x27 ../multiplicacao_bsp/\libhal_bsp.a(alt_exit.o)

.debug
 *(.debug)

.line
 *(.line)

.debug_srcinfo
 *(.debug_srcinfo)

.debug_sfnames
 *(.debug_sfnames)

.debug_aranges  0x00000000      0x428
 *(.debug_aranges)
 .debug_aranges
                0x00000000       0x28 ../multiplicacao_bsp//obj/HAL/src/crt0.o
 .debug_aranges
                0x00000028       0x20 obj/default/hello_world.o
 .debug_aranges
                0x00000048       0x20 c:/altera/13.0sp1/nios2eds/bin/gnu/h-i686-mingw32/bin/../lib/gcc/nios2-elf/4.1.2/../../../../nios2-elf/lib/mno-hw-mul\libsmallc.a(lib_a-printf.o)
 .debug_aranges
                0x00000068       0x20 c:/altera/13.0sp1/nios2eds/bin/gnu/h-i686-mingw32/bin/../lib/gcc/nios2-elf/4.1.2/../../../../nios2-elf/lib/mno-hw-mul\libsmallc.a(lib_a-puts.o)
 .debug_aranges
                0x00000088       0x20 c:/altera/13.0sp1/nios2eds/bin/gnu/h-i686-mingw32/bin/../lib/gcc/nios2-elf/4.1.2/../../../../nios2-elf/lib/mno-hw-mul\libsmallc.a(lib_a-strlen.o)
 .debug_aranges
                0x000000a8       0x20 c:/altera/13.0sp1/nios2eds/bin/gnu/h-i686-mingw32/bin/../lib/gcc/nios2-elf/4.1.2/../../../../nios2-elf/lib/mno-hw-mul\libsmallc.a(lib_a-vfprintf.o)
 .debug_aranges
                0x000000c8       0x20 c:/altera/13.0sp1/nios2eds/bin/gnu/h-i686-mingw32/bin/../lib/gcc/nios2-elf/4.1.2/../../../../nios2-elf/lib/mno-hw-mul\libsmallc.a(lib_a-fvwrite_small_dev.o)
 .debug_aranges
                0x000000e8       0x20 c:/altera/13.0sp1/nios2eds/bin/gnu/h-i686-mingw32/bin/../lib/gcc/nios2-elf/4.1.2/../../../../nios2-elf/lib/mno-hw-mul\libsmallc.a(lib_a-writer.o)
 .debug_aranges
                0x00000108       0x20 c:/altera/13.0sp1/nios2eds/bin/gnu/h-i686-mingw32/bin/../lib/gcc/nios2-elf/4.1.2/mno-hw-mul\libgcc.a(lib2-divmod.o)
 .debug_aranges
                0x00000128       0x20 c:/altera/13.0sp1/nios2eds/bin/gnu/h-i686-mingw32/bin/../lib/gcc/nios2-elf/4.1.2/mno-hw-mul\libgcc.a(lib2-mul.o)
 .debug_aranges
                0x00000148       0x20 ../multiplicacao_bsp/\libhal_bsp.a(alt_load.o)
 .debug_aranges
                0x00000168       0x20 ../multiplicacao_bsp/\libhal_bsp.a(alt_main.o)
 .debug_aranges
                0x00000188       0x20 ../multiplicacao_bsp/\libhal_bsp.a(alt_write.o)
 .debug_aranges
                0x000001a8       0x20 ../multiplicacao_bsp/\libhal_bsp.a(alt_sys_init.o)
 .debug_aranges
                0x000001c8       0x20 ../multiplicacao_bsp/\libhal_bsp.a(altera_avalon_jtag_uart_fd.o)
 .debug_aranges
                0x000001e8       0x20 ../multiplicacao_bsp/\libhal_bsp.a(altera_avalon_jtag_uart_read.o)
 .debug_aranges
                0x00000208       0x20 ../multiplicacao_bsp/\libhal_bsp.a(altera_avalon_jtag_uart_write.o)
 .debug_aranges
                0x00000228       0x20 ../multiplicacao_bsp/\libhal_bsp.a(alt_close.o)
 .debug_aranges
                0x00000248       0x20 ../multiplicacao_bsp/\libhal_bsp.a(alt_dcache_flush_all.o)
 .debug_aranges
                0x00000268       0x20 ../multiplicacao_bsp/\libhal_bsp.a(alt_dev.o)
 .debug_aranges
                0x00000288       0x20 ../multiplicacao_bsp/\libhal_bsp.a(alt_dev_llist_insert.o)
 .debug_aranges
                0x000002a8       0x20 ../multiplicacao_bsp/\libhal_bsp.a(alt_icache_flush_all.o)
 .debug_aranges
                0x000002c8       0x20 ../multiplicacao_bsp/\libhal_bsp.a(alt_io_redirect.o)
 .debug_aranges
                0x000002e8       0x20 ../multiplicacao_bsp/\libhal_bsp.a(alt_open.o)
 .debug_aranges
                0x00000308       0x20 ../multiplicacao_bsp/\libhal_bsp.a(alt_release_fd.o)
 .debug_aranges
                0x00000328       0x20 ../multiplicacao_bsp/\libhal_bsp.a(altera_nios2_qsys_irq.o)
 .debug_aranges
                0x00000348       0x20 ../multiplicacao_bsp/\libhal_bsp.a(alt_find_dev.o)
 .debug_aranges
                0x00000368       0x20 ../multiplicacao_bsp/\libhal_bsp.a(alt_find_file.o)
 .debug_aranges
                0x00000388       0x20 ../multiplicacao_bsp/\libhal_bsp.a(alt_get_fd.o)
 .debug_aranges
                0x000003a8       0x20 c:/altera/13.0sp1/nios2eds/bin/gnu/h-i686-mingw32/bin/../lib/gcc/nios2-elf/4.1.2/../../../../nios2-elf/lib/mno-hw-mul\libsmallc.a(lib_a-exit.o)
 .debug_aranges
                0x000003c8       0x20 c:/altera/13.0sp1/nios2eds/bin/gnu/h-i686-mingw32/bin/../lib/gcc/nios2-elf/4.1.2/../../../../nios2-elf/lib/mno-hw-mul\libsmallc.a(lib_a-memcmp.o)
 .debug_aranges
                0x000003e8       0x20 c:/altera/13.0sp1/nios2eds/bin/gnu/h-i686-mingw32/bin/../lib/gcc/nios2-elf/4.1.2/../../../../nios2-elf/lib/mno-hw-mul\libsmallc.a(lib_a-__call_atexit.o)
 .debug_aranges
                0x00000408       0x20 ../multiplicacao_bsp/\libhal_bsp.a(alt_exit.o)

.debug_pubnames
                0x00000000      0x5e6
 *(.debug_pubnames)
 .debug_pubnames
                0x00000000       0x1b obj/default/hello_world.o
 .debug_pubnames
                0x0000001b       0x2b c:/altera/13.0sp1/nios2eds/bin/gnu/h-i686-mingw32/bin/../lib/gcc/nios2-elf/4.1.2/../../../../nios2-elf/lib/mno-hw-mul\libsmallc.a(lib_a-printf.o)
 .debug_pubnames
                0x00000046       0x27 c:/altera/13.0sp1/nios2eds/bin/gnu/h-i686-mingw32/bin/../lib/gcc/nios2-elf/4.1.2/../../../../nios2-elf/lib/mno-hw-mul\libsmallc.a(lib_a-puts.o)
 .debug_pubnames
                0x0000006d       0x1d c:/altera/13.0sp1/nios2eds/bin/gnu/h-i686-mingw32/bin/../lib/gcc/nios2-elf/4.1.2/../../../../nios2-elf/lib/mno-hw-mul\libsmallc.a(lib_a-strlen.o)
 .debug_pubnames
                0x0000008a       0x45 c:/altera/13.0sp1/nios2eds/bin/gnu/h-i686-mingw32/bin/../lib/gcc/nios2-elf/4.1.2/../../../../nios2-elf/lib/mno-hw-mul\libsmallc.a(lib_a-vfprintf.o)
 .debug_pubnames
                0x000000cf       0x2b c:/altera/13.0sp1/nios2eds/bin/gnu/h-i686-mingw32/bin/../lib/gcc/nios2-elf/4.1.2/../../../../nios2-elf/lib/mno-hw-mul\libsmallc.a(lib_a-fvwrite_small_dev.o)
 .debug_pubnames
                0x000000fa       0x39 c:/altera/13.0sp1/nios2eds/bin/gnu/h-i686-mingw32/bin/../lib/gcc/nios2-elf/4.1.2/../../../../nios2-elf/lib/mno-hw-mul\libsmallc.a(lib_a-impure.o)
 .debug_pubnames
                0x00000133       0x1f c:/altera/13.0sp1/nios2eds/bin/gnu/h-i686-mingw32/bin/../lib/gcc/nios2-elf/4.1.2/../../../../nios2-elf/lib/mno-hw-mul\libsmallc.a(lib_a-writer.o)
 .debug_pubnames
                0x00000152       0x1c c:/altera/13.0sp1/nios2eds/bin/gnu/h-i686-mingw32/bin/../lib/gcc/nios2-elf/4.1.2/../../../../nios2-elf/lib/mno-hw-mul\libsmallc.a(lib_a-int_errno.o)
 .debug_pubnames
                0x0000016e       0x48 c:/altera/13.0sp1/nios2eds/bin/gnu/h-i686-mingw32/bin/../lib/gcc/nios2-elf/4.1.2/mno-hw-mul\libgcc.a(lib2-divmod.o)
 .debug_pubnames
                0x000001b6       0x1f c:/altera/13.0sp1/nios2eds/bin/gnu/h-i686-mingw32/bin/../lib/gcc/nios2-elf/4.1.2/mno-hw-mul\libgcc.a(lib2-mul.o)
 .debug_pubnames
                0x000001d5       0x1f ../multiplicacao_bsp/\libhal_bsp.a(alt_load.o)
 .debug_pubnames
                0x000001f4       0x46 ../multiplicacao_bsp/\libhal_bsp.a(alt_main.o)
 .debug_pubnames
                0x0000023a       0x1c ../multiplicacao_bsp/\libhal_bsp.a(alt_write.o)
 .debug_pubnames
                0x00000256       0x34 ../multiplicacao_bsp/\libhal_bsp.a(alt_sys_init.o)
 .debug_pubnames
                0x0000028a       0x5b ../multiplicacao_bsp/\libhal_bsp.a(altera_avalon_jtag_uart_fd.o)
 .debug_pubnames
                0x000002e5       0x33 ../multiplicacao_bsp/\libhal_bsp.a(altera_avalon_jtag_uart_read.o)
 .debug_pubnames
                0x00000318       0x34 ../multiplicacao_bsp/\libhal_bsp.a(altera_avalon_jtag_uart_write.o)
 .debug_pubnames
                0x0000034c       0x1c ../multiplicacao_bsp/\libhal_bsp.a(alt_close.o)
 .debug_pubnames
                0x00000368       0x2b ../multiplicacao_bsp/\libhal_bsp.a(alt_dcache_flush_all.o)
 .debug_pubnames
                0x00000393       0x63 ../multiplicacao_bsp/\libhal_bsp.a(alt_dev.o)
 .debug_pubnames
                0x000003f6       0x2b ../multiplicacao_bsp/\libhal_bsp.a(alt_dev_llist_insert.o)
 .debug_pubnames
                0x00000421       0x20 ../multiplicacao_bsp/\libhal_bsp.a(alt_errno.o)
 .debug_pubnames
                0x00000441       0x2b ../multiplicacao_bsp/\libhal_bsp.a(alt_icache_flush_all.o)
 .debug_pubnames
                0x0000046c       0x26 ../multiplicacao_bsp/\libhal_bsp.a(alt_io_redirect.o)
 .debug_pubnames
                0x00000492       0x1b ../multiplicacao_bsp/\libhal_bsp.a(alt_open.o)
 .debug_pubnames
                0x000004ad       0x25 ../multiplicacao_bsp/\libhal_bsp.a(alt_release_fd.o)
 .debug_pubnames
                0x000004d2       0x31 ../multiplicacao_bsp/\libhal_bsp.a(altera_nios2_qsys_irq.o)
 .debug_pubnames
                0x00000503       0x23 ../multiplicacao_bsp/\libhal_bsp.a(alt_find_dev.o)
 .debug_pubnames
                0x00000526       0x24 ../multiplicacao_bsp/\libhal_bsp.a(alt_find_file.o)
 .debug_pubnames
                0x0000054a       0x21 ../multiplicacao_bsp/\libhal_bsp.a(alt_get_fd.o)
 .debug_pubnames
                0x0000056b       0x1b c:/altera/13.0sp1/nios2eds/bin/gnu/h-i686-mingw32/bin/../lib/gcc/nios2-elf/4.1.2/../../../../nios2-elf/lib/mno-hw-mul\libsmallc.a(lib_a-exit.o)
 .debug_pubnames
                0x00000586       0x1d c:/altera/13.0sp1/nios2eds/bin/gnu/h-i686-mingw32/bin/../lib/gcc/nios2-elf/4.1.2/../../../../nios2-elf/lib/mno-hw-mul\libsmallc.a(lib_a-memcmp.o)
 .debug_pubnames
                0x000005a3       0x27 c:/altera/13.0sp1/nios2eds/bin/gnu/h-i686-mingw32/bin/../lib/gcc/nios2-elf/4.1.2/../../../../nios2-elf/lib/mno-hw-mul\libsmallc.a(lib_a-__call_atexit.o)
 .debug_pubnames
                0x000005ca       0x1c ../multiplicacao_bsp/\libhal_bsp.a(alt_exit.o)

.debug_info     0x00000000     0x880d
 *(.debug_info .gnu.linkonce.wi.*)
 .debug_info    0x00000000       0x91 ../multiplicacao_bsp//obj/HAL/src/crt0.o
 .debug_info    0x00000091      0x150 obj/default/hello_world.o
 .debug_info    0x000001e1      0x6c8 c:/altera/13.0sp1/nios2eds/bin/gnu/h-i686-mingw32/bin/../lib/gcc/nios2-elf/4.1.2/../../../../nios2-elf/lib/mno-hw-mul\libsmallc.a(lib_a-printf.o)
 .debug_info    0x000008a9      0x685 c:/altera/13.0sp1/nios2eds/bin/gnu/h-i686-mingw32/bin/../lib/gcc/nios2-elf/4.1.2/../../../../nios2-elf/lib/mno-hw-mul\libsmallc.a(lib_a-puts.o)
 .debug_info    0x00000f2e       0xc2 c:/altera/13.0sp1/nios2eds/bin/gnu/h-i686-mingw32/bin/../lib/gcc/nios2-elf/4.1.2/../../../../nios2-elf/lib/mno-hw-mul\libsmallc.a(lib_a-strlen.o)
 .debug_info    0x00000ff0      0x9b6 c:/altera/13.0sp1/nios2eds/bin/gnu/h-i686-mingw32/bin/../lib/gcc/nios2-elf/4.1.2/../../../../nios2-elf/lib/mno-hw-mul\libsmallc.a(lib_a-vfprintf.o)
 .debug_info    0x000019a6      0x68e c:/altera/13.0sp1/nios2eds/bin/gnu/h-i686-mingw32/bin/../lib/gcc/nios2-elf/4.1.2/../../../../nios2-elf/lib/mno-hw-mul\libsmallc.a(lib_a-fvwrite_small_dev.o)
 .debug_info    0x00002034      0x636 c:/altera/13.0sp1/nios2eds/bin/gnu/h-i686-mingw32/bin/../lib/gcc/nios2-elf/4.1.2/../../../../nios2-elf/lib/mno-hw-mul\libsmallc.a(lib_a-impure.o)
 .debug_info    0x0000266a      0x68c c:/altera/13.0sp1/nios2eds/bin/gnu/h-i686-mingw32/bin/../lib/gcc/nios2-elf/4.1.2/../../../../nios2-elf/lib/mno-hw-mul\libsmallc.a(lib_a-writer.o)
 .debug_info    0x00002cf6       0x8c c:/altera/13.0sp1/nios2eds/bin/gnu/h-i686-mingw32/bin/../lib/gcc/nios2-elf/4.1.2/../../../../nios2-elf/lib/mno-hw-mul\libsmallc.a(lib_a-int_errno.o)
 .debug_info    0x00002d82      0x21c c:/altera/13.0sp1/nios2eds/bin/gnu/h-i686-mingw32/bin/../lib/gcc/nios2-elf/4.1.2/mno-hw-mul\libgcc.a(lib2-divmod.o)
 .debug_info    0x00002f9e       0xf3 c:/altera/13.0sp1/nios2eds/bin/gnu/h-i686-mingw32/bin/../lib/gcc/nios2-elf/4.1.2/mno-hw-mul\libgcc.a(lib2-mul.o)
 .debug_info    0x00003091      0x2a3 ../multiplicacao_bsp/\libhal_bsp.a(alt_load.o)
 .debug_info    0x00003334      0x23b ../multiplicacao_bsp/\libhal_bsp.a(alt_main.o)
 .debug_info    0x0000356f      0x6a9 ../multiplicacao_bsp/\libhal_bsp.a(alt_write.o)
 .debug_info    0x00003c18      0x588 ../multiplicacao_bsp/\libhal_bsp.a(alt_sys_init.o)
 .debug_info    0x000041a0      0x5cf ../multiplicacao_bsp/\libhal_bsp.a(altera_avalon_jtag_uart_fd.o)
 .debug_info    0x0000476f      0x31f ../multiplicacao_bsp/\libhal_bsp.a(altera_avalon_jtag_uart_read.o)
 .debug_info    0x00004a8e      0x2fc ../multiplicacao_bsp/\libhal_bsp.a(altera_avalon_jtag_uart_write.o)
 .debug_info    0x00004d8a      0x47d ../multiplicacao_bsp/\libhal_bsp.a(alt_close.o)
 .debug_info    0x00005207      0x172 ../multiplicacao_bsp/\libhal_bsp.a(alt_dcache_flush_all.o)
 .debug_info    0x00005379      0x695 ../multiplicacao_bsp/\libhal_bsp.a(alt_dev.o)
 .debug_info    0x00005a0e      0x2cd ../multiplicacao_bsp/\libhal_bsp.a(alt_dev_llist_insert.o)
 .debug_info    0x00005cdb      0x17a ../multiplicacao_bsp/\libhal_bsp.a(alt_errno.o)
 .debug_info    0x00005e55      0x172 ../multiplicacao_bsp/\libhal_bsp.a(alt_icache_flush_all.o)
 .debug_info    0x00005fc7      0x6ab ../multiplicacao_bsp/\libhal_bsp.a(alt_io_redirect.o)
 .debug_info    0x00006672      0x53b ../multiplicacao_bsp/\libhal_bsp.a(alt_open.o)
 .debug_info    0x00006bad      0x408 ../multiplicacao_bsp/\libhal_bsp.a(alt_release_fd.o)
 .debug_info    0x00006fb5      0x179 ../multiplicacao_bsp/\libhal_bsp.a(altera_nios2_qsys_irq.o)
 .debug_info    0x0000712e      0x42e ../multiplicacao_bsp/\libhal_bsp.a(alt_find_dev.o)
 .debug_info    0x0000755c      0x435 ../multiplicacao_bsp/\libhal_bsp.a(alt_find_file.o)
 .debug_info    0x00007991      0x476 ../multiplicacao_bsp/\libhal_bsp.a(alt_get_fd.o)
 .debug_info    0x00007e07       0x9f c:/altera/13.0sp1/nios2eds/bin/gnu/h-i686-mingw32/bin/../lib/gcc/nios2-elf/4.1.2/../../../../nios2-elf/lib/mno-hw-mul\libsmallc.a(lib_a-exit.o)
 .debug_info    0x00007ea6       0xef c:/altera/13.0sp1/nios2eds/bin/gnu/h-i686-mingw32/bin/../lib/gcc/nios2-elf/4.1.2/../../../../nios2-elf/lib/mno-hw-mul\libsmallc.a(lib_a-memcmp.o)
 .debug_info    0x00007f95      0x6d5 c:/altera/13.0sp1/nios2eds/bin/gnu/h-i686-mingw32/bin/../lib/gcc/nios2-elf/4.1.2/../../../../nios2-elf/lib/mno-hw-mul\libsmallc.a(lib_a-__call_atexit.o)
 .debug_info    0x0000866a      0x1a3 ../multiplicacao_bsp/\libhal_bsp.a(alt_exit.o)

.debug_abbrev   0x00000000     0x1da7
 *(.debug_abbrev)
 .debug_abbrev  0x00000000       0x12 ../multiplicacao_bsp//obj/HAL/src/crt0.o
 .debug_abbrev  0x00000012       0x3f obj/default/hello_world.o
 .debug_abbrev  0x00000051      0x179 c:/altera/13.0sp1/nios2eds/bin/gnu/h-i686-mingw32/bin/../lib/gcc/nios2-elf/4.1.2/../../../../nios2-elf/lib/mno-hw-mul\libsmallc.a(lib_a-printf.o)
 .debug_abbrev  0x000001ca      0x180 c:/altera/13.0sp1/nios2eds/bin/gnu/h-i686-mingw32/bin/../lib/gcc/nios2-elf/4.1.2/../../../../nios2-elf/lib/mno-hw-mul\libsmallc.a(lib_a-puts.o)
 .debug_abbrev  0x0000034a       0x7a c:/altera/13.0sp1/nios2eds/bin/gnu/h-i686-mingw32/bin/../lib/gcc/nios2-elf/4.1.2/../../../../nios2-elf/lib/mno-hw-mul\libsmallc.a(lib_a-strlen.o)
 .debug_abbrev  0x000003c4      0x263 c:/altera/13.0sp1/nios2eds/bin/gnu/h-i686-mingw32/bin/../lib/gcc/nios2-elf/4.1.2/../../../../nios2-elf/lib/mno-hw-mul\libsmallc.a(lib_a-vfprintf.o)
 .debug_abbrev  0x00000627      0x179 c:/altera/13.0sp1/nios2eds/bin/gnu/h-i686-mingw32/bin/../lib/gcc/nios2-elf/4.1.2/../../../../nios2-elf/lib/mno-hw-mul\libsmallc.a(lib_a-fvwrite_small_dev.o)
 .debug_abbrev  0x000007a0      0x13f c:/altera/13.0sp1/nios2eds/bin/gnu/h-i686-mingw32/bin/../lib/gcc/nios2-elf/4.1.2/../../../../nios2-elf/lib/mno-hw-mul\libsmallc.a(lib_a-impure.o)
 .debug_abbrev  0x000008df      0x16c c:/altera/13.0sp1/nios2eds/bin/gnu/h-i686-mingw32/bin/../lib/gcc/nios2-elf/4.1.2/../../../../nios2-elf/lib/mno-hw-mul\libsmallc.a(lib_a-writer.o)
 .debug_abbrev  0x00000a4b       0x3b c:/altera/13.0sp1/nios2eds/bin/gnu/h-i686-mingw32/bin/../lib/gcc/nios2-elf/4.1.2/../../../../nios2-elf/lib/mno-hw-mul\libsmallc.a(lib_a-int_errno.o)
 .debug_abbrev  0x00000a86       0xe0 c:/altera/13.0sp1/nios2eds/bin/gnu/h-i686-mingw32/bin/../lib/gcc/nios2-elf/4.1.2/mno-hw-mul\libgcc.a(lib2-divmod.o)
 .debug_abbrev  0x00000b66       0x7b c:/altera/13.0sp1/nios2eds/bin/gnu/h-i686-mingw32/bin/../lib/gcc/nios2-elf/4.1.2/mno-hw-mul\libgcc.a(lib2-mul.o)
 .debug_abbrev  0x00000be1       0x88 ../multiplicacao_bsp/\libhal_bsp.a(alt_load.o)
 .debug_abbrev  0x00000c69       0xb7 ../multiplicacao_bsp/\libhal_bsp.a(alt_main.o)
 .debug_abbrev  0x00000d20      0x100 ../multiplicacao_bsp/\libhal_bsp.a(alt_write.o)
 .debug_abbrev  0x00000e20      0x121 ../multiplicacao_bsp/\libhal_bsp.a(alt_sys_init.o)
 .debug_abbrev  0x00000f41       0xcb ../multiplicacao_bsp/\libhal_bsp.a(altera_avalon_jtag_uart_fd.o)
 .debug_abbrev  0x0000100c       0xb6 ../multiplicacao_bsp/\libhal_bsp.a(altera_avalon_jtag_uart_read.o)
 .debug_abbrev  0x000010c2       0xb4 ../multiplicacao_bsp/\libhal_bsp.a(altera_avalon_jtag_uart_write.o)
 .debug_abbrev  0x00001176       0xfb ../multiplicacao_bsp/\libhal_bsp.a(alt_close.o)
 .debug_abbrev  0x00001271       0x3f ../multiplicacao_bsp/\libhal_bsp.a(alt_dcache_flush_all.o)
 .debug_abbrev  0x000012b0       0xc7 ../multiplicacao_bsp/\libhal_bsp.a(alt_dev.o)
 .debug_abbrev  0x00001377       0xf6 ../multiplicacao_bsp/\libhal_bsp.a(alt_dev_llist_insert.o)
 .debug_abbrev  0x0000146d       0x5e ../multiplicacao_bsp/\libhal_bsp.a(alt_errno.o)
 .debug_abbrev  0x000014cb       0x3f ../multiplicacao_bsp/\libhal_bsp.a(alt_icache_flush_all.o)
 .debug_abbrev  0x0000150a       0xf0 ../multiplicacao_bsp/\libhal_bsp.a(alt_io_redirect.o)
 .debug_abbrev  0x000015fa      0x112 ../multiplicacao_bsp/\libhal_bsp.a(alt_open.o)
 .debug_abbrev  0x0000170c       0xc1 ../multiplicacao_bsp/\libhal_bsp.a(alt_release_fd.o)
 .debug_abbrev  0x000017cd       0x3f ../multiplicacao_bsp/\libhal_bsp.a(altera_nios2_qsys_irq.o)
 .debug_abbrev  0x0000180c       0xcf ../multiplicacao_bsp/\libhal_bsp.a(alt_find_dev.o)
 .debug_abbrev  0x000018db       0xcf ../multiplicacao_bsp/\libhal_bsp.a(alt_find_file.o)
 .debug_abbrev  0x000019aa       0xfb ../multiplicacao_bsp/\libhal_bsp.a(alt_get_fd.o)
 .debug_abbrev  0x00001aa5       0x4e c:/altera/13.0sp1/nios2eds/bin/gnu/h-i686-mingw32/bin/../lib/gcc/nios2-elf/4.1.2/../../../../nios2-elf/lib/mno-hw-mul\libsmallc.a(lib_a-exit.o)
 .debug_abbrev  0x00001af3       0x7c c:/altera/13.0sp1/nios2eds/bin/gnu/h-i686-mingw32/bin/../lib/gcc/nios2-elf/4.1.2/../../../../nios2-elf/lib/mno-hw-mul\libsmallc.a(lib_a-memcmp.o)
 .debug_abbrev  0x00001b6f      0x1c6 c:/altera/13.0sp1/nios2eds/bin/gnu/h-i686-mingw32/bin/../lib/gcc/nios2-elf/4.1.2/../../../../nios2-elf/lib/mno-hw-mul\libsmallc.a(lib_a-__call_atexit.o)
 .debug_abbrev  0x00001d35       0x72 ../multiplicacao_bsp/\libhal_bsp.a(alt_exit.o)

.debug_line     0x00000000     0x55ed
 *(.debug_line)
 .debug_line    0x00000000       0x66 ../multiplicacao_bsp//obj/HAL/src/crt0.o
 .debug_line    0x00000066      0x202 obj/default/hello_world.o
 .debug_line    0x00000268      0x2be c:/altera/13.0sp1/nios2eds/bin/gnu/h-i686-mingw32/bin/../lib/gcc/nios2-elf/4.1.2/../../../../nios2-elf/lib/mno-hw-mul\libsmallc.a(lib_a-printf.o)
 .debug_line    0x00000526      0x2b2 c:/altera/13.0sp1/nios2eds/bin/gnu/h-i686-mingw32/bin/../lib/gcc/nios2-elf/4.1.2/../../../../nios2-elf/lib/mno-hw-mul\libsmallc.a(lib_a-puts.o)
 .debug_line    0x000007d8      0x250 c:/altera/13.0sp1/nios2eds/bin/gnu/h-i686-mingw32/bin/../lib/gcc/nios2-elf/4.1.2/../../../../nios2-elf/lib/mno-hw-mul\libsmallc.a(lib_a-strlen.o)
 .debug_line    0x00000a28      0x666 c:/altera/13.0sp1/nios2eds/bin/gnu/h-i686-mingw32/bin/../lib/gcc/nios2-elf/4.1.2/../../../../nios2-elf/lib/mno-hw-mul\libsmallc.a(lib_a-vfprintf.o)
 .debug_line    0x0000108e      0x2a9 c:/altera/13.0sp1/nios2eds/bin/gnu/h-i686-mingw32/bin/../lib/gcc/nios2-elf/4.1.2/../../../../nios2-elf/lib/mno-hw-mul\libsmallc.a(lib_a-fvwrite_small_dev.o)
 .debug_line    0x00001337      0x230 c:/altera/13.0sp1/nios2eds/bin/gnu/h-i686-mingw32/bin/../lib/gcc/nios2-elf/4.1.2/../../../../nios2-elf/lib/mno-hw-mul\libsmallc.a(lib_a-impure.o)
 .debug_line    0x00001567      0x29d c:/altera/13.0sp1/nios2eds/bin/gnu/h-i686-mingw32/bin/../lib/gcc/nios2-elf/4.1.2/../../../../nios2-elf/lib/mno-hw-mul\libsmallc.a(lib_a-writer.o)
 .debug_line    0x00001804      0x1e2 c:/altera/13.0sp1/nios2eds/bin/gnu/h-i686-mingw32/bin/../lib/gcc/nios2-elf/4.1.2/../../../../nios2-elf/lib/mno-hw-mul\libsmallc.a(lib_a-int_errno.o)
 .debug_line    0x000019e6      0x24f c:/altera/13.0sp1/nios2eds/bin/gnu/h-i686-mingw32/bin/../lib/gcc/nios2-elf/4.1.2/mno-hw-mul\libgcc.a(lib2-divmod.o)
 .debug_line    0x00001c35      0x11a c:/altera/13.0sp1/nios2eds/bin/gnu/h-i686-mingw32/bin/../lib/gcc/nios2-elf/4.1.2/mno-hw-mul\libgcc.a(lib2-mul.o)
 .debug_line    0x00001d4f      0x217 ../multiplicacao_bsp/\libhal_bsp.a(alt_load.o)
 .debug_line    0x00001f66      0x2ba ../multiplicacao_bsp/\libhal_bsp.a(alt_main.o)
 .debug_line    0x00002220      0x2c9 ../multiplicacao_bsp/\libhal_bsp.a(alt_write.o)
 .debug_line    0x000024e9      0x2a6 ../multiplicacao_bsp/\libhal_bsp.a(alt_sys_init.o)
 .debug_line    0x0000278f      0x1d7 ../multiplicacao_bsp/\libhal_bsp.a(altera_avalon_jtag_uart_fd.o)
 .debug_line    0x00002966      0x343 ../multiplicacao_bsp/\libhal_bsp.a(altera_avalon_jtag_uart_read.o)
 .debug_line    0x00002ca9      0x304 ../multiplicacao_bsp/\libhal_bsp.a(altera_avalon_jtag_uart_write.o)
 .debug_line    0x00002fad      0x299 ../multiplicacao_bsp/\libhal_bsp.a(alt_close.o)
 .debug_line    0x00003246      0x1b5 ../multiplicacao_bsp/\libhal_bsp.a(alt_dcache_flush_all.o)
 .debug_line    0x000033fb      0x254 ../multiplicacao_bsp/\libhal_bsp.a(alt_dev.o)
 .debug_line    0x0000364f      0x25a ../multiplicacao_bsp/\libhal_bsp.a(alt_dev_llist_insert.o)
 .debug_line    0x000038a9      0x1aa ../multiplicacao_bsp/\libhal_bsp.a(alt_errno.o)
 .debug_line    0x00003a53      0x1b5 ../multiplicacao_bsp/\libhal_bsp.a(alt_icache_flush_all.o)
 .debug_line    0x00003c08      0x2b4 ../multiplicacao_bsp/\libhal_bsp.a(alt_io_redirect.o)
 .debug_line    0x00003ebc      0x2ff ../multiplicacao_bsp/\libhal_bsp.a(alt_open.o)
 .debug_line    0x000041bb       0xed ../multiplicacao_bsp/\libhal_bsp.a(alt_release_fd.o)
 .debug_line    0x000042a8      0x1ce ../multiplicacao_bsp/\libhal_bsp.a(altera_nios2_qsys_irq.o)
 .debug_line    0x00004476      0x26b ../multiplicacao_bsp/\libhal_bsp.a(alt_find_dev.o)
 .debug_line    0x000046e1      0x27c ../multiplicacao_bsp/\libhal_bsp.a(alt_find_file.o)
 .debug_line    0x0000495d      0x297 ../multiplicacao_bsp/\libhal_bsp.a(alt_get_fd.o)
 .debug_line    0x00004bf4      0x223 c:/altera/13.0sp1/nios2eds/bin/gnu/h-i686-mingw32/bin/../lib/gcc/nios2-elf/4.1.2/../../../../nios2-elf/lib/mno-hw-mul\libsmallc.a(lib_a-exit.o)
 .debug_line    0x00004e17      0x270 c:/altera/13.0sp1/nios2eds/bin/gnu/h-i686-mingw32/bin/../lib/gcc/nios2-elf/4.1.2/../../../../nios2-elf/lib/mno-hw-mul\libsmallc.a(lib_a-memcmp.o)
 .debug_line    0x00005087      0x360 c:/altera/13.0sp1/nios2eds/bin/gnu/h-i686-mingw32/bin/../lib/gcc/nios2-elf/4.1.2/../../../../nios2-elf/lib/mno-hw-mul\libsmallc.a(lib_a-__call_atexit.o)
 .debug_line    0x000053e7      0x206 ../multiplicacao_bsp/\libhal_bsp.a(alt_exit.o)

.debug_frame    0x00000000      0x764
 *(.debug_frame)
 .debug_frame   0x00000000       0x2c obj/default/hello_world.o
 .debug_frame   0x0000002c       0x40 c:/altera/13.0sp1/nios2eds/bin/gnu/h-i686-mingw32/bin/../lib/gcc/nios2-elf/4.1.2/../../../../nios2-elf/lib/mno-hw-mul\libsmallc.a(lib_a-printf.o)
 .debug_frame   0x0000006c       0x3c c:/altera/13.0sp1/nios2eds/bin/gnu/h-i686-mingw32/bin/../lib/gcc/nios2-elf/4.1.2/../../../../nios2-elf/lib/mno-hw-mul\libsmallc.a(lib_a-puts.o)
 .debug_frame   0x000000a8       0x20 c:/altera/13.0sp1/nios2eds/bin/gnu/h-i686-mingw32/bin/../lib/gcc/nios2-elf/4.1.2/../../../../nios2-elf/lib/mno-hw-mul\libsmallc.a(lib_a-strlen.o)
 .debug_frame   0x000000c8       0x64 c:/altera/13.0sp1/nios2eds/bin/gnu/h-i686-mingw32/bin/../lib/gcc/nios2-elf/4.1.2/../../../../nios2-elf/lib/mno-hw-mul\libsmallc.a(lib_a-vfprintf.o)
 .debug_frame   0x0000012c       0x30 c:/altera/13.0sp1/nios2eds/bin/gnu/h-i686-mingw32/bin/../lib/gcc/nios2-elf/4.1.2/../../../../nios2-elf/lib/mno-hw-mul\libsmallc.a(lib_a-fvwrite_small_dev.o)
 .debug_frame   0x0000015c       0x2c c:/altera/13.0sp1/nios2eds/bin/gnu/h-i686-mingw32/bin/../lib/gcc/nios2-elf/4.1.2/../../../../nios2-elf/lib/mno-hw-mul\libsmallc.a(lib_a-writer.o)
 .debug_frame   0x00000188       0x70 c:/altera/13.0sp1/nios2eds/bin/gnu/h-i686-mingw32/bin/../lib/gcc/nios2-elf/4.1.2/mno-hw-mul\libgcc.a(lib2-divmod.o)
 .debug_frame   0x000001f8       0x20 c:/altera/13.0sp1/nios2eds/bin/gnu/h-i686-mingw32/bin/../lib/gcc/nios2-elf/4.1.2/mno-hw-mul\libgcc.a(lib2-mul.o)
 .debug_frame   0x00000218       0x48 ../multiplicacao_bsp/\libhal_bsp.a(alt_load.o)
 .debug_frame   0x00000260       0x2c ../multiplicacao_bsp/\libhal_bsp.a(alt_main.o)
 .debug_frame   0x0000028c       0x48 ../multiplicacao_bsp/\libhal_bsp.a(alt_write.o)
 .debug_frame   0x000002d4       0x64 ../multiplicacao_bsp/\libhal_bsp.a(alt_sys_init.o)
 .debug_frame   0x00000338       0x48 ../multiplicacao_bsp/\libhal_bsp.a(altera_avalon_jtag_uart_fd.o)
 .debug_frame   0x00000380       0x2c ../multiplicacao_bsp/\libhal_bsp.a(altera_avalon_jtag_uart_read.o)
 .debug_frame   0x000003ac       0x2c ../multiplicacao_bsp/\libhal_bsp.a(altera_avalon_jtag_uart_write.o)
 .debug_frame   0x000003d8       0x48 ../multiplicacao_bsp/\libhal_bsp.a(alt_close.o)
 .debug_frame   0x00000420       0x2c ../multiplicacao_bsp/\libhal_bsp.a(alt_dcache_flush_all.o)
 .debug_frame   0x0000044c       0x2c ../multiplicacao_bsp/\libhal_bsp.a(alt_dev.o)
 .debug_frame   0x00000478       0x48 ../multiplicacao_bsp/\libhal_bsp.a(alt_dev_llist_insert.o)
 .debug_frame   0x000004c0       0x2c ../multiplicacao_bsp/\libhal_bsp.a(alt_icache_flush_all.o)
 .debug_frame   0x000004ec       0x4c ../multiplicacao_bsp/\libhal_bsp.a(alt_io_redirect.o)
 .debug_frame   0x00000538       0x68 ../multiplicacao_bsp/\libhal_bsp.a(alt_open.o)
 .debug_frame   0x000005a0       0x30 ../multiplicacao_bsp/\libhal_bsp.a(alt_release_fd.o)
 .debug_frame   0x000005d0       0x2c ../multiplicacao_bsp/\libhal_bsp.a(altera_nios2_qsys_irq.o)
 .debug_frame   0x000005fc       0x2c ../multiplicacao_bsp/\libhal_bsp.a(alt_find_dev.o)
 .debug_frame   0x00000628       0x2c ../multiplicacao_bsp/\libhal_bsp.a(alt_find_file.o)
 .debug_frame   0x00000654       0x30 ../multiplicacao_bsp/\libhal_bsp.a(alt_get_fd.o)
 .debug_frame   0x00000684       0x2c c:/altera/13.0sp1/nios2eds/bin/gnu/h-i686-mingw32/bin/../lib/gcc/nios2-elf/4.1.2/../../../../nios2-elf/lib/mno-hw-mul\libsmallc.a(lib_a-exit.o)
 .debug_frame   0x000006b0       0x20 c:/altera/13.0sp1/nios2eds/bin/gnu/h-i686-mingw32/bin/../lib/gcc/nios2-elf/4.1.2/../../../../nios2-elf/lib/mno-hw-mul\libsmallc.a(lib_a-memcmp.o)
 .debug_frame   0x000006d0       0x4c c:/altera/13.0sp1/nios2eds/bin/gnu/h-i686-mingw32/bin/../lib/gcc/nios2-elf/4.1.2/../../../../nios2-elf/lib/mno-hw-mul\libsmallc.a(lib_a-__call_atexit.o)
 .debug_frame   0x0000071c       0x48 ../multiplicacao_bsp/\libhal_bsp.a(alt_exit.o)

.debug_str      0x00000000      0xce4
 *(.debug_str)
 .debug_str     0x00000000       0x12 obj/default/hello_world.o
 .debug_str     0x00000012      0x406 c:/altera/13.0sp1/nios2eds/bin/gnu/h-i686-mingw32/bin/../lib/gcc/nios2-elf/4.1.2/../../../../nios2-elf/lib/mno-hw-mul\libsmallc.a(lib_a-printf.o)
                                0x466 (size before relaxing)
 .debug_str     0x00000418       0x48 c:/altera/13.0sp1/nios2eds/bin/gnu/h-i686-mingw32/bin/../lib/gcc/nios2-elf/4.1.2/../../../../nios2-elf/lib/mno-hw-mul\libsmallc.a(lib_a-puts.o)
                                0x450 (size before relaxing)
 .debug_str     0x00000460       0xe2 c:/altera/13.0sp1/nios2eds/bin/gnu/h-i686-mingw32/bin/../lib/gcc/nios2-elf/4.1.2/../../../../nios2-elf/lib/mno-hw-mul\libsmallc.a(lib_a-strlen.o)
                                0x184 (size before relaxing)
 .debug_str     0x00000542      0x168 c:/altera/13.0sp1/nios2eds/bin/gnu/h-i686-mingw32/bin/../lib/gcc/nios2-elf/4.1.2/../../../../nios2-elf/lib/mno-hw-mul\libsmallc.a(lib_a-vfprintf.o)
                                0x5af (size before relaxing)
 .debug_str     0x000006aa       0x70 c:/altera/13.0sp1/nios2eds/bin/gnu/h-i686-mingw32/bin/../lib/gcc/nios2-elf/4.1.2/../../../../nios2-elf/lib/mno-hw-mul\libsmallc.a(lib_a-fvwrite_small_dev.o)
                                0x46a (size before relaxing)
 .debug_str     0x0000071a       0xf8 c:/altera/13.0sp1/nios2eds/bin/gnu/h-i686-mingw32/bin/../lib/gcc/nios2-elf/4.1.2/../../../../nios2-elf/lib/mno-hw-mul\libsmallc.a(lib_a-impure.o)
                                0x45d (size before relaxing)
 .debug_str     0x00000812       0x4f c:/altera/13.0sp1/nios2eds/bin/gnu/h-i686-mingw32/bin/../lib/gcc/nios2-elf/4.1.2/../../../../nios2-elf/lib/mno-hw-mul\libsmallc.a(lib_a-writer.o)
                                0x451 (size before relaxing)
 .debug_str     0x00000861       0x40 c:/altera/13.0sp1/nios2eds/bin/gnu/h-i686-mingw32/bin/../lib/gcc/nios2-elf/4.1.2/../../../../nios2-elf/lib/mno-hw-mul\libsmallc.a(lib_a-int_errno.o)
                                0x177 (size before relaxing)
 .debug_str     0x000008a1      0x10b c:/altera/13.0sp1/nios2eds/bin/gnu/h-i686-mingw32/bin/../lib/gcc/nios2-elf/4.1.2/mno-hw-mul\libgcc.a(lib2-divmod.o)
                                0x1b4 (size before relaxing)
 .debug_str     0x000009ac       0x37 c:/altera/13.0sp1/nios2eds/bin/gnu/h-i686-mingw32/bin/../lib/gcc/nios2-elf/4.1.2/mno-hw-mul\libgcc.a(lib2-mul.o)
                                0x175 (size before relaxing)
 .debug_str     0x000009e3       0x12 ../multiplicacao_bsp/\libhal_bsp.a(alt_load.o)
 .debug_str     0x000009f5       0x12 ../multiplicacao_bsp/\libhal_bsp.a(alt_main.o)
 .debug_str     0x00000a07       0x12 ../multiplicacao_bsp/\libhal_bsp.a(alt_write.o)
 .debug_str     0x00000a19       0x12 ../multiplicacao_bsp/\libhal_bsp.a(alt_sys_init.o)
 .debug_str     0x00000a2b       0x12 ../multiplicacao_bsp/\libhal_bsp.a(altera_avalon_jtag_uart_read.o)
 .debug_str     0x00000a3d       0x12 ../multiplicacao_bsp/\libhal_bsp.a(altera_avalon_jtag_uart_write.o)
 .debug_str     0x00000a4f       0x12 ../multiplicacao_bsp/\libhal_bsp.a(alt_close.o)
 .debug_str     0x00000a61       0x12 ../multiplicacao_bsp/\libhal_bsp.a(alt_dcache_flush_all.o)
 .debug_str     0x00000a73       0x12 ../multiplicacao_bsp/\libhal_bsp.a(alt_dev.o)
 .debug_str     0x00000a85       0x12 ../multiplicacao_bsp/\libhal_bsp.a(alt_dev_llist_insert.o)
 .debug_str     0x00000a97       0x12 ../multiplicacao_bsp/\libhal_bsp.a(alt_errno.o)
 .debug_str     0x00000aa9       0x12 ../multiplicacao_bsp/\libhal_bsp.a(alt_icache_flush_all.o)
 .debug_str     0x00000abb       0x12 ../multiplicacao_bsp/\libhal_bsp.a(alt_io_redirect.o)
 .debug_str     0x00000acd       0x12 ../multiplicacao_bsp/\libhal_bsp.a(alt_open.o)
 .debug_str     0x00000adf       0x12 ../multiplicacao_bsp/\libhal_bsp.a(altera_nios2_qsys_irq.o)
 .debug_str     0x00000af1       0x12 ../multiplicacao_bsp/\libhal_bsp.a(alt_find_dev.o)
 .debug_str     0x00000b03       0x12 ../multiplicacao_bsp/\libhal_bsp.a(alt_find_file.o)
 .debug_str     0x00000b15       0x12 ../multiplicacao_bsp/\libhal_bsp.a(alt_get_fd.o)
 .debug_str     0x00000b27       0xde c:/altera/13.0sp1/nios2eds/bin/gnu/h-i686-mingw32/bin/../lib/gcc/nios2-elf/4.1.2/../../../../nios2-elf/lib/mno-hw-mul\libsmallc.a(lib_a-exit.o)
                                0x178 (size before relaxing)
 .debug_str     0x00000c05       0x45 c:/altera/13.0sp1/nios2eds/bin/gnu/h-i686-mingw32/bin/../lib/gcc/nios2-elf/4.1.2/../../../../nios2-elf/lib/mno-hw-mul\libsmallc.a(lib_a-memcmp.o)
                                0x17e (size before relaxing)
 .debug_str     0x00000c4a       0x7e c:/altera/13.0sp1/nios2eds/bin/gnu/h-i686-mingw32/bin/../lib/gcc/nios2-elf/4.1.2/../../../../nios2-elf/lib/mno-hw-mul\libsmallc.a(lib_a-__call_atexit.o)
                                0x491 (size before relaxing)
 .debug_str     0x00000cc8       0x1c ../multiplicacao_bsp/\libhal_bsp.a(alt_exit.o)

.debug_loc      0x00000000     0x15ad
 *(.debug_loc)
 .debug_loc     0x00000000       0x2b obj/default/hello_world.o
 .debug_loc     0x0000002b       0x8d c:/altera/13.0sp1/nios2eds/bin/gnu/h-i686-mingw32/bin/../lib/gcc/nios2-elf/4.1.2/../../../../nios2-elf/lib/mno-hw-mul\libsmallc.a(lib_a-printf.o)
 .debug_loc     0x000000b8       0xa2 c:/altera/13.0sp1/nios2eds/bin/gnu/h-i686-mingw32/bin/../lib/gcc/nios2-elf/4.1.2/../../../../nios2-elf/lib/mno-hw-mul\libsmallc.a(lib_a-puts.o)
 .debug_loc     0x0000015a       0x1e c:/altera/13.0sp1/nios2eds/bin/gnu/h-i686-mingw32/bin/../lib/gcc/nios2-elf/4.1.2/../../../../nios2-elf/lib/mno-hw-mul\libsmallc.a(lib_a-strlen.o)
 .debug_loc     0x00000178      0x878 c:/altera/13.0sp1/nios2eds/bin/gnu/h-i686-mingw32/bin/../lib/gcc/nios2-elf/4.1.2/../../../../nios2-elf/lib/mno-hw-mul\libsmallc.a(lib_a-vfprintf.o)
 .debug_loc     0x000009f0      0x162 c:/altera/13.0sp1/nios2eds/bin/gnu/h-i686-mingw32/bin/../lib/gcc/nios2-elf/4.1.2/../../../../nios2-elf/lib/mno-hw-mul\libsmallc.a(lib_a-fvwrite_small_dev.o)
 .debug_loc     0x00000b52       0x97 c:/altera/13.0sp1/nios2eds/bin/gnu/h-i686-mingw32/bin/../lib/gcc/nios2-elf/4.1.2/../../../../nios2-elf/lib/mno-hw-mul\libsmallc.a(lib_a-writer.o)
 .debug_loc     0x00000be9      0x1d2 c:/altera/13.0sp1/nios2eds/bin/gnu/h-i686-mingw32/bin/../lib/gcc/nios2-elf/4.1.2/mno-hw-mul\libgcc.a(lib2-divmod.o)
 .debug_loc     0x00000dbb       0x4f c:/altera/13.0sp1/nios2eds/bin/gnu/h-i686-mingw32/bin/../lib/gcc/nios2-elf/4.1.2/mno-hw-mul\libgcc.a(lib2-mul.o)
 .debug_loc     0x00000e0a       0x56 ../multiplicacao_bsp/\libhal_bsp.a(alt_load.o)
 .debug_loc     0x00000e60       0x2b ../multiplicacao_bsp/\libhal_bsp.a(alt_main.o)
 .debug_loc     0x00000e8b       0x56 ../multiplicacao_bsp/\libhal_bsp.a(alt_write.o)
 .debug_loc     0x00000ee1       0x81 ../multiplicacao_bsp/\libhal_bsp.a(alt_sys_init.o)
 .debug_loc     0x00000f62       0x56 ../multiplicacao_bsp/\libhal_bsp.a(altera_avalon_jtag_uart_fd.o)
 .debug_loc     0x00000fb8       0x2b ../multiplicacao_bsp/\libhal_bsp.a(altera_avalon_jtag_uart_read.o)
 .debug_loc     0x00000fe3       0x2b ../multiplicacao_bsp/\libhal_bsp.a(altera_avalon_jtag_uart_write.o)
 .debug_loc     0x0000100e       0x56 ../multiplicacao_bsp/\libhal_bsp.a(alt_close.o)
 .debug_loc     0x00001064       0x2b ../multiplicacao_bsp/\libhal_bsp.a(alt_dcache_flush_all.o)
 .debug_loc     0x0000108f       0x2b ../multiplicacao_bsp/\libhal_bsp.a(alt_dev.o)
 .debug_loc     0x000010ba       0x56 ../multiplicacao_bsp/\libhal_bsp.a(alt_dev_llist_insert.o)
 .debug_loc     0x00001110       0x2b ../multiplicacao_bsp/\libhal_bsp.a(alt_icache_flush_all.o)
 .debug_loc     0x0000113b       0x56 ../multiplicacao_bsp/\libhal_bsp.a(alt_io_redirect.o)
 .debug_loc     0x00001191       0x81 ../multiplicacao_bsp/\libhal_bsp.a(alt_open.o)
 .debug_loc     0x00001212       0x2b ../multiplicacao_bsp/\libhal_bsp.a(alt_release_fd.o)
 .debug_loc     0x0000123d       0x2b ../multiplicacao_bsp/\libhal_bsp.a(altera_nios2_qsys_irq.o)
 .debug_loc     0x00001268       0x2b ../multiplicacao_bsp/\libhal_bsp.a(alt_find_dev.o)
 .debug_loc     0x00001293       0x2b ../multiplicacao_bsp/\libhal_bsp.a(alt_find_file.o)
 .debug_loc     0x000012be       0x2b ../multiplicacao_bsp/\libhal_bsp.a(alt_get_fd.o)
 .debug_loc     0x000012e9       0x3d c:/altera/13.0sp1/nios2eds/bin/gnu/h-i686-mingw32/bin/../lib/gcc/nios2-elf/4.1.2/../../../../nios2-elf/lib/mno-hw-mul\libsmallc.a(lib_a-exit.o)
 .debug_loc     0x00001326       0x70 c:/altera/13.0sp1/nios2eds/bin/gnu/h-i686-mingw32/bin/../lib/gcc/nios2-elf/4.1.2/../../../../nios2-elf/lib/mno-hw-mul\libsmallc.a(lib_a-memcmp.o)
 .debug_loc     0x00001396      0x1c1 c:/altera/13.0sp1/nios2eds/bin/gnu/h-i686-mingw32/bin/../lib/gcc/nios2-elf/4.1.2/../../../../nios2-elf/lib/mno-hw-mul\libsmallc.a(lib_a-__call_atexit.o)
 .debug_loc     0x00001557       0x56 ../multiplicacao_bsp/\libhal_bsp.a(alt_exit.o)

.debug_macinfo
 *(.debug_macinfo)

.debug_weaknames
 *(.debug_weaknames)

.debug_funcnames
 *(.debug_funcnames)

.debug_typenames
 *(.debug_typenames)

.debug_varnames
 *(.debug_varnames)

.debug_alt_sim_info
                0x00000000       0x10
 *(.debug_alt_sim_info)
 .debug_alt_sim_info
                0x00000000       0x10 ../multiplicacao_bsp//obj/HAL/src/crt0.o
                0x0001a000                __alt_data_end = 0x1a000
                0x0001a000                PROVIDE (__alt_stack_pointer, __alt_data_end)
                0x000124f8                PROVIDE (__alt_stack_limit, __alt_stack_base)
                0x000124f8                PROVIDE (__alt_heap_start, end)
                0x0001a000                PROVIDE (__alt_heap_limit, 0x1a000)
OUTPUT(multiplicacao.elf elf32-littlenios2)

.debug_ranges   0x00000000      0x178
 .debug_ranges  0x00000000       0x20 ../multiplicacao_bsp//obj/HAL/src/crt0.o
 .debug_ranges  0x00000020      0x140 c:/altera/13.0sp1/nios2eds/bin/gnu/h-i686-mingw32/bin/../lib/gcc/nios2-elf/4.1.2/../../../../nios2-elf/lib/mno-hw-mul\libsmallc.a(lib_a-vfprintf.o)
 .debug_ranges  0x00000160       0x18 c:/altera/13.0sp1/nios2eds/bin/gnu/h-i686-mingw32/bin/../lib/gcc/nios2-elf/4.1.2/../../../../nios2-elf/lib/mno-hw-mul\libsmallc.a(lib_a-__call_atexit.o)
